[0.080s] DEBUG:colcon:Command line arguments: ['/usr/bin/colcon', 'build', '--packages-select', 'mapf_ros', '--symlink-install']
[0.080s] DEBUG:colcon:Parsed command line arguments: Namespace(log_base=None, log_level=None, verb_name='build', build_base='build', install_base='install', merge_install=False, symlink_install=True, test_result_base=None, continue_on_error=False, executor='parallel', parallel_workers=16, event_handlers=None, ignore_user_meta=False, metas=['./colcon.meta'], base_paths=['.'], packages_ignore=None, packages_ignore_regex=None, paths=None, packages_up_to=None, packages_up_to_regex=None, packages_above=None, packages_above_and_dependencies=None, packages_above_depth=None, packages_select_by_dep=None, packages_skip_by_dep=None, packages_skip_up_to=None, packages_select_build_failed=False, packages_skip_build_finished=False, packages_select_test_failures=False, packages_skip_test_passed=False, packages_select=['mapf_ros'], packages_skip=None, packages_select_regex=None, packages_skip_regex=None, packages_start=None, packages_end=None, allow_overriding=[], cmake_args=None, cmake_target=None, cmake_target_skip_unavailable=False, cmake_clean_cache=False, cmake_clean_first=False, cmake_force_configure=False, ament_cmake_args=None, catkin_cmake_args=None, catkin_skip_building_tests=False, mixin_files=None, mixin=None, verb_parser=<colcon_mixin.mixin.mixin_argument.MixinArgumentDecorator object at 0x791313a736d0>, verb_extension=<colcon_core.verb.build.BuildVerb object at 0x791313bc0490>, main=<bound method BuildVerb.main of <colcon_core.verb.build.BuildVerb object at 0x791313bc0490>>, mixin_verb=('build',))
[0.216s] Level 1:colcon.colcon_core.package_discovery:discover_packages(colcon_meta) check parameters
[0.216s] Level 1:colcon.colcon_core.package_discovery:discover_packages(recursive) check parameters
[0.216s] Level 1:colcon.colcon_core.package_discovery:discover_packages(ignore) check parameters
[0.217s] Level 1:colcon.colcon_core.package_discovery:discover_packages(path) check parameters
[0.217s] Level 1:colcon.colcon_core.package_discovery:discover_packages(colcon_meta) discover
[0.217s] Level 1:colcon.colcon_core.package_discovery:discover_packages(recursive) discover
[0.217s] INFO:colcon.colcon_core.package_discovery:Crawling recursively for packages in '/home/wei/ros2_map'
[0.217s] Level 1:colcon.colcon_core.package_identification:_identify(.) by extensions ['ignore', 'ignore_ament_install']
[0.217s] Level 1:colcon.colcon_core.package_identification:_identify(.) by extension 'ignore'
[0.217s] Level 1:colcon.colcon_core.package_identification:_identify(.) by extension 'ignore_ament_install'
[0.217s] Level 1:colcon.colcon_core.package_identification:_identify(.) by extensions ['colcon_pkg']
[0.217s] Level 1:colcon.colcon_core.package_identification:_identify(.) by extension 'colcon_pkg'
[0.217s] Level 1:colcon.colcon_core.package_identification:_identify(.) by extensions ['colcon_meta']
[0.217s] Level 1:colcon.colcon_core.package_identification:_identify(.) by extension 'colcon_meta'
[0.217s] Level 1:colcon.colcon_core.package_identification:_identify(.) by extensions ['ros']
[0.217s] Level 1:colcon.colcon_core.package_identification:_identify(.) by extension 'ros'
[0.226s] Level 1:colcon.colcon_core.package_identification:_identify(.) by extensions ['cmake', 'python']
[0.226s] Level 1:colcon.colcon_core.package_identification:_identify(.) by extension 'cmake'
[0.226s] Level 1:colcon.colcon_core.package_identification:_identify(.) by extension 'python'
[0.226s] Level 1:colcon.colcon_core.package_identification:_identify(.) by extensions ['python_setup_py']
[0.226s] Level 1:colcon.colcon_core.package_identification:_identify(.) by extension 'python_setup_py'
[0.226s] Level 1:colcon.colcon_core.package_identification:_identify(build) by extensions ['ignore', 'ignore_ament_install']
[0.227s] Level 1:colcon.colcon_core.package_identification:_identify(build) by extension 'ignore'
[0.227s] Level 1:colcon.colcon_core.package_identification:_identify(build) ignored
[0.227s] Level 1:colcon.colcon_core.package_identification:_identify(install) by extensions ['ignore', 'ignore_ament_install']
[0.227s] Level 1:colcon.colcon_core.package_identification:_identify(install) by extension 'ignore'
[0.227s] Level 1:colcon.colcon_core.package_identification:_identify(install) ignored
[0.227s] Level 1:colcon.colcon_core.package_identification:_identify(log) by extensions ['ignore', 'ignore_ament_install']
[0.227s] Level 1:colcon.colcon_core.package_identification:_identify(log) by extension 'ignore'
[0.227s] Level 1:colcon.colcon_core.package_identification:_identify(log) ignored
[0.227s] Level 1:colcon.colcon_core.package_identification:_identify(mapf_ros) by extensions ['ignore', 'ignore_ament_install']
[0.227s] Level 1:colcon.colcon_core.package_identification:_identify(mapf_ros) by extension 'ignore'
[0.227s] Level 1:colcon.colcon_core.package_identification:_identify(mapf_ros) by extension 'ignore_ament_install'
[0.227s] Level 1:colcon.colcon_core.package_identification:_identify(mapf_ros) by extensions ['colcon_pkg']
[0.227s] Level 1:colcon.colcon_core.package_identification:_identify(mapf_ros) by extension 'colcon_pkg'
[0.227s] Level 1:colcon.colcon_core.package_identification:_identify(mapf_ros) by extensions ['colcon_meta']
[0.227s] Level 1:colcon.colcon_core.package_identification:_identify(mapf_ros) by extension 'colcon_meta'
[0.227s] Level 1:colcon.colcon_core.package_identification:_identify(mapf_ros) by extensions ['ros']
[0.227s] Level 1:colcon.colcon_core.package_identification:_identify(mapf_ros) by extension 'ros'
[0.227s] Level 1:colcon.colcon_core.package_identification:_identify(mapf_ros) by extensions ['cmake', 'python']
[0.227s] Level 1:colcon.colcon_core.package_identification:_identify(mapf_ros) by extension 'cmake'
[0.227s] Level 1:colcon.colcon_core.package_identification:_identify(mapf_ros) by extension 'python'
[0.227s] Level 1:colcon.colcon_core.package_identification:_identify(mapf_ros) by extensions ['python_setup_py']
[0.227s] Level 1:colcon.colcon_core.package_identification:_identify(mapf_ros) by extension 'python_setup_py'
[0.227s] Level 1:colcon.colcon_core.package_identification:_identify(mapf_ros/doc) by extensions ['ignore', 'ignore_ament_install']
[0.227s] Level 1:colcon.colcon_core.package_identification:_identify(mapf_ros/doc) by extension 'ignore'
[0.227s] Level 1:colcon.colcon_core.package_identification:_identify(mapf_ros/doc) by extension 'ignore_ament_install'
[0.228s] Level 1:colcon.colcon_core.package_identification:_identify(mapf_ros/doc) by extensions ['colcon_pkg']
[0.228s] Level 1:colcon.colcon_core.package_identification:_identify(mapf_ros/doc) by extension 'colcon_pkg'
[0.228s] Level 1:colcon.colcon_core.package_identification:_identify(mapf_ros/doc) by extensions ['colcon_meta']
[0.228s] Level 1:colcon.colcon_core.package_identification:_identify(mapf_ros/doc) by extension 'colcon_meta'
[0.228s] Level 1:colcon.colcon_core.package_identification:_identify(mapf_ros/doc) by extensions ['ros']
[0.228s] Level 1:colcon.colcon_core.package_identification:_identify(mapf_ros/doc) by extension 'ros'
[0.228s] Level 1:colcon.colcon_core.package_identification:_identify(mapf_ros/doc) by extensions ['cmake', 'python']
[0.228s] Level 1:colcon.colcon_core.package_identification:_identify(mapf_ros/doc) by extension 'cmake'
[0.228s] Level 1:colcon.colcon_core.package_identification:_identify(mapf_ros/doc) by extension 'python'
[0.228s] Level 1:colcon.colcon_core.package_identification:_identify(mapf_ros/doc) by extensions ['python_setup_py']
[0.228s] Level 1:colcon.colcon_core.package_identification:_identify(mapf_ros/doc) by extension 'python_setup_py'
[0.228s] Level 1:colcon.colcon_core.package_identification:_identify(mapf_ros/mapf_base) by extensions ['ignore', 'ignore_ament_install']
[0.228s] Level 1:colcon.colcon_core.package_identification:_identify(mapf_ros/mapf_base) by extension 'ignore'
[0.228s] Level 1:colcon.colcon_core.package_identification:_identify(mapf_ros/mapf_base) by extension 'ignore_ament_install'
[0.228s] Level 1:colcon.colcon_core.package_identification:_identify(mapf_ros/mapf_base) by extensions ['colcon_pkg']
[0.228s] Level 1:colcon.colcon_core.package_identification:_identify(mapf_ros/mapf_base) by extension 'colcon_pkg'
[0.228s] Level 1:colcon.colcon_core.package_identification:_identify(mapf_ros/mapf_base) by extensions ['colcon_meta']
[0.228s] Level 1:colcon.colcon_core.package_identification:_identify(mapf_ros/mapf_base) by extension 'colcon_meta'
[0.228s] Level 1:colcon.colcon_core.package_identification:_identify(mapf_ros/mapf_base) by extensions ['ros']
[0.228s] Level 1:colcon.colcon_core.package_identification:_identify(mapf_ros/mapf_base) by extension 'ros'
[0.236s] DEBUG:colcon.colcon_core.package_identification:Package 'mapf_ros/mapf_base' with type 'ros.ament_cmake' and name 'mapf_base'
[0.236s] Level 1:colcon.colcon_core.package_identification:_identify(mapf_ros/mapf_msgs) by extensions ['ignore', 'ignore_ament_install']
[0.236s] Level 1:colcon.colcon_core.package_identification:_identify(mapf_ros/mapf_msgs) by extension 'ignore'
[0.236s] Level 1:colcon.colcon_core.package_identification:_identify(mapf_ros/mapf_msgs) by extension 'ignore_ament_install'
[0.236s] Level 1:colcon.colcon_core.package_identification:_identify(mapf_ros/mapf_msgs) by extensions ['colcon_pkg']
[0.236s] Level 1:colcon.colcon_core.package_identification:_identify(mapf_ros/mapf_msgs) by extension 'colcon_pkg'
[0.236s] Level 1:colcon.colcon_core.package_identification:_identify(mapf_ros/mapf_msgs) by extensions ['colcon_meta']
[0.236s] Level 1:colcon.colcon_core.package_identification:_identify(mapf_ros/mapf_msgs) by extension 'colcon_meta'
[0.236s] Level 1:colcon.colcon_core.package_identification:_identify(mapf_ros/mapf_msgs) by extensions ['ros']
[0.236s] Level 1:colcon.colcon_core.package_identification:_identify(mapf_ros/mapf_msgs) by extension 'ros'
[0.237s] DEBUG:colcon.colcon_core.package_identification:Package 'mapf_ros/mapf_msgs' with type 'ros.ament_cmake' and name 'mapf_msgs'
[0.237s] Level 1:colcon.colcon_core.package_identification:_identify(mapf_ros/mapf_ros) by extensions ['ignore', 'ignore_ament_install']
[0.237s] Level 1:colcon.colcon_core.package_identification:_identify(mapf_ros/mapf_ros) by extension 'ignore'
[0.237s] Level 1:colcon.colcon_core.package_identification:_identify(mapf_ros/mapf_ros) by extension 'ignore_ament_install'
[0.237s] Level 1:colcon.colcon_core.package_identification:_identify(mapf_ros/mapf_ros) by extensions ['colcon_pkg']
[0.237s] Level 1:colcon.colcon_core.package_identification:_identify(mapf_ros/mapf_ros) by extension 'colcon_pkg'
[0.237s] Level 1:colcon.colcon_core.package_identification:_identify(mapf_ros/mapf_ros) by extensions ['colcon_meta']
[0.237s] Level 1:colcon.colcon_core.package_identification:_identify(mapf_ros/mapf_ros) by extension 'colcon_meta'
[0.237s] Level 1:colcon.colcon_core.package_identification:_identify(mapf_ros/mapf_ros) by extensions ['ros']
[0.237s] Level 1:colcon.colcon_core.package_identification:_identify(mapf_ros/mapf_ros) by extension 'ros'
[0.238s] DEBUG:colcon.colcon_core.package_identification:Package 'mapf_ros/mapf_ros' with type 'ros.ament_cmake' and name 'mapf_ros'
[0.238s] Level 1:colcon.colcon_core.package_discovery:discover_packages(recursive) using defaults
[0.238s] Level 1:colcon.colcon_core.package_discovery:discover_packages(ignore) discover
[0.238s] Level 1:colcon.colcon_core.package_discovery:discover_packages(ignore) using defaults
[0.238s] Level 1:colcon.colcon_core.package_discovery:discover_packages(path) discover
[0.238s] Level 1:colcon.colcon_core.package_discovery:discover_packages(path) using defaults
[0.252s] INFO:colcon.colcon_core.package_selection:Skipping not selected package 'mapf_msgs' in 'mapf_ros/mapf_msgs'
[0.252s] INFO:colcon.colcon_core.package_selection:Skipping not selected package 'mapf_base' in 'mapf_ros/mapf_base'
[0.252s] Level 1:colcon.colcon_core.package_discovery:discover_packages(prefix_path) check parameters
[0.252s] Level 1:colcon.colcon_core.package_discovery:discover_packages(prefix_path) discover
[0.254s] DEBUG:colcon.colcon_installed_package_information.package_discovery:Found 2 installed packages in /home/wei/Documents/ros2_ws/install
[0.254s] DEBUG:colcon.colcon_installed_package_information.package_discovery:Found 0 installed packages in /home/wei/ros2_ws/install
[0.255s] DEBUG:colcon.colcon_installed_package_information.package_discovery:Found 426 installed packages in /opt/ros/humble
[0.257s] Level 1:colcon.colcon_core.package_discovery:discover_packages(prefix_path) using defaults
[0.292s] Level 5:colcon.colcon_core.verb:set package 'mapf_ros' build argument 'cmake_args' from command line to 'None'
[0.292s] Level 5:colcon.colcon_core.verb:set package 'mapf_ros' build argument 'cmake_target' from command line to 'None'
[0.292s] Level 5:colcon.colcon_core.verb:set package 'mapf_ros' build argument 'cmake_target_skip_unavailable' from command line to 'False'
[0.292s] Level 5:colcon.colcon_core.verb:set package 'mapf_ros' build argument 'cmake_clean_cache' from command line to 'False'
[0.292s] Level 5:colcon.colcon_core.verb:set package 'mapf_ros' build argument 'cmake_clean_first' from command line to 'False'
[0.292s] Level 5:colcon.colcon_core.verb:set package 'mapf_ros' build argument 'cmake_force_configure' from command line to 'False'
[0.292s] Level 5:colcon.colcon_core.verb:set package 'mapf_ros' build argument 'ament_cmake_args' from command line to 'None'
[0.292s] Level 5:colcon.colcon_core.verb:set package 'mapf_ros' build argument 'catkin_cmake_args' from command line to 'None'
[0.292s] Level 5:colcon.colcon_core.verb:set package 'mapf_ros' build argument 'catkin_skip_building_tests' from command line to 'False'
[0.292s] DEBUG:colcon.colcon_core.verb:Building package 'mapf_ros' with the following arguments: {'ament_cmake_args': None, 'build_base': '/home/wei/ros2_map/build/mapf_ros', 'catkin_cmake_args': None, 'catkin_skip_building_tests': False, 'cmake_args': None, 'cmake_clean_cache': False, 'cmake_clean_first': False, 'cmake_force_configure': False, 'cmake_target': None, 'cmake_target_skip_unavailable': False, 'install_base': '/home/wei/ros2_map/install/mapf_ros', 'merge_install': False, 'path': '/home/wei/ros2_map/mapf_ros/mapf_ros', 'symlink_install': True, 'test_result_base': None}
[0.292s] INFO:colcon.colcon_core.executor:Executing jobs using 'parallel' executor
[0.293s] DEBUG:colcon.colcon_parallel_executor.executor.parallel:run_until_complete
[0.293s] INFO:colcon.colcon_ros.task.ament_cmake.build:Building ROS package in '/home/wei/ros2_map/mapf_ros/mapf_ros' with build type 'ament_cmake'
[0.293s] INFO:colcon.colcon_cmake.task.cmake.build:Building CMake package in '/home/wei/ros2_map/mapf_ros/mapf_ros'
[0.295s] INFO:colcon.colcon_core.plugin_system:Skipping extension 'colcon_core.shell.bat': Not used on non-Windows systems
[0.295s] INFO:colcon.colcon_core.shell:Skip shell extension 'powershell' for command environment: Not usable outside of PowerShell
[0.295s] DEBUG:colcon.colcon_core.shell:Skip shell extension 'dsv' for command environment
[0.304s] DEBUG:colcon.colcon_core.event_handler.log_command:Invoking command in '/home/wei/ros2_map/build/mapf_ros': AMENT_PREFIX_PATH=/home/wei/ros2_map/install/mapf_msgs:${AMENT_PREFIX_PATH} CMAKE_PREFIX_PATH=/home/wei/ros2_map/install/mapf_msgs:/home/wei/Documents/ros2_ws/install/rover_description:/home/wei/Documents/ros2_ws/install/my_first_pkg:/opt/ros/humble LD_LIBRARY_PATH=/home/wei/ros2_map/install/mapf_msgs/lib:/usr/local/cuda-12.1/lib64:/usr/local/cuda-11.7/lib64:/usr/local/cuda-12.1/lib64:/usr/lib/x86_64-linux-gnu/gazebo-11/plugins:/opt/ros/humble/opt/rviz_ogre_vendor/lib:/opt/ros/humble/lib/x86_64-linux-gnu:/opt/ros/humble/lib:/usr/local/cuda-11.7/lib64 PYTHONPATH=/home/wei/ros2_map/install/mapf_msgs/local/lib/python3.10/dist-packages:${PYTHONPATH} /usr/bin/cmake --build /home/wei/ros2_map/build/mapf_ros -- -j16 -l16
[1.074s] DEBUG:colcon.colcon_core.event_handler.log_command:Invoked command in '/home/wei/ros2_map/build/mapf_ros' returned '0': AMENT_PREFIX_PATH=/home/wei/ros2_map/install/mapf_msgs:${AMENT_PREFIX_PATH} CMAKE_PREFIX_PATH=/home/wei/ros2_map/install/mapf_msgs:/home/wei/Documents/ros2_ws/install/rover_description:/home/wei/Documents/ros2_ws/install/my_first_pkg:/opt/ros/humble LD_LIBRARY_PATH=/home/wei/ros2_map/install/mapf_msgs/lib:/usr/local/cuda-12.1/lib64:/usr/local/cuda-11.7/lib64:/usr/local/cuda-12.1/lib64:/usr/lib/x86_64-linux-gnu/gazebo-11/plugins:/opt/ros/humble/opt/rviz_ogre_vendor/lib:/opt/ros/humble/lib/x86_64-linux-gnu:/opt/ros/humble/lib:/usr/local/cuda-11.7/lib64 PYTHONPATH=/home/wei/ros2_map/install/mapf_msgs/local/lib/python3.10/dist-packages:${PYTHONPATH} /usr/bin/cmake --build /home/wei/ros2_map/build/mapf_ros -- -j16 -l16
[1.081s] DEBUG:colcon.colcon_core.event_handler.log_command:Invoking command in '/home/wei/ros2_map/build/mapf_ros': AMENT_PREFIX_PATH=/home/wei/ros2_map/install/mapf_msgs:${AMENT_PREFIX_PATH} CMAKE_PREFIX_PATH=/home/wei/ros2_map/install/mapf_msgs:/home/wei/Documents/ros2_ws/install/rover_description:/home/wei/Documents/ros2_ws/install/my_first_pkg:/opt/ros/humble LD_LIBRARY_PATH=/home/wei/ros2_map/install/mapf_msgs/lib:/usr/local/cuda-12.1/lib64:/usr/local/cuda-11.7/lib64:/usr/local/cuda-12.1/lib64:/usr/lib/x86_64-linux-gnu/gazebo-11/plugins:/opt/ros/humble/opt/rviz_ogre_vendor/lib:/opt/ros/humble/lib/x86_64-linux-gnu:/opt/ros/humble/lib:/usr/local/cuda-11.7/lib64 PYTHONPATH=/home/wei/ros2_map/install/mapf_msgs/local/lib/python3.10/dist-packages:${PYTHONPATH} /usr/bin/cmake --install /home/wei/ros2_map/build/mapf_ros
[1.097s] Level 1:colcon.colcon_core.environment:create_environment_scripts_only(mapf_ros)
[1.097s] DEBUG:colcon.colcon_core.event_handler.log_command:Invoked command in '/home/wei/ros2_map/build/mapf_ros' returned '0': AMENT_PREFIX_PATH=/home/wei/ros2_map/install/mapf_msgs:${AMENT_PREFIX_PATH} CMAKE_PREFIX_PATH=/home/wei/ros2_map/install/mapf_msgs:/home/wei/Documents/ros2_ws/install/rover_description:/home/wei/Documents/ros2_ws/install/my_first_pkg:/opt/ros/humble LD_LIBRARY_PATH=/home/wei/ros2_map/install/mapf_msgs/lib:/usr/local/cuda-12.1/lib64:/usr/local/cuda-11.7/lib64:/usr/local/cuda-12.1/lib64:/usr/lib/x86_64-linux-gnu/gazebo-11/plugins:/opt/ros/humble/opt/rviz_ogre_vendor/lib:/opt/ros/humble/lib/x86_64-linux-gnu:/opt/ros/humble/lib:/usr/local/cuda-11.7/lib64 PYTHONPATH=/home/wei/ros2_map/install/mapf_msgs/local/lib/python3.10/dist-packages:${PYTHONPATH} /usr/bin/cmake --install /home/wei/ros2_map/build/mapf_ros
[1.099s] Level 1:colcon.colcon_core.environment:checking '/home/wei/ros2_map/install/mapf_ros' for CMake module files
[1.099s] Level 1:colcon.colcon_core.environment:checking '/home/wei/ros2_map/install/mapf_ros' for CMake config files
[1.100s] Level 1:colcon.colcon_core.shell:create_environment_hook('mapf_ros', 'cmake_prefix_path')
[1.100s] INFO:colcon.colcon_core.shell:Creating environment hook '/home/wei/ros2_map/install/mapf_ros/share/mapf_ros/hook/cmake_prefix_path.ps1'
[1.101s] INFO:colcon.colcon_core.shell:Creating environment descriptor '/home/wei/ros2_map/install/mapf_ros/share/mapf_ros/hook/cmake_prefix_path.dsv'
[1.101s] INFO:colcon.colcon_core.shell:Creating environment hook '/home/wei/ros2_map/install/mapf_ros/share/mapf_ros/hook/cmake_prefix_path.sh'
[1.101s] Level 1:colcon.colcon_core.environment:checking '/home/wei/ros2_map/install/mapf_ros/lib'
[1.102s] Level 1:colcon.colcon_core.shell:create_environment_hook('mapf_ros', 'ld_library_path_lib')
[1.102s] INFO:colcon.colcon_core.shell:Creating environment hook '/home/wei/ros2_map/install/mapf_ros/share/mapf_ros/hook/ld_library_path_lib.ps1'
[1.102s] INFO:colcon.colcon_core.shell:Creating environment descriptor '/home/wei/ros2_map/install/mapf_ros/share/mapf_ros/hook/ld_library_path_lib.dsv'
[1.102s] INFO:colcon.colcon_core.shell:Creating environment hook '/home/wei/ros2_map/install/mapf_ros/share/mapf_ros/hook/ld_library_path_lib.sh'
[1.103s] Level 1:colcon.colcon_core.environment:checking '/home/wei/ros2_map/install/mapf_ros/bin'
[1.103s] Level 1:colcon.colcon_core.environment:checking '/home/wei/ros2_map/install/mapf_ros/lib/pkgconfig/mapf_ros.pc'
[1.103s] Level 1:colcon.colcon_core.environment:checking '/home/wei/ros2_map/install/mapf_ros/lib/python3.10/site-packages'
[1.103s] Level 1:colcon.colcon_core.environment:checking '/home/wei/ros2_map/install/mapf_ros/bin'
[1.103s] INFO:colcon.colcon_core.shell:Creating package script '/home/wei/ros2_map/install/mapf_ros/share/mapf_ros/package.ps1'
[1.104s] INFO:colcon.colcon_core.shell:Creating package descriptor '/home/wei/ros2_map/install/mapf_ros/share/mapf_ros/package.dsv'
[1.104s] INFO:colcon.colcon_core.shell:Creating package script '/home/wei/ros2_map/install/mapf_ros/share/mapf_ros/package.sh'
[1.105s] INFO:colcon.colcon_core.shell:Creating package script '/home/wei/ros2_map/install/mapf_ros/share/mapf_ros/package.bash'
[1.106s] INFO:colcon.colcon_core.shell:Creating package script '/home/wei/ros2_map/install/mapf_ros/share/mapf_ros/package.zsh'
[1.106s] Level 1:colcon.colcon_core.environment:create_file_with_runtime_dependencies(/home/wei/ros2_map/install/mapf_ros/share/colcon-core/packages/mapf_ros)
[1.107s] Level 1:colcon.colcon_core.environment:create_environment_scripts_only(mapf_ros)
[1.107s] Level 1:colcon.colcon_core.environment:checking '/home/wei/ros2_map/install/mapf_ros' for CMake module files
[1.108s] Level 1:colcon.colcon_core.environment:checking '/home/wei/ros2_map/install/mapf_ros' for CMake config files
[1.108s] Level 1:colcon.colcon_core.shell:create_environment_hook('mapf_ros', 'cmake_prefix_path')
[1.108s] INFO:colcon.colcon_core.shell:Creating environment hook '/home/wei/ros2_map/install/mapf_ros/share/mapf_ros/hook/cmake_prefix_path.ps1'
[1.108s] INFO:colcon.colcon_core.shell:Creating environment descriptor '/home/wei/ros2_map/install/mapf_ros/share/mapf_ros/hook/cmake_prefix_path.dsv'
[1.109s] INFO:colcon.colcon_core.shell:Creating environment hook '/home/wei/ros2_map/install/mapf_ros/share/mapf_ros/hook/cmake_prefix_path.sh'
[1.109s] Level 1:colcon.colcon_core.environment:checking '/home/wei/ros2_map/install/mapf_ros/lib'
[1.109s] Level 1:colcon.colcon_core.shell:create_environment_hook('mapf_ros', 'ld_library_path_lib')
[1.109s] INFO:colcon.colcon_core.shell:Creating environment hook '/home/wei/ros2_map/install/mapf_ros/share/mapf_ros/hook/ld_library_path_lib.ps1'
[1.109s] INFO:colcon.colcon_core.shell:Creating environment descriptor '/home/wei/ros2_map/install/mapf_ros/share/mapf_ros/hook/ld_library_path_lib.dsv'
[1.110s] INFO:colcon.colcon_core.shell:Creating environment hook '/home/wei/ros2_map/install/mapf_ros/share/mapf_ros/hook/ld_library_path_lib.sh'
[1.110s] Level 1:colcon.colcon_core.environment:checking '/home/wei/ros2_map/install/mapf_ros/bin'
[1.110s] Level 1:colcon.colcon_core.environment:checking '/home/wei/ros2_map/install/mapf_ros/lib/pkgconfig/mapf_ros.pc'
[1.110s] Level 1:colcon.colcon_core.environment:checking '/home/wei/ros2_map/install/mapf_ros/lib/python3.10/site-packages'
[1.110s] Level 1:colcon.colcon_core.environment:checking '/home/wei/ros2_map/install/mapf_ros/bin'
[1.111s] INFO:colcon.colcon_core.shell:Creating package script '/home/wei/ros2_map/install/mapf_ros/share/mapf_ros/package.ps1'
[1.111s] INFO:colcon.colcon_core.shell:Creating package descriptor '/home/wei/ros2_map/install/mapf_ros/share/mapf_ros/package.dsv'
[1.111s] INFO:colcon.colcon_core.shell:Creating package script '/home/wei/ros2_map/install/mapf_ros/share/mapf_ros/package.sh'
[1.112s] INFO:colcon.colcon_core.shell:Creating package script '/home/wei/ros2_map/install/mapf_ros/share/mapf_ros/package.bash'
[1.112s] INFO:colcon.colcon_core.shell:Creating package script '/home/wei/ros2_map/install/mapf_ros/share/mapf_ros/package.zsh'
[1.112s] Level 1:colcon.colcon_core.environment:create_file_with_runtime_dependencies(/home/wei/ros2_map/install/mapf_ros/share/colcon-core/packages/mapf_ros)
[1.112s] DEBUG:colcon.colcon_parallel_executor.executor.parallel:closing loop
[1.112s] DEBUG:colcon.colcon_parallel_executor.executor.parallel:loop closed
[1.113s] DEBUG:colcon.colcon_parallel_executor.executor.parallel:run_until_complete finished with '0'
[1.113s] DEBUG:colcon.colcon_core.event_reactor:joining thread
[1.116s] INFO:colcon.colcon_core.plugin_system:Skipping extension 'colcon_notification.desktop_notification.terminal_notifier': Not used on non-Darwin systems
[1.116s] INFO:colcon.colcon_core.plugin_system:Skipping extension 'colcon_notification.desktop_notification.win32': Not used on non-Windows systems
[1.116s] INFO:colcon.colcon_notification.desktop_notification:Sending desktop notification using 'notify2'
[1.120s] DEBUG:colcon.colcon_core.event_reactor:joined thread
[1.121s] INFO:colcon.colcon_core.shell:Creating prefix script '/home/wei/ros2_map/install/local_setup.ps1'
[1.121s] INFO:colcon.colcon_core.shell:Creating prefix util module '/home/wei/ros2_map/install/_local_setup_util_ps1.py'
[1.122s] INFO:colcon.colcon_core.shell:Creating prefix chain script '/home/wei/ros2_map/install/setup.ps1'
[1.123s] INFO:colcon.colcon_core.shell:Creating prefix script '/home/wei/ros2_map/install/local_setup.sh'
[1.123s] INFO:colcon.colcon_core.shell:Creating prefix util module '/home/wei/ros2_map/install/_local_setup_util_sh.py'
[1.123s] INFO:colcon.colcon_core.shell:Creating prefix chain script '/home/wei/ros2_map/install/setup.sh'
[1.124s] INFO:colcon.colcon_core.shell:Creating prefix script '/home/wei/ros2_map/install/local_setup.bash'
[1.124s] INFO:colcon.colcon_core.shell:Creating prefix chain script '/home/wei/ros2_map/install/setup.bash'
[1.125s] INFO:colcon.colcon_core.shell:Creating prefix script '/home/wei/ros2_map/install/local_setup.zsh'
[1.125s] INFO:colcon.colcon_core.shell:Creating prefix chain script '/home/wei/ros2_map/install/setup.zsh'
