[0.071s] DEBUG:colcon:Command line arguments: ['/usr/bin/colcon', 'build', '--symlink-install']
[0.071s] DEBUG:colcon:Parsed command line arguments: Namespace(log_base=None, log_level=None, verb_name='build', build_base='build', install_base='install', merge_install=False, symlink_install=True, test_result_base=None, continue_on_error=False, executor='parallel', parallel_workers=16, event_handlers=None, ignore_user_meta=False, metas=['./colcon.meta'], base_paths=['.'], packages_ignore=None, packages_ignore_regex=None, paths=None, packages_up_to=None, packages_up_to_regex=None, packages_above=None, packages_above_and_dependencies=None, packages_above_depth=None, packages_select_by_dep=None, packages_skip_by_dep=None, packages_skip_up_to=None, packages_select_build_failed=False, packages_skip_build_finished=False, packages_select_test_failures=False, packages_skip_test_passed=False, packages_select=None, packages_skip=None, packages_select_regex=None, packages_skip_regex=None, packages_start=None, packages_end=None, allow_overriding=[], cmake_args=None, cmake_target=None, cmake_target_skip_unavailable=False, cmake_clean_cache=False, cmake_clean_first=False, cmake_force_configure=False, ament_cmake_args=None, catkin_cmake_args=None, catkin_skip_building_tests=False, mixin_files=None, mixin=None, verb_parser=<colcon_mixin.mixin.mixin_argument.MixinArgumentDecorator object at 0x747706f67310>, verb_extension=<colcon_core.verb.build.BuildVerb object at 0x7477070b0280>, main=<bound method BuildVerb.main of <colcon_core.verb.build.BuildVerb object at 0x7477070b0280>>, mixin_verb=('build',))
[0.195s] Level 1:colcon.colcon_core.package_discovery:discover_packages(colcon_meta) check parameters
[0.195s] Level 1:colcon.colcon_core.package_discovery:discover_packages(recursive) check parameters
[0.195s] Level 1:colcon.colcon_core.package_discovery:discover_packages(ignore) check parameters
[0.195s] Level 1:colcon.colcon_core.package_discovery:discover_packages(path) check parameters
[0.195s] Level 1:colcon.colcon_core.package_discovery:discover_packages(colcon_meta) discover
[0.195s] Level 1:colcon.colcon_core.package_discovery:discover_packages(recursive) discover
[0.195s] INFO:colcon.colcon_core.package_discovery:Crawling recursively for packages in '/home/wei/ros2_map'
[0.195s] Level 1:colcon.colcon_core.package_identification:_identify(.) by extensions ['ignore', 'ignore_ament_install']
[0.195s] Level 1:colcon.colcon_core.package_identification:_identify(.) by extension 'ignore'
[0.195s] Level 1:colcon.colcon_core.package_identification:_identify(.) by extension 'ignore_ament_install'
[0.195s] Level 1:colcon.colcon_core.package_identification:_identify(.) by extensions ['colcon_pkg']
[0.195s] Level 1:colcon.colcon_core.package_identification:_identify(.) by extension 'colcon_pkg'
[0.195s] Level 1:colcon.colcon_core.package_identification:_identify(.) by extensions ['colcon_meta']
[0.195s] Level 1:colcon.colcon_core.package_identification:_identify(.) by extension 'colcon_meta'
[0.195s] Level 1:colcon.colcon_core.package_identification:_identify(.) by extensions ['ros']
[0.195s] Level 1:colcon.colcon_core.package_identification:_identify(.) by extension 'ros'
[0.202s] Level 1:colcon.colcon_core.package_identification:_identify(.) by extensions ['cmake', 'python']
[0.202s] Level 1:colcon.colcon_core.package_identification:_identify(.) by extension 'cmake'
[0.202s] Level 1:colcon.colcon_core.package_identification:_identify(.) by extension 'python'
[0.202s] Level 1:colcon.colcon_core.package_identification:_identify(.) by extensions ['python_setup_py']
[0.203s] Level 1:colcon.colcon_core.package_identification:_identify(.) by extension 'python_setup_py'
[0.203s] Level 1:colcon.colcon_core.package_identification:_identify(build) by extensions ['ignore', 'ignore_ament_install']
[0.203s] Level 1:colcon.colcon_core.package_identification:_identify(build) by extension 'ignore'
[0.203s] Level 1:colcon.colcon_core.package_identification:_identify(build) ignored
[0.203s] Level 1:colcon.colcon_core.package_identification:_identify(install) by extensions ['ignore', 'ignore_ament_install']
[0.203s] Level 1:colcon.colcon_core.package_identification:_identify(install) by extension 'ignore'
[0.203s] Level 1:colcon.colcon_core.package_identification:_identify(install) ignored
[0.203s] Level 1:colcon.colcon_core.package_identification:_identify(log) by extensions ['ignore', 'ignore_ament_install']
[0.203s] Level 1:colcon.colcon_core.package_identification:_identify(log) by extension 'ignore'
[0.203s] Level 1:colcon.colcon_core.package_identification:_identify(log) ignored
[0.203s] Level 1:colcon.colcon_core.package_identification:_identify(mapf_ros) by extensions ['ignore', 'ignore_ament_install']
[0.203s] Level 1:colcon.colcon_core.package_identification:_identify(mapf_ros) by extension 'ignore'
[0.203s] Level 1:colcon.colcon_core.package_identification:_identify(mapf_ros) by extension 'ignore_ament_install'
[0.203s] Level 1:colcon.colcon_core.package_identification:_identify(mapf_ros) by extensions ['colcon_pkg']
[0.203s] Level 1:colcon.colcon_core.package_identification:_identify(mapf_ros) by extension 'colcon_pkg'
[0.203s] Level 1:colcon.colcon_core.package_identification:_identify(mapf_ros) by extensions ['colcon_meta']
[0.203s] Level 1:colcon.colcon_core.package_identification:_identify(mapf_ros) by extension 'colcon_meta'
[0.203s] Level 1:colcon.colcon_core.package_identification:_identify(mapf_ros) by extensions ['ros']
[0.203s] Level 1:colcon.colcon_core.package_identification:_identify(mapf_ros) by extension 'ros'
[0.203s] Level 1:colcon.colcon_core.package_identification:_identify(mapf_ros) by extensions ['cmake', 'python']
[0.203s] Level 1:colcon.colcon_core.package_identification:_identify(mapf_ros) by extension 'cmake'
[0.203s] Level 1:colcon.colcon_core.package_identification:_identify(mapf_ros) by extension 'python'
[0.203s] Level 1:colcon.colcon_core.package_identification:_identify(mapf_ros) by extensions ['python_setup_py']
[0.203s] Level 1:colcon.colcon_core.package_identification:_identify(mapf_ros) by extension 'python_setup_py'
[0.203s] Level 1:colcon.colcon_core.package_identification:_identify(mapf_ros/doc) by extensions ['ignore', 'ignore_ament_install']
[0.204s] Level 1:colcon.colcon_core.package_identification:_identify(mapf_ros/doc) by extension 'ignore'
[0.204s] Level 1:colcon.colcon_core.package_identification:_identify(mapf_ros/doc) by extension 'ignore_ament_install'
[0.204s] Level 1:colcon.colcon_core.package_identification:_identify(mapf_ros/doc) by extensions ['colcon_pkg']
[0.204s] Level 1:colcon.colcon_core.package_identification:_identify(mapf_ros/doc) by extension 'colcon_pkg'
[0.204s] Level 1:colcon.colcon_core.package_identification:_identify(mapf_ros/doc) by extensions ['colcon_meta']
[0.204s] Level 1:colcon.colcon_core.package_identification:_identify(mapf_ros/doc) by extension 'colcon_meta'
[0.204s] Level 1:colcon.colcon_core.package_identification:_identify(mapf_ros/doc) by extensions ['ros']
[0.204s] Level 1:colcon.colcon_core.package_identification:_identify(mapf_ros/doc) by extension 'ros'
[0.204s] Level 1:colcon.colcon_core.package_identification:_identify(mapf_ros/doc) by extensions ['cmake', 'python']
[0.204s] Level 1:colcon.colcon_core.package_identification:_identify(mapf_ros/doc) by extension 'cmake'
[0.204s] Level 1:colcon.colcon_core.package_identification:_identify(mapf_ros/doc) by extension 'python'
[0.204s] Level 1:colcon.colcon_core.package_identification:_identify(mapf_ros/doc) by extensions ['python_setup_py']
[0.204s] Level 1:colcon.colcon_core.package_identification:_identify(mapf_ros/doc) by extension 'python_setup_py'
[0.204s] Level 1:colcon.colcon_core.package_identification:_identify(mapf_ros/mapf_base) by extensions ['ignore', 'ignore_ament_install']
[0.204s] Level 1:colcon.colcon_core.package_identification:_identify(mapf_ros/mapf_base) by extension 'ignore'
[0.204s] Level 1:colcon.colcon_core.package_identification:_identify(mapf_ros/mapf_base) by extension 'ignore_ament_install'
[0.204s] Level 1:colcon.colcon_core.package_identification:_identify(mapf_ros/mapf_base) by extensions ['colcon_pkg']
[0.204s] Level 1:colcon.colcon_core.package_identification:_identify(mapf_ros/mapf_base) by extension 'colcon_pkg'
[0.204s] Level 1:colcon.colcon_core.package_identification:_identify(mapf_ros/mapf_base) by extensions ['colcon_meta']
[0.204s] Level 1:colcon.colcon_core.package_identification:_identify(mapf_ros/mapf_base) by extension 'colcon_meta'
[0.204s] Level 1:colcon.colcon_core.package_identification:_identify(mapf_ros/mapf_base) by extensions ['ros']
[0.204s] Level 1:colcon.colcon_core.package_identification:_identify(mapf_ros/mapf_base) by extension 'ros'
[0.208s] DEBUG:colcon.colcon_core.package_identification:Package 'mapf_ros/mapf_base' with type 'ros.ament_cmake' and name 'mapf_base'
[0.208s] Level 1:colcon.colcon_core.package_identification:_identify(mapf_ros/mapf_msgs) by extensions ['ignore', 'ignore_ament_install']
[0.208s] Level 1:colcon.colcon_core.package_identification:_identify(mapf_ros/mapf_msgs) by extension 'ignore'
[0.208s] Level 1:colcon.colcon_core.package_identification:_identify(mapf_ros/mapf_msgs) by extension 'ignore_ament_install'
[0.208s] Level 1:colcon.colcon_core.package_identification:_identify(mapf_ros/mapf_msgs) by extensions ['colcon_pkg']
[0.209s] Level 1:colcon.colcon_core.package_identification:_identify(mapf_ros/mapf_msgs) by extension 'colcon_pkg'
[0.209s] Level 1:colcon.colcon_core.package_identification:_identify(mapf_ros/mapf_msgs) by extensions ['colcon_meta']
[0.209s] Level 1:colcon.colcon_core.package_identification:_identify(mapf_ros/mapf_msgs) by extension 'colcon_meta'
[0.209s] Level 1:colcon.colcon_core.package_identification:_identify(mapf_ros/mapf_msgs) by extensions ['ros']
[0.209s] Level 1:colcon.colcon_core.package_identification:_identify(mapf_ros/mapf_msgs) by extension 'ros'
[0.209s] DEBUG:colcon.colcon_core.package_identification:Package 'mapf_ros/mapf_msgs' with type 'ros.ament_cmake' and name 'mapf_msgs'
[0.209s] Level 1:colcon.colcon_core.package_identification:_identify(mapf_ros/mapf_ros) by extensions ['ignore', 'ignore_ament_install']
[0.209s] Level 1:colcon.colcon_core.package_identification:_identify(mapf_ros/mapf_ros) by extension 'ignore'
[0.209s] Level 1:colcon.colcon_core.package_identification:_identify(mapf_ros/mapf_ros) by extension 'ignore_ament_install'
[0.209s] Level 1:colcon.colcon_core.package_identification:_identify(mapf_ros/mapf_ros) by extensions ['colcon_pkg']
[0.209s] Level 1:colcon.colcon_core.package_identification:_identify(mapf_ros/mapf_ros) by extension 'colcon_pkg'
[0.209s] Level 1:colcon.colcon_core.package_identification:_identify(mapf_ros/mapf_ros) by extensions ['colcon_meta']
[0.209s] Level 1:colcon.colcon_core.package_identification:_identify(mapf_ros/mapf_ros) by extension 'colcon_meta'
[0.209s] Level 1:colcon.colcon_core.package_identification:_identify(mapf_ros/mapf_ros) by extensions ['ros']
[0.209s] Level 1:colcon.colcon_core.package_identification:_identify(mapf_ros/mapf_ros) by extension 'ros'
[0.211s] DEBUG:colcon.colcon_core.package_identification:Package 'mapf_ros/mapf_ros' with type 'ros.ament_cmake' and name 'mapf_ros'
[0.211s] Level 1:colcon.colcon_core.package_discovery:discover_packages(recursive) using defaults
[0.211s] Level 1:colcon.colcon_core.package_discovery:discover_packages(ignore) discover
[0.211s] Level 1:colcon.colcon_core.package_discovery:discover_packages(ignore) using defaults
[0.211s] Level 1:colcon.colcon_core.package_discovery:discover_packages(path) discover
[0.211s] Level 1:colcon.colcon_core.package_discovery:discover_packages(path) using defaults
[0.233s] Level 1:colcon.colcon_core.package_discovery:discover_packages(prefix_path) check parameters
[0.233s] Level 1:colcon.colcon_core.package_discovery:discover_packages(prefix_path) discover
[0.235s] DEBUG:colcon.colcon_installed_package_information.package_discovery:Found 2 installed packages in /home/wei/Documents/ros2_ws/install
[0.235s] DEBUG:colcon.colcon_installed_package_information.package_discovery:Found 0 installed packages in /home/wei/ros2_ws/install
[0.236s] DEBUG:colcon.colcon_installed_package_information.package_discovery:Found 384 installed packages in /opt/ros/humble
[0.237s] Level 1:colcon.colcon_core.package_discovery:discover_packages(prefix_path) using defaults
[0.268s] Level 5:colcon.colcon_core.verb:set package 'mapf_msgs' build argument 'cmake_args' from command line to 'None'
[0.268s] Level 5:colcon.colcon_core.verb:set package 'mapf_msgs' build argument 'cmake_target' from command line to 'None'
[0.268s] Level 5:colcon.colcon_core.verb:set package 'mapf_msgs' build argument 'cmake_target_skip_unavailable' from command line to 'False'
[0.268s] Level 5:colcon.colcon_core.verb:set package 'mapf_msgs' build argument 'cmake_clean_cache' from command line to 'False'
[0.268s] Level 5:colcon.colcon_core.verb:set package 'mapf_msgs' build argument 'cmake_clean_first' from command line to 'False'
[0.268s] Level 5:colcon.colcon_core.verb:set package 'mapf_msgs' build argument 'cmake_force_configure' from command line to 'False'
[0.268s] Level 5:colcon.colcon_core.verb:set package 'mapf_msgs' build argument 'ament_cmake_args' from command line to 'None'
[0.268s] Level 5:colcon.colcon_core.verb:set package 'mapf_msgs' build argument 'catkin_cmake_args' from command line to 'None'
[0.268s] Level 5:colcon.colcon_core.verb:set package 'mapf_msgs' build argument 'catkin_skip_building_tests' from command line to 'False'
[0.268s] DEBUG:colcon.colcon_core.verb:Building package 'mapf_msgs' with the following arguments: {'ament_cmake_args': None, 'build_base': '/home/wei/ros2_map/build/mapf_msgs', 'catkin_cmake_args': None, 'catkin_skip_building_tests': False, 'cmake_args': None, 'cmake_clean_cache': False, 'cmake_clean_first': False, 'cmake_force_configure': False, 'cmake_target': None, 'cmake_target_skip_unavailable': False, 'install_base': '/home/wei/ros2_map/install/mapf_msgs', 'merge_install': False, 'path': '/home/wei/ros2_map/mapf_ros/mapf_msgs', 'symlink_install': True, 'test_result_base': None}
[0.268s] Level 5:colcon.colcon_core.verb:set package 'mapf_ros' build argument 'cmake_args' from command line to 'None'
[0.268s] Level 5:colcon.colcon_core.verb:set package 'mapf_ros' build argument 'cmake_target' from command line to 'None'
[0.268s] Level 5:colcon.colcon_core.verb:set package 'mapf_ros' build argument 'cmake_target_skip_unavailable' from command line to 'False'
[0.268s] Level 5:colcon.colcon_core.verb:set package 'mapf_ros' build argument 'cmake_clean_cache' from command line to 'False'
[0.268s] Level 5:colcon.colcon_core.verb:set package 'mapf_ros' build argument 'cmake_clean_first' from command line to 'False'
[0.268s] Level 5:colcon.colcon_core.verb:set package 'mapf_ros' build argument 'cmake_force_configure' from command line to 'False'
[0.268s] Level 5:colcon.colcon_core.verb:set package 'mapf_ros' build argument 'ament_cmake_args' from command line to 'None'
[0.268s] Level 5:colcon.colcon_core.verb:set package 'mapf_ros' build argument 'catkin_cmake_args' from command line to 'None'
[0.268s] Level 5:colcon.colcon_core.verb:set package 'mapf_ros' build argument 'catkin_skip_building_tests' from command line to 'False'
[0.268s] DEBUG:colcon.colcon_core.verb:Building package 'mapf_ros' with the following arguments: {'ament_cmake_args': None, 'build_base': '/home/wei/ros2_map/build/mapf_ros', 'catkin_cmake_args': None, 'catkin_skip_building_tests': False, 'cmake_args': None, 'cmake_clean_cache': False, 'cmake_clean_first': False, 'cmake_force_configure': False, 'cmake_target': None, 'cmake_target_skip_unavailable': False, 'install_base': '/home/wei/ros2_map/install/mapf_ros', 'merge_install': False, 'path': '/home/wei/ros2_map/mapf_ros/mapf_ros', 'symlink_install': True, 'test_result_base': None}
[0.269s] Level 5:colcon.colcon_core.verb:set package 'mapf_base' build argument 'cmake_args' from command line to 'None'
[0.269s] Level 5:colcon.colcon_core.verb:set package 'mapf_base' build argument 'cmake_target' from command line to 'None'
[0.269s] Level 5:colcon.colcon_core.verb:set package 'mapf_base' build argument 'cmake_target_skip_unavailable' from command line to 'False'
[0.269s] Level 5:colcon.colcon_core.verb:set package 'mapf_base' build argument 'cmake_clean_cache' from command line to 'False'
[0.269s] Level 5:colcon.colcon_core.verb:set package 'mapf_base' build argument 'cmake_clean_first' from command line to 'False'
[0.269s] Level 5:colcon.colcon_core.verb:set package 'mapf_base' build argument 'cmake_force_configure' from command line to 'False'
[0.269s] Level 5:colcon.colcon_core.verb:set package 'mapf_base' build argument 'ament_cmake_args' from command line to 'None'
[0.269s] Level 5:colcon.colcon_core.verb:set package 'mapf_base' build argument 'catkin_cmake_args' from command line to 'None'
[0.269s] Level 5:colcon.colcon_core.verb:set package 'mapf_base' build argument 'catkin_skip_building_tests' from command line to 'False'
[0.269s] DEBUG:colcon.colcon_core.verb:Building package 'mapf_base' with the following arguments: {'ament_cmake_args': None, 'build_base': '/home/wei/ros2_map/build/mapf_base', 'catkin_cmake_args': None, 'catkin_skip_building_tests': False, 'cmake_args': None, 'cmake_clean_cache': False, 'cmake_clean_first': False, 'cmake_force_configure': False, 'cmake_target': None, 'cmake_target_skip_unavailable': False, 'install_base': '/home/wei/ros2_map/install/mapf_base', 'merge_install': False, 'path': '/home/wei/ros2_map/mapf_ros/mapf_base', 'symlink_install': True, 'test_result_base': None}
[0.269s] INFO:colcon.colcon_core.executor:Executing jobs using 'parallel' executor
[0.269s] DEBUG:colcon.colcon_parallel_executor.executor.parallel:run_until_complete
[0.270s] INFO:colcon.colcon_ros.task.ament_cmake.build:Building ROS package in '/home/wei/ros2_map/mapf_ros/mapf_msgs' with build type 'ament_cmake'
[0.270s] INFO:colcon.colcon_cmake.task.cmake.build:Building CMake package in '/home/wei/ros2_map/mapf_ros/mapf_msgs'
[0.271s] INFO:colcon.colcon_core.plugin_system:Skipping extension 'colcon_core.shell.bat': Not used on non-Windows systems
[0.271s] INFO:colcon.colcon_core.shell:Skip shell extension 'powershell' for command environment: Not usable outside of PowerShell
[0.271s] DEBUG:colcon.colcon_core.shell:Skip shell extension 'dsv' for command environment
[0.278s] DEBUG:colcon.colcon_core.event_handler.log_command:Invoking command in '/home/wei/ros2_map/build/mapf_msgs': CMAKE_PREFIX_PATH=/home/wei/Documents/ros2_ws/install/rover_description:/home/wei/Documents/ros2_ws/install/my_first_pkg:/opt/ros/humble /usr/bin/cmake /home/wei/ros2_map/mapf_ros/mapf_msgs -DAMENT_CMAKE_SYMLINK_INSTALL=1 -DCMAKE_INSTALL_PREFIX=/home/wei/ros2_map/install/mapf_msgs
[2.303s] DEBUG:colcon.colcon_core.event_handler.log_command:Invoked command in '/home/wei/ros2_map/build/mapf_msgs' returned '0': CMAKE_PREFIX_PATH=/home/wei/Documents/ros2_ws/install/rover_description:/home/wei/Documents/ros2_ws/install/my_first_pkg:/opt/ros/humble /usr/bin/cmake /home/wei/ros2_map/mapf_ros/mapf_msgs -DAMENT_CMAKE_SYMLINK_INSTALL=1 -DCMAKE_INSTALL_PREFIX=/home/wei/ros2_map/install/mapf_msgs
[2.304s] DEBUG:colcon.colcon_core.event_handler.log_command:Invoking command in '/home/wei/ros2_map/build/mapf_msgs': CMAKE_PREFIX_PATH=/home/wei/Documents/ros2_ws/install/rover_description:/home/wei/Documents/ros2_ws/install/my_first_pkg:/opt/ros/humble /usr/bin/cmake --build /home/wei/ros2_map/build/mapf_msgs -- -j16 -l16
[4.088s] DEBUG:colcon.colcon_core.event_handler.log_command:Invoked command in '/home/wei/ros2_map/build/mapf_msgs' returned '0': CMAKE_PREFIX_PATH=/home/wei/Documents/ros2_ws/install/rover_description:/home/wei/Documents/ros2_ws/install/my_first_pkg:/opt/ros/humble /usr/bin/cmake --build /home/wei/ros2_map/build/mapf_msgs -- -j16 -l16
[4.098s] DEBUG:colcon.colcon_core.event_handler.log_command:Invoking command in '/home/wei/ros2_map/build/mapf_msgs': CMAKE_PREFIX_PATH=/home/wei/Documents/ros2_ws/install/rover_description:/home/wei/Documents/ros2_ws/install/my_first_pkg:/opt/ros/humble /usr/bin/cmake --install /home/wei/ros2_map/build/mapf_msgs
[4.856s] Level 1:colcon.colcon_core.environment:create_environment_scripts_only(mapf_msgs)
[4.857s] DEBUG:colcon.colcon_core.event_handler.log_command:Invoked command in '/home/wei/ros2_map/build/mapf_msgs' returned '0': CMAKE_PREFIX_PATH=/home/wei/Documents/ros2_ws/install/rover_description:/home/wei/Documents/ros2_ws/install/my_first_pkg:/opt/ros/humble /usr/bin/cmake --install /home/wei/ros2_map/build/mapf_msgs
[4.858s] Level 1:colcon.colcon_core.environment:checking '/home/wei/ros2_map/install/mapf_msgs' for CMake module files
[4.859s] Level 1:colcon.colcon_core.environment:checking '/home/wei/ros2_map/install/mapf_msgs' for CMake config files
[4.859s] Level 1:colcon.colcon_core.shell:create_environment_hook('mapf_msgs', 'cmake_prefix_path')
[4.859s] INFO:colcon.colcon_core.shell:Creating environment hook '/home/wei/ros2_map/install/mapf_msgs/share/mapf_msgs/hook/cmake_prefix_path.ps1'
[4.860s] INFO:colcon.colcon_core.shell:Creating environment descriptor '/home/wei/ros2_map/install/mapf_msgs/share/mapf_msgs/hook/cmake_prefix_path.dsv'
[4.860s] INFO:colcon.colcon_core.shell:Creating environment hook '/home/wei/ros2_map/install/mapf_msgs/share/mapf_msgs/hook/cmake_prefix_path.sh'
[4.861s] Level 1:colcon.colcon_core.environment:checking '/home/wei/ros2_map/install/mapf_msgs/lib'
[4.861s] Level 1:colcon.colcon_core.shell:create_environment_hook('mapf_msgs', 'ld_library_path_lib')
[4.861s] INFO:colcon.colcon_core.shell:Creating environment hook '/home/wei/ros2_map/install/mapf_msgs/share/mapf_msgs/hook/ld_library_path_lib.ps1'
[4.861s] INFO:colcon.colcon_core.shell:Creating environment descriptor '/home/wei/ros2_map/install/mapf_msgs/share/mapf_msgs/hook/ld_library_path_lib.dsv'
[4.861s] INFO:colcon.colcon_core.shell:Creating environment hook '/home/wei/ros2_map/install/mapf_msgs/share/mapf_msgs/hook/ld_library_path_lib.sh'
[4.862s] Level 1:colcon.colcon_core.environment:checking '/home/wei/ros2_map/install/mapf_msgs/bin'
[4.862s] Level 1:colcon.colcon_core.environment:checking '/home/wei/ros2_map/install/mapf_msgs/lib/pkgconfig/mapf_msgs.pc'
[4.862s] Level 1:colcon.colcon_core.environment:checking '/home/wei/ros2_map/install/mapf_msgs/lib/python3.10/site-packages'
[4.862s] Level 1:colcon.colcon_core.environment:checking '/home/wei/ros2_map/install/mapf_msgs/bin'
[4.862s] INFO:colcon.colcon_core.shell:Creating package script '/home/wei/ros2_map/install/mapf_msgs/share/mapf_msgs/package.ps1'
[4.863s] INFO:colcon.colcon_core.shell:Creating package descriptor '/home/wei/ros2_map/install/mapf_msgs/share/mapf_msgs/package.dsv'
[4.863s] INFO:colcon.colcon_core.shell:Creating package script '/home/wei/ros2_map/install/mapf_msgs/share/mapf_msgs/package.sh'
[4.864s] INFO:colcon.colcon_core.shell:Creating package script '/home/wei/ros2_map/install/mapf_msgs/share/mapf_msgs/package.bash'
[4.864s] INFO:colcon.colcon_core.shell:Creating package script '/home/wei/ros2_map/install/mapf_msgs/share/mapf_msgs/package.zsh'
[4.865s] Level 1:colcon.colcon_core.environment:create_file_with_runtime_dependencies(/home/wei/ros2_map/install/mapf_msgs/share/colcon-core/packages/mapf_msgs)
[4.865s] Level 1:colcon.colcon_core.environment:create_environment_scripts_only(mapf_msgs)
[4.865s] Level 1:colcon.colcon_core.environment:checking '/home/wei/ros2_map/install/mapf_msgs' for CMake module files
[4.865s] Level 1:colcon.colcon_core.environment:checking '/home/wei/ros2_map/install/mapf_msgs' for CMake config files
[4.866s] Level 1:colcon.colcon_core.shell:create_environment_hook('mapf_msgs', 'cmake_prefix_path')
[4.866s] INFO:colcon.colcon_core.shell:Creating environment hook '/home/wei/ros2_map/install/mapf_msgs/share/mapf_msgs/hook/cmake_prefix_path.ps1'
[4.867s] INFO:colcon.colcon_core.shell:Creating environment descriptor '/home/wei/ros2_map/install/mapf_msgs/share/mapf_msgs/hook/cmake_prefix_path.dsv'
[4.867s] INFO:colcon.colcon_core.shell:Creating environment hook '/home/wei/ros2_map/install/mapf_msgs/share/mapf_msgs/hook/cmake_prefix_path.sh'
[4.868s] Level 1:colcon.colcon_core.environment:checking '/home/wei/ros2_map/install/mapf_msgs/lib'
[4.868s] Level 1:colcon.colcon_core.shell:create_environment_hook('mapf_msgs', 'ld_library_path_lib')
[4.868s] INFO:colcon.colcon_core.shell:Creating environment hook '/home/wei/ros2_map/install/mapf_msgs/share/mapf_msgs/hook/ld_library_path_lib.ps1'
[4.868s] INFO:colcon.colcon_core.shell:Creating environment descriptor '/home/wei/ros2_map/install/mapf_msgs/share/mapf_msgs/hook/ld_library_path_lib.dsv'
[4.868s] INFO:colcon.colcon_core.shell:Creating environment hook '/home/wei/ros2_map/install/mapf_msgs/share/mapf_msgs/hook/ld_library_path_lib.sh'
[4.869s] Level 1:colcon.colcon_core.environment:checking '/home/wei/ros2_map/install/mapf_msgs/bin'
[4.869s] Level 1:colcon.colcon_core.environment:checking '/home/wei/ros2_map/install/mapf_msgs/lib/pkgconfig/mapf_msgs.pc'
[4.869s] Level 1:colcon.colcon_core.environment:checking '/home/wei/ros2_map/install/mapf_msgs/lib/python3.10/site-packages'
[4.869s] Level 1:colcon.colcon_core.environment:checking '/home/wei/ros2_map/install/mapf_msgs/bin'
[4.869s] INFO:colcon.colcon_core.shell:Creating package script '/home/wei/ros2_map/install/mapf_msgs/share/mapf_msgs/package.ps1'
[4.870s] INFO:colcon.colcon_core.shell:Creating package descriptor '/home/wei/ros2_map/install/mapf_msgs/share/mapf_msgs/package.dsv'
[4.870s] INFO:colcon.colcon_core.shell:Creating package script '/home/wei/ros2_map/install/mapf_msgs/share/mapf_msgs/package.sh'
[4.870s] INFO:colcon.colcon_core.shell:Creating package script '/home/wei/ros2_map/install/mapf_msgs/share/mapf_msgs/package.bash'
[4.871s] INFO:colcon.colcon_core.shell:Creating package script '/home/wei/ros2_map/install/mapf_msgs/share/mapf_msgs/package.zsh'
[4.871s] Level 1:colcon.colcon_core.environment:create_file_with_runtime_dependencies(/home/wei/ros2_map/install/mapf_msgs/share/colcon-core/packages/mapf_msgs)
[4.871s] INFO:colcon.colcon_ros.task.ament_cmake.build:Building ROS package in '/home/wei/ros2_map/mapf_ros/mapf_ros' with build type 'ament_cmake'
[4.871s] INFO:colcon.colcon_cmake.task.cmake.build:Building CMake package in '/home/wei/ros2_map/mapf_ros/mapf_ros'
[4.871s] INFO:colcon.colcon_core.shell:Skip shell extension 'powershell' for command environment: Not usable outside of PowerShell
[4.871s] DEBUG:colcon.colcon_core.shell:Skip shell extension 'dsv' for command environment
[4.878s] DEBUG:colcon.colcon_core.event_handler.log_command:Invoking command in '/home/wei/ros2_map/build/mapf_ros': AMENT_PREFIX_PATH=/home/wei/ros2_map/install/mapf_msgs:${AMENT_PREFIX_PATH} CMAKE_PREFIX_PATH=/home/wei/ros2_map/install/mapf_msgs:/home/wei/Documents/ros2_ws/install/rover_description:/home/wei/Documents/ros2_ws/install/my_first_pkg:/opt/ros/humble LD_LIBRARY_PATH=/home/wei/ros2_map/install/mapf_msgs/lib:/usr/local/cuda-12.1/lib64:/usr/local/cuda-11.7/lib64:/usr/local/cuda-12.1/lib64:/usr/lib/x86_64-linux-gnu/gazebo-11/plugins:/opt/ros/humble/opt/rviz_ogre_vendor/lib:/opt/ros/humble/lib/x86_64-linux-gnu:/opt/ros/humble/lib:/usr/local/cuda-11.7/lib64 PYTHONPATH=/home/wei/ros2_map/install/mapf_msgs/local/lib/python3.10/dist-packages:${PYTHONPATH} /usr/bin/cmake /home/wei/ros2_map/mapf_ros/mapf_ros -DAMENT_CMAKE_SYMLINK_INSTALL=1 -DCMAKE_INSTALL_PREFIX=/home/wei/ros2_map/install/mapf_ros
[6.212s] DEBUG:colcon.colcon_core.event_handler.log_command:Invoked command in '/home/wei/ros2_map/build/mapf_ros' returned '0': AMENT_PREFIX_PATH=/home/wei/ros2_map/install/mapf_msgs:${AMENT_PREFIX_PATH} CMAKE_PREFIX_PATH=/home/wei/ros2_map/install/mapf_msgs:/home/wei/Documents/ros2_ws/install/rover_description:/home/wei/Documents/ros2_ws/install/my_first_pkg:/opt/ros/humble LD_LIBRARY_PATH=/home/wei/ros2_map/install/mapf_msgs/lib:/usr/local/cuda-12.1/lib64:/usr/local/cuda-11.7/lib64:/usr/local/cuda-12.1/lib64:/usr/lib/x86_64-linux-gnu/gazebo-11/plugins:/opt/ros/humble/opt/rviz_ogre_vendor/lib:/opt/ros/humble/lib/x86_64-linux-gnu:/opt/ros/humble/lib:/usr/local/cuda-11.7/lib64 PYTHONPATH=/home/wei/ros2_map/install/mapf_msgs/local/lib/python3.10/dist-packages:${PYTHONPATH} /usr/bin/cmake /home/wei/ros2_map/mapf_ros/mapf_ros -DAMENT_CMAKE_SYMLINK_INSTALL=1 -DCMAKE_INSTALL_PREFIX=/home/wei/ros2_map/install/mapf_ros
[6.213s] DEBUG:colcon.colcon_core.event_handler.log_command:Invoking command in '/home/wei/ros2_map/build/mapf_ros': AMENT_PREFIX_PATH=/home/wei/ros2_map/install/mapf_msgs:${AMENT_PREFIX_PATH} CMAKE_PREFIX_PATH=/home/wei/ros2_map/install/mapf_msgs:/home/wei/Documents/ros2_ws/install/rover_description:/home/wei/Documents/ros2_ws/install/my_first_pkg:/opt/ros/humble LD_LIBRARY_PATH=/home/wei/ros2_map/install/mapf_msgs/lib:/usr/local/cuda-12.1/lib64:/usr/local/cuda-11.7/lib64:/usr/local/cuda-12.1/lib64:/usr/lib/x86_64-linux-gnu/gazebo-11/plugins:/opt/ros/humble/opt/rviz_ogre_vendor/lib:/opt/ros/humble/lib/x86_64-linux-gnu:/opt/ros/humble/lib:/usr/local/cuda-11.7/lib64 PYTHONPATH=/home/wei/ros2_map/install/mapf_msgs/local/lib/python3.10/dist-packages:${PYTHONPATH} /usr/bin/cmake --build /home/wei/ros2_map/build/mapf_ros -- -j16 -l16
[13.579s] DEBUG:colcon.colcon_core.event_handler.log_command:Invoked command in '/home/wei/ros2_map/build/mapf_ros' returned '0': AMENT_PREFIX_PATH=/home/wei/ros2_map/install/mapf_msgs:${AMENT_PREFIX_PATH} CMAKE_PREFIX_PATH=/home/wei/ros2_map/install/mapf_msgs:/home/wei/Documents/ros2_ws/install/rover_description:/home/wei/Documents/ros2_ws/install/my_first_pkg:/opt/ros/humble LD_LIBRARY_PATH=/home/wei/ros2_map/install/mapf_msgs/lib:/usr/local/cuda-12.1/lib64:/usr/local/cuda-11.7/lib64:/usr/local/cuda-12.1/lib64:/usr/lib/x86_64-linux-gnu/gazebo-11/plugins:/opt/ros/humble/opt/rviz_ogre_vendor/lib:/opt/ros/humble/lib/x86_64-linux-gnu:/opt/ros/humble/lib:/usr/local/cuda-11.7/lib64 PYTHONPATH=/home/wei/ros2_map/install/mapf_msgs/local/lib/python3.10/dist-packages:${PYTHONPATH} /usr/bin/cmake --build /home/wei/ros2_map/build/mapf_ros -- -j16 -l16
[13.579s] DEBUG:colcon.colcon_core.event_handler.log_command:Invoking command in '/home/wei/ros2_map/build/mapf_ros': AMENT_PREFIX_PATH=/home/wei/ros2_map/install/mapf_msgs:${AMENT_PREFIX_PATH} CMAKE_PREFIX_PATH=/home/wei/ros2_map/install/mapf_msgs:/home/wei/Documents/ros2_ws/install/rover_description:/home/wei/Documents/ros2_ws/install/my_first_pkg:/opt/ros/humble LD_LIBRARY_PATH=/home/wei/ros2_map/install/mapf_msgs/lib:/usr/local/cuda-12.1/lib64:/usr/local/cuda-11.7/lib64:/usr/local/cuda-12.1/lib64:/usr/lib/x86_64-linux-gnu/gazebo-11/plugins:/opt/ros/humble/opt/rviz_ogre_vendor/lib:/opt/ros/humble/lib/x86_64-linux-gnu:/opt/ros/humble/lib:/usr/local/cuda-11.7/lib64 PYTHONPATH=/home/wei/ros2_map/install/mapf_msgs/local/lib/python3.10/dist-packages:${PYTHONPATH} /usr/bin/cmake --install /home/wei/ros2_map/build/mapf_ros
[13.839s] Level 1:colcon.colcon_core.environment:create_environment_scripts_only(mapf_ros)
[13.839s] Level 1:colcon.colcon_core.environment:checking '/home/wei/ros2_map/install/mapf_ros' for CMake module files
[13.840s] DEBUG:colcon.colcon_core.event_handler.log_command:Invoked command in '/home/wei/ros2_map/build/mapf_ros' returned '0': AMENT_PREFIX_PATH=/home/wei/ros2_map/install/mapf_msgs:${AMENT_PREFIX_PATH} CMAKE_PREFIX_PATH=/home/wei/ros2_map/install/mapf_msgs:/home/wei/Documents/ros2_ws/install/rover_description:/home/wei/Documents/ros2_ws/install/my_first_pkg:/opt/ros/humble LD_LIBRARY_PATH=/home/wei/ros2_map/install/mapf_msgs/lib:/usr/local/cuda-12.1/lib64:/usr/local/cuda-11.7/lib64:/usr/local/cuda-12.1/lib64:/usr/lib/x86_64-linux-gnu/gazebo-11/plugins:/opt/ros/humble/opt/rviz_ogre_vendor/lib:/opt/ros/humble/lib/x86_64-linux-gnu:/opt/ros/humble/lib:/usr/local/cuda-11.7/lib64 PYTHONPATH=/home/wei/ros2_map/install/mapf_msgs/local/lib/python3.10/dist-packages:${PYTHONPATH} /usr/bin/cmake --install /home/wei/ros2_map/build/mapf_ros
[13.840s] Level 1:colcon.colcon_core.environment:checking '/home/wei/ros2_map/install/mapf_ros' for CMake config files
[13.840s] Level 1:colcon.colcon_core.shell:create_environment_hook('mapf_ros', 'cmake_prefix_path')
[13.840s] INFO:colcon.colcon_core.shell:Creating environment hook '/home/wei/ros2_map/install/mapf_ros/share/mapf_ros/hook/cmake_prefix_path.ps1'
[13.840s] INFO:colcon.colcon_core.shell:Creating environment descriptor '/home/wei/ros2_map/install/mapf_ros/share/mapf_ros/hook/cmake_prefix_path.dsv'
[13.840s] INFO:colcon.colcon_core.shell:Creating environment hook '/home/wei/ros2_map/install/mapf_ros/share/mapf_ros/hook/cmake_prefix_path.sh'
[13.841s] Level 1:colcon.colcon_core.environment:checking '/home/wei/ros2_map/install/mapf_ros/lib'
[13.841s] Level 1:colcon.colcon_core.shell:create_environment_hook('mapf_ros', 'ld_library_path_lib')
[13.841s] INFO:colcon.colcon_core.shell:Creating environment hook '/home/wei/ros2_map/install/mapf_ros/share/mapf_ros/hook/ld_library_path_lib.ps1'
[13.841s] INFO:colcon.colcon_core.shell:Creating environment descriptor '/home/wei/ros2_map/install/mapf_ros/share/mapf_ros/hook/ld_library_path_lib.dsv'
[13.841s] INFO:colcon.colcon_core.shell:Creating environment hook '/home/wei/ros2_map/install/mapf_ros/share/mapf_ros/hook/ld_library_path_lib.sh'
[13.842s] Level 1:colcon.colcon_core.environment:checking '/home/wei/ros2_map/install/mapf_ros/bin'
[13.842s] Level 1:colcon.colcon_core.environment:checking '/home/wei/ros2_map/install/mapf_ros/lib/pkgconfig/mapf_ros.pc'
[13.842s] Level 1:colcon.colcon_core.environment:checking '/home/wei/ros2_map/install/mapf_ros/lib/python3.10/site-packages'
[13.842s] Level 1:colcon.colcon_core.environment:checking '/home/wei/ros2_map/install/mapf_ros/bin'
[13.842s] INFO:colcon.colcon_core.shell:Creating package script '/home/wei/ros2_map/install/mapf_ros/share/mapf_ros/package.ps1'
[13.842s] INFO:colcon.colcon_core.shell:Creating package descriptor '/home/wei/ros2_map/install/mapf_ros/share/mapf_ros/package.dsv'
[13.843s] INFO:colcon.colcon_core.shell:Creating package script '/home/wei/ros2_map/install/mapf_ros/share/mapf_ros/package.sh'
[13.843s] INFO:colcon.colcon_core.shell:Creating package script '/home/wei/ros2_map/install/mapf_ros/share/mapf_ros/package.bash'
[13.843s] INFO:colcon.colcon_core.shell:Creating package script '/home/wei/ros2_map/install/mapf_ros/share/mapf_ros/package.zsh'
[13.843s] Level 1:colcon.colcon_core.environment:create_file_with_runtime_dependencies(/home/wei/ros2_map/install/mapf_ros/share/colcon-core/packages/mapf_ros)
[13.844s] Level 1:colcon.colcon_core.environment:create_environment_scripts_only(mapf_ros)
[13.844s] Level 1:colcon.colcon_core.environment:checking '/home/wei/ros2_map/install/mapf_ros' for CMake module files
[13.844s] Level 1:colcon.colcon_core.environment:checking '/home/wei/ros2_map/install/mapf_ros' for CMake config files
[13.844s] Level 1:colcon.colcon_core.shell:create_environment_hook('mapf_ros', 'cmake_prefix_path')
[13.844s] INFO:colcon.colcon_core.shell:Creating environment hook '/home/wei/ros2_map/install/mapf_ros/share/mapf_ros/hook/cmake_prefix_path.ps1'
[13.844s] INFO:colcon.colcon_core.shell:Creating environment descriptor '/home/wei/ros2_map/install/mapf_ros/share/mapf_ros/hook/cmake_prefix_path.dsv'
[13.845s] INFO:colcon.colcon_core.shell:Creating environment hook '/home/wei/ros2_map/install/mapf_ros/share/mapf_ros/hook/cmake_prefix_path.sh'
[13.845s] Level 1:colcon.colcon_core.environment:checking '/home/wei/ros2_map/install/mapf_ros/lib'
[13.845s] Level 1:colcon.colcon_core.shell:create_environment_hook('mapf_ros', 'ld_library_path_lib')
[13.845s] INFO:colcon.colcon_core.shell:Creating environment hook '/home/wei/ros2_map/install/mapf_ros/share/mapf_ros/hook/ld_library_path_lib.ps1'
[13.845s] INFO:colcon.colcon_core.shell:Creating environment descriptor '/home/wei/ros2_map/install/mapf_ros/share/mapf_ros/hook/ld_library_path_lib.dsv'
[13.846s] INFO:colcon.colcon_core.shell:Creating environment hook '/home/wei/ros2_map/install/mapf_ros/share/mapf_ros/hook/ld_library_path_lib.sh'
[13.846s] Level 1:colcon.colcon_core.environment:checking '/home/wei/ros2_map/install/mapf_ros/bin'
[13.846s] Level 1:colcon.colcon_core.environment:checking '/home/wei/ros2_map/install/mapf_ros/lib/pkgconfig/mapf_ros.pc'
[13.846s] Level 1:colcon.colcon_core.environment:checking '/home/wei/ros2_map/install/mapf_ros/lib/python3.10/site-packages'
[13.846s] Level 1:colcon.colcon_core.environment:checking '/home/wei/ros2_map/install/mapf_ros/bin'
[13.846s] INFO:colcon.colcon_core.shell:Creating package script '/home/wei/ros2_map/install/mapf_ros/share/mapf_ros/package.ps1'
[13.847s] INFO:colcon.colcon_core.shell:Creating package descriptor '/home/wei/ros2_map/install/mapf_ros/share/mapf_ros/package.dsv'
[13.847s] INFO:colcon.colcon_core.shell:Creating package script '/home/wei/ros2_map/install/mapf_ros/share/mapf_ros/package.sh'
[13.847s] INFO:colcon.colcon_core.shell:Creating package script '/home/wei/ros2_map/install/mapf_ros/share/mapf_ros/package.bash'
[13.847s] INFO:colcon.colcon_core.shell:Creating package script '/home/wei/ros2_map/install/mapf_ros/share/mapf_ros/package.zsh'
[13.848s] Level 1:colcon.colcon_core.environment:create_file_with_runtime_dependencies(/home/wei/ros2_map/install/mapf_ros/share/colcon-core/packages/mapf_ros)
[13.848s] INFO:colcon.colcon_ros.task.ament_cmake.build:Building ROS package in '/home/wei/ros2_map/mapf_ros/mapf_base' with build type 'ament_cmake'
[13.848s] INFO:colcon.colcon_cmake.task.cmake.build:Building CMake package in '/home/wei/ros2_map/mapf_ros/mapf_base'
[13.848s] INFO:colcon.colcon_core.shell:Skip shell extension 'powershell' for command environment: Not usable outside of PowerShell
[13.848s] DEBUG:colcon.colcon_core.shell:Skip shell extension 'dsv' for command environment
[13.856s] DEBUG:colcon.colcon_core.event_handler.log_command:Invoking command in '/home/wei/ros2_map/build/mapf_base': AMENT_PREFIX_PATH=/home/wei/ros2_map/install/mapf_ros:/home/wei/ros2_map/install/mapf_msgs:${AMENT_PREFIX_PATH} CMAKE_PREFIX_PATH=/home/wei/ros2_map/install/mapf_ros:/home/wei/ros2_map/install/mapf_msgs:/home/wei/Documents/ros2_ws/install/rover_description:/home/wei/Documents/ros2_ws/install/my_first_pkg:/opt/ros/humble LD_LIBRARY_PATH=/home/wei/ros2_map/install/mapf_ros/lib:/home/wei/ros2_map/install/mapf_msgs/lib:/usr/local/cuda-12.1/lib64:/usr/local/cuda-11.7/lib64:/usr/local/cuda-12.1/lib64:/usr/lib/x86_64-linux-gnu/gazebo-11/plugins:/opt/ros/humble/opt/rviz_ogre_vendor/lib:/opt/ros/humble/lib/x86_64-linux-gnu:/opt/ros/humble/lib:/usr/local/cuda-11.7/lib64 PYTHONPATH=/home/wei/ros2_map/install/mapf_msgs/local/lib/python3.10/dist-packages:${PYTHONPATH} /usr/bin/cmake /home/wei/ros2_map/mapf_ros/mapf_base -DAMENT_CMAKE_SYMLINK_INSTALL=1 -DCMAKE_INSTALL_PREFIX=/home/wei/ros2_map/install/mapf_base
[15.432s] DEBUG:colcon.colcon_core.event_handler.log_command:Invoked command in '/home/wei/ros2_map/build/mapf_base' returned '0': AMENT_PREFIX_PATH=/home/wei/ros2_map/install/mapf_ros:/home/wei/ros2_map/install/mapf_msgs:${AMENT_PREFIX_PATH} CMAKE_PREFIX_PATH=/home/wei/ros2_map/install/mapf_ros:/home/wei/ros2_map/install/mapf_msgs:/home/wei/Documents/ros2_ws/install/rover_description:/home/wei/Documents/ros2_ws/install/my_first_pkg:/opt/ros/humble LD_LIBRARY_PATH=/home/wei/ros2_map/install/mapf_ros/lib:/home/wei/ros2_map/install/mapf_msgs/lib:/usr/local/cuda-12.1/lib64:/usr/local/cuda-11.7/lib64:/usr/local/cuda-12.1/lib64:/usr/lib/x86_64-linux-gnu/gazebo-11/plugins:/opt/ros/humble/opt/rviz_ogre_vendor/lib:/opt/ros/humble/lib/x86_64-linux-gnu:/opt/ros/humble/lib:/usr/local/cuda-11.7/lib64 PYTHONPATH=/home/wei/ros2_map/install/mapf_msgs/local/lib/python3.10/dist-packages:${PYTHONPATH} /usr/bin/cmake /home/wei/ros2_map/mapf_ros/mapf_base -DAMENT_CMAKE_SYMLINK_INSTALL=1 -DCMAKE_INSTALL_PREFIX=/home/wei/ros2_map/install/mapf_base
[15.434s] DEBUG:colcon.colcon_core.event_handler.log_command:Invoking command in '/home/wei/ros2_map/build/mapf_base': AMENT_PREFIX_PATH=/home/wei/ros2_map/install/mapf_ros:/home/wei/ros2_map/install/mapf_msgs:${AMENT_PREFIX_PATH} CMAKE_PREFIX_PATH=/home/wei/ros2_map/install/mapf_ros:/home/wei/ros2_map/install/mapf_msgs:/home/wei/Documents/ros2_ws/install/rover_description:/home/wei/Documents/ros2_ws/install/my_first_pkg:/opt/ros/humble LD_LIBRARY_PATH=/home/wei/ros2_map/install/mapf_ros/lib:/home/wei/ros2_map/install/mapf_msgs/lib:/usr/local/cuda-12.1/lib64:/usr/local/cuda-11.7/lib64:/usr/local/cuda-12.1/lib64:/usr/lib/x86_64-linux-gnu/gazebo-11/plugins:/opt/ros/humble/opt/rviz_ogre_vendor/lib:/opt/ros/humble/lib/x86_64-linux-gnu:/opt/ros/humble/lib:/usr/local/cuda-11.7/lib64 PYTHONPATH=/home/wei/ros2_map/install/mapf_msgs/local/lib/python3.10/dist-packages:${PYTHONPATH} /usr/bin/cmake --build /home/wei/ros2_map/build/mapf_base -- -j16 -l16
[30.788s] DEBUG:colcon.colcon_core.event_handler.log_command:Invoked command in '/home/wei/ros2_map/build/mapf_base' returned '0': AMENT_PREFIX_PATH=/home/wei/ros2_map/install/mapf_ros:/home/wei/ros2_map/install/mapf_msgs:${AMENT_PREFIX_PATH} CMAKE_PREFIX_PATH=/home/wei/ros2_map/install/mapf_ros:/home/wei/ros2_map/install/mapf_msgs:/home/wei/Documents/ros2_ws/install/rover_description:/home/wei/Documents/ros2_ws/install/my_first_pkg:/opt/ros/humble LD_LIBRARY_PATH=/home/wei/ros2_map/install/mapf_ros/lib:/home/wei/ros2_map/install/mapf_msgs/lib:/usr/local/cuda-12.1/lib64:/usr/local/cuda-11.7/lib64:/usr/local/cuda-12.1/lib64:/usr/lib/x86_64-linux-gnu/gazebo-11/plugins:/opt/ros/humble/opt/rviz_ogre_vendor/lib:/opt/ros/humble/lib/x86_64-linux-gnu:/opt/ros/humble/lib:/usr/local/cuda-11.7/lib64 PYTHONPATH=/home/wei/ros2_map/install/mapf_msgs/local/lib/python3.10/dist-packages:${PYTHONPATH} /usr/bin/cmake --build /home/wei/ros2_map/build/mapf_base -- -j16 -l16
[30.789s] DEBUG:colcon.colcon_core.event_handler.log_command:Invoking command in '/home/wei/ros2_map/build/mapf_base': AMENT_PREFIX_PATH=/home/wei/ros2_map/install/mapf_ros:/home/wei/ros2_map/install/mapf_msgs:${AMENT_PREFIX_PATH} CMAKE_PREFIX_PATH=/home/wei/ros2_map/install/mapf_ros:/home/wei/ros2_map/install/mapf_msgs:/home/wei/Documents/ros2_ws/install/rover_description:/home/wei/Documents/ros2_ws/install/my_first_pkg:/opt/ros/humble LD_LIBRARY_PATH=/home/wei/ros2_map/install/mapf_ros/lib:/home/wei/ros2_map/install/mapf_msgs/lib:/usr/local/cuda-12.1/lib64:/usr/local/cuda-11.7/lib64:/usr/local/cuda-12.1/lib64:/usr/lib/x86_64-linux-gnu/gazebo-11/plugins:/opt/ros/humble/opt/rviz_ogre_vendor/lib:/opt/ros/humble/lib/x86_64-linux-gnu:/opt/ros/humble/lib:/usr/local/cuda-11.7/lib64 PYTHONPATH=/home/wei/ros2_map/install/mapf_msgs/local/lib/python3.10/dist-packages:${PYTHONPATH} /usr/bin/cmake --install /home/wei/ros2_map/build/mapf_base
[30.932s] Level 1:colcon.colcon_core.environment:create_environment_scripts_only(mapf_base)
[30.932s] Level 1:colcon.colcon_core.environment:checking '/home/wei/ros2_map/install/mapf_base' for CMake module files
[30.932s] DEBUG:colcon.colcon_core.event_handler.log_command:Invoked command in '/home/wei/ros2_map/build/mapf_base' returned '0': AMENT_PREFIX_PATH=/home/wei/ros2_map/install/mapf_ros:/home/wei/ros2_map/install/mapf_msgs:${AMENT_PREFIX_PATH} CMAKE_PREFIX_PATH=/home/wei/ros2_map/install/mapf_ros:/home/wei/ros2_map/install/mapf_msgs:/home/wei/Documents/ros2_ws/install/rover_description:/home/wei/Documents/ros2_ws/install/my_first_pkg:/opt/ros/humble LD_LIBRARY_PATH=/home/wei/ros2_map/install/mapf_ros/lib:/home/wei/ros2_map/install/mapf_msgs/lib:/usr/local/cuda-12.1/lib64:/usr/local/cuda-11.7/lib64:/usr/local/cuda-12.1/lib64:/usr/lib/x86_64-linux-gnu/gazebo-11/plugins:/opt/ros/humble/opt/rviz_ogre_vendor/lib:/opt/ros/humble/lib/x86_64-linux-gnu:/opt/ros/humble/lib:/usr/local/cuda-11.7/lib64 PYTHONPATH=/home/wei/ros2_map/install/mapf_msgs/local/lib/python3.10/dist-packages:${PYTHONPATH} /usr/bin/cmake --install /home/wei/ros2_map/build/mapf_base
[30.933s] Level 1:colcon.colcon_core.environment:checking '/home/wei/ros2_map/install/mapf_base' for CMake config files
[30.933s] Level 1:colcon.colcon_core.shell:create_environment_hook('mapf_base', 'cmake_prefix_path')
[30.933s] INFO:colcon.colcon_core.shell:Creating environment hook '/home/wei/ros2_map/install/mapf_base/share/mapf_base/hook/cmake_prefix_path.ps1'
[30.933s] INFO:colcon.colcon_core.shell:Creating environment descriptor '/home/wei/ros2_map/install/mapf_base/share/mapf_base/hook/cmake_prefix_path.dsv'
[30.933s] INFO:colcon.colcon_core.shell:Creating environment hook '/home/wei/ros2_map/install/mapf_base/share/mapf_base/hook/cmake_prefix_path.sh'
[30.934s] Level 1:colcon.colcon_core.environment:checking '/home/wei/ros2_map/install/mapf_base/lib'
[30.934s] Level 1:colcon.colcon_core.environment:checking '/home/wei/ros2_map/install/mapf_base/bin'
[30.934s] Level 1:colcon.colcon_core.environment:checking '/home/wei/ros2_map/install/mapf_base/lib/pkgconfig/mapf_base.pc'
[30.934s] Level 1:colcon.colcon_core.environment:checking '/home/wei/ros2_map/install/mapf_base/lib/python3.10/site-packages'
[30.934s] Level 1:colcon.colcon_core.environment:checking '/home/wei/ros2_map/install/mapf_base/bin'
[30.934s] INFO:colcon.colcon_core.shell:Creating package script '/home/wei/ros2_map/install/mapf_base/share/mapf_base/package.ps1'
[30.935s] INFO:colcon.colcon_core.shell:Creating package descriptor '/home/wei/ros2_map/install/mapf_base/share/mapf_base/package.dsv'
[30.935s] INFO:colcon.colcon_core.shell:Creating package script '/home/wei/ros2_map/install/mapf_base/share/mapf_base/package.sh'
[30.935s] INFO:colcon.colcon_core.shell:Creating package script '/home/wei/ros2_map/install/mapf_base/share/mapf_base/package.bash'
[30.936s] INFO:colcon.colcon_core.shell:Creating package script '/home/wei/ros2_map/install/mapf_base/share/mapf_base/package.zsh'
[30.936s] Level 1:colcon.colcon_core.environment:create_file_with_runtime_dependencies(/home/wei/ros2_map/install/mapf_base/share/colcon-core/packages/mapf_base)
[30.936s] Level 1:colcon.colcon_core.environment:create_environment_scripts_only(mapf_base)
[30.936s] Level 1:colcon.colcon_core.environment:checking '/home/wei/ros2_map/install/mapf_base' for CMake module files
[30.937s] Level 1:colcon.colcon_core.environment:checking '/home/wei/ros2_map/install/mapf_base' for CMake config files
[30.937s] Level 1:colcon.colcon_core.shell:create_environment_hook('mapf_base', 'cmake_prefix_path')
[30.937s] INFO:colcon.colcon_core.shell:Creating environment hook '/home/wei/ros2_map/install/mapf_base/share/mapf_base/hook/cmake_prefix_path.ps1'
[30.937s] INFO:colcon.colcon_core.shell:Creating environment descriptor '/home/wei/ros2_map/install/mapf_base/share/mapf_base/hook/cmake_prefix_path.dsv'
[30.937s] INFO:colcon.colcon_core.shell:Creating environment hook '/home/wei/ros2_map/install/mapf_base/share/mapf_base/hook/cmake_prefix_path.sh'
[30.938s] Level 1:colcon.colcon_core.environment:checking '/home/wei/ros2_map/install/mapf_base/lib'
[30.938s] Level 1:colcon.colcon_core.environment:checking '/home/wei/ros2_map/install/mapf_base/bin'
[30.938s] Level 1:colcon.colcon_core.environment:checking '/home/wei/ros2_map/install/mapf_base/lib/pkgconfig/mapf_base.pc'
[30.938s] Level 1:colcon.colcon_core.environment:checking '/home/wei/ros2_map/install/mapf_base/lib/python3.10/site-packages'
[30.938s] Level 1:colcon.colcon_core.environment:checking '/home/wei/ros2_map/install/mapf_base/bin'
[30.938s] INFO:colcon.colcon_core.shell:Creating package script '/home/wei/ros2_map/install/mapf_base/share/mapf_base/package.ps1'
[30.939s] INFO:colcon.colcon_core.shell:Creating package descriptor '/home/wei/ros2_map/install/mapf_base/share/mapf_base/package.dsv'
[30.939s] INFO:colcon.colcon_core.shell:Creating package script '/home/wei/ros2_map/install/mapf_base/share/mapf_base/package.sh'
[30.940s] INFO:colcon.colcon_core.shell:Creating package script '/home/wei/ros2_map/install/mapf_base/share/mapf_base/package.bash'
[30.940s] INFO:colcon.colcon_core.shell:Creating package script '/home/wei/ros2_map/install/mapf_base/share/mapf_base/package.zsh'
[30.940s] Level 1:colcon.colcon_core.environment:create_file_with_runtime_dependencies(/home/wei/ros2_map/install/mapf_base/share/colcon-core/packages/mapf_base)
[30.940s] DEBUG:colcon.colcon_parallel_executor.executor.parallel:closing loop
[30.940s] DEBUG:colcon.colcon_parallel_executor.executor.parallel:loop closed
[30.941s] DEBUG:colcon.colcon_parallel_executor.executor.parallel:run_until_complete finished with '0'
[30.941s] DEBUG:colcon.colcon_core.event_reactor:joining thread
[30.945s] INFO:colcon.colcon_core.plugin_system:Skipping extension 'colcon_notification.desktop_notification.terminal_notifier': Not used on non-Darwin systems
[30.945s] INFO:colcon.colcon_core.plugin_system:Skipping extension 'colcon_notification.desktop_notification.win32': Not used on non-Windows systems
[30.945s] INFO:colcon.colcon_notification.desktop_notification:Sending desktop notification using 'notify2'
[30.956s] DEBUG:colcon.colcon_core.event_reactor:joined thread
[30.956s] INFO:colcon.colcon_core.shell:Creating prefix script '/home/wei/ros2_map/install/local_setup.ps1'
[30.957s] INFO:colcon.colcon_core.shell:Creating prefix util module '/home/wei/ros2_map/install/_local_setup_util_ps1.py'
[30.958s] INFO:colcon.colcon_core.shell:Creating prefix chain script '/home/wei/ros2_map/install/setup.ps1'
[30.959s] INFO:colcon.colcon_core.shell:Creating prefix script '/home/wei/ros2_map/install/local_setup.sh'
[30.959s] INFO:colcon.colcon_core.shell:Creating prefix util module '/home/wei/ros2_map/install/_local_setup_util_sh.py'
[30.960s] INFO:colcon.colcon_core.shell:Creating prefix chain script '/home/wei/ros2_map/install/setup.sh'
[30.961s] INFO:colcon.colcon_core.shell:Creating prefix script '/home/wei/ros2_map/install/local_setup.bash'
[30.961s] INFO:colcon.colcon_core.shell:Creating prefix chain script '/home/wei/ros2_map/install/setup.bash'
[30.962s] INFO:colcon.colcon_core.shell:Creating prefix script '/home/wei/ros2_map/install/local_setup.zsh'
[30.963s] INFO:colcon.colcon_core.shell:Creating prefix chain script '/home/wei/ros2_map/install/setup.zsh'
