[0.011s] Invoking command in '/home/wei/ros2_map/build/mapf_base': AMENT_PREFIX_PATH=/home/wei/ros2_map/install/mapf_ros:/home/wei/ros2_map/install/mapf_msgs:${AMENT_PREFIX_PATH} CMAKE_PREFIX_PATH=/home/wei/ros2_map/install/mapf_ros:/home/wei/ros2_map/install/mapf_msgs:/home/wei/Documents/ros2_ws/install/rover_description:/home/wei/Documents/ros2_ws/install/my_first_pkg:/opt/ros/humble LD_LIBRARY_PATH=/home/wei/ros2_map/install/mapf_ros/lib:/home/wei/ros2_map/install/mapf_msgs/lib:/usr/local/cuda-12.1/lib64:/usr/local/cuda-11.7/lib64:/usr/local/cuda-12.1/lib64:/usr/lib/x86_64-linux-gnu/gazebo-11/plugins:/opt/ros/humble/opt/rviz_ogre_vendor/lib:/opt/ros/humble/lib/x86_64-linux-gnu:/opt/ros/humble/lib:/usr/local/cuda-11.7/lib64 PYTHONPATH=/home/wei/ros2_map/install/mapf_msgs/local/lib/python3.10/dist-packages:${PYTHONPATH} /usr/bin/cmake --build /home/wei/ros2_map/build/mapf_base -- -j16 -l16
[0.047s] Consolidate compiler generated dependencies of target plan_animator
[0.053s] [ 20%] Built target goal_transformer
[0.055s] [ 40%] Built target plan_animator
[0.056s] [ 60%] Built target plan_executor
[0.059s] [ 80%] Built target mapf_base
[0.086s] [100%] Built target mapf_base_node
[0.094s] Invoked command in '/home/wei/ros2_map/build/mapf_base' returned '0': AMENT_PREFIX_PATH=/home/wei/ros2_map/install/mapf_ros:/home/wei/ros2_map/install/mapf_msgs:${AMENT_PREFIX_PATH} CMAKE_PREFIX_PATH=/home/wei/ros2_map/install/mapf_ros:/home/wei/ros2_map/install/mapf_msgs:/home/wei/Documents/ros2_ws/install/rover_description:/home/wei/Documents/ros2_ws/install/my_first_pkg:/opt/ros/humble LD_LIBRARY_PATH=/home/wei/ros2_map/install/mapf_ros/lib:/home/wei/ros2_map/install/mapf_msgs/lib:/usr/local/cuda-12.1/lib64:/usr/local/cuda-11.7/lib64:/usr/local/cuda-12.1/lib64:/usr/lib/x86_64-linux-gnu/gazebo-11/plugins:/opt/ros/humble/opt/rviz_ogre_vendor/lib:/opt/ros/humble/lib/x86_64-linux-gnu:/opt/ros/humble/lib:/usr/local/cuda-11.7/lib64 PYTHONPATH=/home/wei/ros2_map/install/mapf_msgs/local/lib/python3.10/dist-packages:${PYTHONPATH} /usr/bin/cmake --build /home/wei/ros2_map/build/mapf_base -- -j16 -l16
[0.100s] Invoking command in '/home/wei/ros2_map/build/mapf_base': AMENT_PREFIX_PATH=/home/wei/ros2_map/install/mapf_ros:/home/wei/ros2_map/install/mapf_msgs:${AMENT_PREFIX_PATH} CMAKE_PREFIX_PATH=/home/wei/ros2_map/install/mapf_ros:/home/wei/ros2_map/install/mapf_msgs:/home/wei/Documents/ros2_ws/install/rover_description:/home/wei/Documents/ros2_ws/install/my_first_pkg:/opt/ros/humble LD_LIBRARY_PATH=/home/wei/ros2_map/install/mapf_ros/lib:/home/wei/ros2_map/install/mapf_msgs/lib:/usr/local/cuda-12.1/lib64:/usr/local/cuda-11.7/lib64:/usr/local/cuda-12.1/lib64:/usr/lib/x86_64-linux-gnu/gazebo-11/plugins:/opt/ros/humble/opt/rviz_ogre_vendor/lib:/opt/ros/humble/lib/x86_64-linux-gnu:/opt/ros/humble/lib:/usr/local/cuda-11.7/lib64 PYTHONPATH=/home/wei/ros2_map/install/mapf_msgs/local/lib/python3.10/dist-packages:${PYTHONPATH} /usr/bin/cmake --install /home/wei/ros2_map/build/mapf_base
[0.105s] -- Install configuration: ""
[0.105s] -- Execute custom install script
[0.105s] -- Up-to-date symlink: /home/wei/ros2_map/install/mapf_base/lib/mapf_base/mapf_base_node
[0.105s] -- Up-to-date symlink: /home/wei/ros2_map/install/mapf_base/lib/mapf_base/goal_transformer
[0.105s] -- Up-to-date symlink: /home/wei/ros2_map/install/mapf_base/lib/mapf_base/plan_executor
[0.105s] -- Up-to-date symlink: /home/wei/ros2_map/install/mapf_base/lib/mapf_base/plan_animator
[0.106s] -- Up-to-date symlink: /home/wei/ros2_map/install/mapf_base/include//mapf_base/mapf_base.hpp
[0.106s] -- Up-to-date symlink: /home/wei/ros2_map/install/mapf_base/share/mapf_base/params/costmap_params.yaml
[0.106s] -- Up-to-date symlink: /home/wei/ros2_map/install/mapf_base/share/mapf_base/params/mapf_params.yaml
[0.106s] -- Up-to-date symlink: /home/wei/ros2_map/install/mapf_base/share/mapf_base/params/whca_costmap_params.yaml
[0.106s] -- Up-to-date symlink: /home/wei/ros2_map/install/mapf_base/share/mapf_base/params/whca_warehouse.rviz
[0.106s] -- Up-to-date symlink: /home/wei/ros2_map/install/mapf_base/share/mapf_base/params/whca_warehouse_params.yaml
[0.106s] -- Up-to-date symlink: /home/wei/ros2_map/install/mapf_base/share/mapf_base/launch/gazebo_warehouse.launch.py
[0.106s] -- Up-to-date symlink: /home/wei/ros2_map/install/mapf_base/share/mapf_base/launch/mapf_example.launch.py
[0.106s] -- Up-to-date symlink: /home/wei/ros2_map/install/mapf_base/share/mapf_base/launch/whca_warehouse.launch.py
[0.107s] CMake Warning (dev) at ament_cmake_symlink_install/ament_cmake_symlink_install.cmake:67 (file):
[0.107s]   Policy CMP0009 is not set: FILE GLOB_RECURSE calls should not follow
[0.107s]   symlinks by default.  Run "cmake --help-policy CMP0009" for policy details.
[0.107s]   Use the cmake_policy command to set the policy and suppress this warning.
[0.107s] Call Stack (most recent call first):
[0.107s]   ament_cmake_symlink_install/ament_cmake_symlink_install.cmake:334 (ament_cmake_symlink_install_directory)
[0.107s]   cmake_install.cmake:46 (include)
[0.107s] This warning is for project developers.  Use -Wno-dev to suppress it.
[0.107s] 
[0.107s] -- Symlinking: /home/wei/ros2_map/install/mapf_base/share/mapf_base/maps/build/.built_by
[0.114s] -- Symlinking: /home/wei/ros2_map/install/mapf_base/share/mapf_base/maps/build/COLCON_IGNORE
[0.121s] -- Symlinking: /home/wei/ros2_map/install/mapf_base/share/mapf_base/maps/install/.colcon_install_layout
[0.127s] -- Symlinking: /home/wei/ros2_map/install/mapf_base/share/mapf_base/maps/install/COLCON_IGNORE
[0.133s] -- Symlinking: /home/wei/ros2_map/install/mapf_base/share/mapf_base/maps/install/_local_setup_util_ps1.py
[0.138s] -- Symlinking: /home/wei/ros2_map/install/mapf_base/share/mapf_base/maps/install/_local_setup_util_sh.py
[0.144s] -- Symlinking: /home/wei/ros2_map/install/mapf_base/share/mapf_base/maps/install/local_setup.bash
[0.151s] -- Symlinking: /home/wei/ros2_map/install/mapf_base/share/mapf_base/maps/install/local_setup.ps1
[0.159s] -- Symlinking: /home/wei/ros2_map/install/mapf_base/share/mapf_base/maps/install/local_setup.sh
[0.166s] -- Symlinking: /home/wei/ros2_map/install/mapf_base/share/mapf_base/maps/install/local_setup.zsh
[0.172s] -- Symlinking: /home/wei/ros2_map/install/mapf_base/share/mapf_base/maps/install/setup.bash
[0.178s] -- Symlinking: /home/wei/ros2_map/install/mapf_base/share/mapf_base/maps/install/setup.ps1
[0.183s] -- Symlinking: /home/wei/ros2_map/install/mapf_base/share/mapf_base/maps/install/setup.sh
[0.188s] -- Symlinking: /home/wei/ros2_map/install/mapf_base/share/mapf_base/maps/install/setup.zsh
[0.194s] -- Symlinking: /home/wei/ros2_map/install/mapf_base/share/mapf_base/maps/log/COLCON_IGNORE
[0.199s] -- Symlinking: /home/wei/ros2_map/install/mapf_base/share/mapf_base/maps/log/build_2026-05-20_09-57-50/events.log
[0.206s] -- Symlinking: /home/wei/ros2_map/install/mapf_base/share/mapf_base/maps/log/build_2026-05-20_09-57-50/logger_all.log
[0.213s] -- Symlinking: /home/wei/ros2_map/install/mapf_base/share/mapf_base/maps/log/latest/events.log
[0.219s] -- Symlinking: /home/wei/ros2_map/install/mapf_base/share/mapf_base/maps/log/latest/logger_all.log
[0.224s] -- Symlinking: /home/wei/ros2_map/install/mapf_base/share/mapf_base/maps/log/latest_build/events.log
[0.229s] -- Symlinking: /home/wei/ros2_map/install/mapf_base/share/mapf_base/maps/log/latest_build/logger_all.log
[0.234s] -- Up-to-date symlink: /home/wei/ros2_map/install/mapf_base/share/mapf_base/maps/warehouse.pgm
[0.234s] -- Up-to-date symlink: /home/wei/ros2_map/install/mapf_base/share/mapf_base/maps/warehouse.py
[0.234s] -- Up-to-date symlink: /home/wei/ros2_map/install/mapf_base/share/mapf_base/maps/warehouse.yaml
[0.234s] -- Up-to-date symlink: /home/wei/ros2_map/install/mapf_base/share/mapf_base/worlds/warehouse.world
[0.234s] -- Up-to-date symlink: /home/wei/ros2_map/install/mapf_base/share/mapf_base/worlds/warehouse_ign.sdf
[0.234s] -- Up-to-date symlink: /home/wei/ros2_map/install/mapf_base/share/mapf_base/models/robot_0.sdf
[0.234s] -- Up-to-date symlink: /home/wei/ros2_map/install/mapf_base/share/mapf_base/models/robot_1.sdf
[0.234s] -- Up-to-date symlink: /home/wei/ros2_map/install/mapf_base/share/mapf_base/models/robot_2.sdf
[0.234s] -- Up-to-date symlink: /home/wei/ros2_map/install/mapf_base/share/mapf_base/models/robot_3.sdf
[0.234s] -- Up-to-date symlink: /home/wei/ros2_map/install/mapf_base/share/ament_index/resource_index/package_run_dependencies/mapf_base
[0.234s] -- Up-to-date symlink: /home/wei/ros2_map/install/mapf_base/share/ament_index/resource_index/parent_prefix_path/mapf_base
[0.234s] -- Up-to-date symlink: /home/wei/ros2_map/install/mapf_base/share/mapf_base/environment/ament_prefix_path.sh
[0.234s] -- Up-to-date symlink: /home/wei/ros2_map/install/mapf_base/share/mapf_base/environment/ament_prefix_path.dsv
[0.234s] -- Up-to-date symlink: /home/wei/ros2_map/install/mapf_base/share/mapf_base/environment/path.sh
[0.235s] -- Up-to-date symlink: /home/wei/ros2_map/install/mapf_base/share/mapf_base/environment/path.dsv
[0.235s] -- Up-to-date symlink: /home/wei/ros2_map/install/mapf_base/share/mapf_base/local_setup.bash
[0.235s] -- Up-to-date symlink: /home/wei/ros2_map/install/mapf_base/share/mapf_base/local_setup.sh
[0.235s] -- Up-to-date symlink: /home/wei/ros2_map/install/mapf_base/share/mapf_base/local_setup.zsh
[0.235s] -- Up-to-date symlink: /home/wei/ros2_map/install/mapf_base/share/mapf_base/local_setup.dsv
[0.235s] -- Symlinking: /home/wei/ros2_map/install/mapf_base/share/mapf_base/package.dsv
[0.240s] -- Up-to-date symlink: /home/wei/ros2_map/install/mapf_base/share/ament_index/resource_index/packages/mapf_base
[0.241s] -- Up-to-date symlink: /home/wei/ros2_map/install/mapf_base/share/mapf_base/cmake/ament_cmake_export_include_directories-extras.cmake
[0.241s] -- Up-to-date symlink: /home/wei/ros2_map/install/mapf_base/share/mapf_base/cmake/ament_cmake_export_dependencies-extras.cmake
[0.241s] -- Up-to-date symlink: /home/wei/ros2_map/install/mapf_base/share/mapf_base/cmake/mapf_baseConfig.cmake
[0.241s] -- Up-to-date symlink: /home/wei/ros2_map/install/mapf_base/share/mapf_base/cmake/mapf_baseConfig-version.cmake
[0.241s] -- Up-to-date symlink: /home/wei/ros2_map/install/mapf_base/share/mapf_base/package.xml
[0.242s] Invoked command in '/home/wei/ros2_map/build/mapf_base' returned '0': AMENT_PREFIX_PATH=/home/wei/ros2_map/install/mapf_ros:/home/wei/ros2_map/install/mapf_msgs:${AMENT_PREFIX_PATH} CMAKE_PREFIX_PATH=/home/wei/ros2_map/install/mapf_ros:/home/wei/ros2_map/install/mapf_msgs:/home/wei/Documents/ros2_ws/install/rover_description:/home/wei/Documents/ros2_ws/install/my_first_pkg:/opt/ros/humble LD_LIBRARY_PATH=/home/wei/ros2_map/install/mapf_ros/lib:/home/wei/ros2_map/install/mapf_msgs/lib:/usr/local/cuda-12.1/lib64:/usr/local/cuda-11.7/lib64:/usr/local/cuda-12.1/lib64:/usr/lib/x86_64-linux-gnu/gazebo-11/plugins:/opt/ros/humble/opt/rviz_ogre_vendor/lib:/opt/ros/humble/lib/x86_64-linux-gnu:/opt/ros/humble/lib:/usr/local/cuda-11.7/lib64 PYTHONPATH=/home/wei/ros2_map/install/mapf_msgs/local/lib/python3.10/dist-packages:${PYTHONPATH} /usr/bin/cmake --install /home/wei/ros2_map/build/mapf_base
