[0.009s] Invoking command in '/home/wei/ros2_map/build/mapf_base': AMENT_PREFIX_PATH=/home/wei/ros2_map/install/mapf_ros:/home/wei/ros2_map/install/mapf_msgs:${AMENT_PREFIX_PATH} CMAKE_PREFIX_PATH=/home/wei/ros2_map/install/mapf_ros:/home/wei/ros2_map/install/mapf_msgs:/home/wei/Documents/ros2_ws/install/rover_description:/home/wei/Documents/ros2_ws/install/my_first_pkg:/opt/ros/humble LD_LIBRARY_PATH=/home/wei/ros2_map/install/mapf_ros/lib:/home/wei/ros2_map/install/mapf_msgs/lib:/usr/local/cuda-12.1/lib64:/usr/local/cuda-11.7/lib64:/usr/local/cuda-12.1/lib64:/usr/lib/x86_64-linux-gnu/gazebo-11/plugins:/opt/ros/humble/opt/rviz_ogre_vendor/lib:/opt/ros/humble/lib/x86_64-linux-gnu:/opt/ros/humble/lib:/usr/local/cuda-11.7/lib64 PYTHONPATH=/home/wei/ros2_map/install/mapf_msgs/local/lib/python3.10/dist-packages:${PYTHONPATH} /usr/bin/cmake --build /home/wei/ros2_map/build/mapf_base -- -j16 -l16
[0.030s] -- Found ament_cmake: 1.3.14 (/opt/ros/humble/share/ament_cmake/cmake)
[0.116s] -- Override CMake install command with custom implementation using symlinks instead of copying resources
[0.120s] -- Found rclcpp: 16.0.19 (/opt/ros/humble/share/rclcpp/cmake)
[0.142s] -- Found rosidl_generator_c: 3.1.8 (/opt/ros/humble/share/rosidl_generator_c/cmake)
[0.144s] -- Found rosidl_adapter: 3.1.8 (/opt/ros/humble/share/rosidl_adapter/cmake)
[0.148s] -- Found rosidl_generator_cpp: 3.1.8 (/opt/ros/humble/share/rosidl_generator_cpp/cmake)
[0.154s] -- Using all available rosidl_typesupport_c: rosidl_typesupport_fastrtps_c;rosidl_typesupport_introspection_c
[0.161s] -- Using all available rosidl_typesupport_cpp: rosidl_typesupport_fastrtps_cpp;rosidl_typesupport_introspection_cpp
[0.183s] -- Found rmw_implementation_cmake: 6.1.2 (/opt/ros/humble/share/rmw_implementation_cmake/cmake)
[0.184s] -- Found rmw_fastrtps_cpp: 6.2.10 (/opt/ros/humble/share/rmw_fastrtps_cpp/cmake)
[0.265s] -- Using RMW implementation 'rmw_fastrtps_cpp' as default
[0.298s] -- Found rclcpp_action: 16.0.19 (/opt/ros/humble/share/rclcpp_action/cmake)
[0.318s] -- Found rclcpp_lifecycle: 16.0.19 (/opt/ros/humble/share/rclcpp_lifecycle/cmake)
[0.329s] -- Found nav_msgs: 4.9.1 (/opt/ros/humble/share/nav_msgs/cmake)
[0.347s] -- Found sensor_msgs: 4.9.1 (/opt/ros/humble/share/sensor_msgs/cmake)
[0.358s] -- Found visualization_msgs: 4.9.1 (/opt/ros/humble/share/visualization_msgs/cmake)
[0.370s] -- Found tf2_geometry_msgs: 0.25.20 (/opt/ros/humble/share/tf2_geometry_msgs/cmake)
[0.372s] -- Found eigen3_cmake_module: 0.1.1 (/opt/ros/humble/share/eigen3_cmake_module/cmake)
[0.373s] -- Ensuring Eigen3 include directory is part of orocos-kdl CMake target
[0.409s] -- Found nav2_util: 1.1.20 (/opt/ros/humble/share/nav2_util/cmake)
[0.444s] -- Found nav2_costmap_2d: 1.1.20 (/opt/ros/humble/share/nav2_costmap_2d/cmake)
[0.493s] -- Found mapf_msgs: 2.0.0 (/home/wei/ros2_map/install/mapf_msgs/share/mapf_msgs/cmake)
[0.504s] -- Found mapf_ros: 0.0.0 (/home/wei/ros2_map/install/mapf_ros/share/mapf_ros/cmake)
[1.045s] -- Configuring done
[1.194s] -- Generating done
[1.213s] -- Build files have been written to: /home/wei/ros2_map/build/mapf_base
[1.240s] Consolidate compiler generated dependencies of target goal_transformer
[1.243s] Consolidate compiler generated dependencies of target plan_executor
[1.245s] Consolidate compiler generated dependencies of target mapf_base
[1.247s] [ 10%] Building CXX object CMakeFiles/plan_animator.dir/example/plan_animator.cpp.o
[1.253s] [ 30%] Built target goal_transformer
[1.258s] [ 50%] Built target plan_executor
[1.262s] [ 70%] Built target mapf_base
[1.276s] Consolidate compiler generated dependencies of target mapf_base_node
[1.290s] [ 90%] Built target mapf_base_node
[7.518s] [100%] Linking CXX executable plan_animator
[8.096s] [100%] Built target plan_animator
[8.103s] Invoked command in '/home/wei/ros2_map/build/mapf_base' returned '0': AMENT_PREFIX_PATH=/home/wei/ros2_map/install/mapf_ros:/home/wei/ros2_map/install/mapf_msgs:${AMENT_PREFIX_PATH} CMAKE_PREFIX_PATH=/home/wei/ros2_map/install/mapf_ros:/home/wei/ros2_map/install/mapf_msgs:/home/wei/Documents/ros2_ws/install/rover_description:/home/wei/Documents/ros2_ws/install/my_first_pkg:/opt/ros/humble LD_LIBRARY_PATH=/home/wei/ros2_map/install/mapf_ros/lib:/home/wei/ros2_map/install/mapf_msgs/lib:/usr/local/cuda-12.1/lib64:/usr/local/cuda-11.7/lib64:/usr/local/cuda-12.1/lib64:/usr/lib/x86_64-linux-gnu/gazebo-11/plugins:/opt/ros/humble/opt/rviz_ogre_vendor/lib:/opt/ros/humble/lib/x86_64-linux-gnu:/opt/ros/humble/lib:/usr/local/cuda-11.7/lib64 PYTHONPATH=/home/wei/ros2_map/install/mapf_msgs/local/lib/python3.10/dist-packages:${PYTHONPATH} /usr/bin/cmake --build /home/wei/ros2_map/build/mapf_base -- -j16 -l16
[8.109s] Invoking command in '/home/wei/ros2_map/build/mapf_base': AMENT_PREFIX_PATH=/home/wei/ros2_map/install/mapf_ros:/home/wei/ros2_map/install/mapf_msgs:${AMENT_PREFIX_PATH} CMAKE_PREFIX_PATH=/home/wei/ros2_map/install/mapf_ros:/home/wei/ros2_map/install/mapf_msgs:/home/wei/Documents/ros2_ws/install/rover_description:/home/wei/Documents/ros2_ws/install/my_first_pkg:/opt/ros/humble LD_LIBRARY_PATH=/home/wei/ros2_map/install/mapf_ros/lib:/home/wei/ros2_map/install/mapf_msgs/lib:/usr/local/cuda-12.1/lib64:/usr/local/cuda-11.7/lib64:/usr/local/cuda-12.1/lib64:/usr/lib/x86_64-linux-gnu/gazebo-11/plugins:/opt/ros/humble/opt/rviz_ogre_vendor/lib:/opt/ros/humble/lib/x86_64-linux-gnu:/opt/ros/humble/lib:/usr/local/cuda-11.7/lib64 PYTHONPATH=/home/wei/ros2_map/install/mapf_msgs/local/lib/python3.10/dist-packages:${PYTHONPATH} /usr/bin/cmake --install /home/wei/ros2_map/build/mapf_base
[8.114s] -- Install configuration: ""
[8.114s] -- Execute custom install script
[8.114s] -- Up-to-date symlink: /home/wei/ros2_map/install/mapf_base/lib/mapf_base/mapf_base_node
[8.114s] -- Up-to-date symlink: /home/wei/ros2_map/install/mapf_base/lib/mapf_base/goal_transformer
[8.114s] -- Up-to-date symlink: /home/wei/ros2_map/install/mapf_base/lib/mapf_base/plan_executor
[8.114s] -- Symlinking: /home/wei/ros2_map/install/mapf_base/lib/mapf_base/plan_animator
[8.119s] -- Up-to-date symlink: /home/wei/ros2_map/install/mapf_base/include//mapf_base/mapf_base.hpp
[8.120s] -- Up-to-date symlink: /home/wei/ros2_map/install/mapf_base/share/mapf_base/params/costmap_params.yaml
[8.120s] -- Up-to-date symlink: /home/wei/ros2_map/install/mapf_base/share/mapf_base/params/mapf_params.yaml
[8.120s] -- Up-to-date symlink: /home/wei/ros2_map/install/mapf_base/share/mapf_base/params/whca_costmap_params.yaml
[8.120s] -- Up-to-date symlink: /home/wei/ros2_map/install/mapf_base/share/mapf_base/params/whca_warehouse_params.yaml
[8.120s] -- Up-to-date symlink: /home/wei/ros2_map/install/mapf_base/share/mapf_base/launch/gazebo_warehouse.launch.py
[8.120s] -- Up-to-date symlink: /home/wei/ros2_map/install/mapf_base/share/mapf_base/launch/mapf_example.launch.py
[8.120s] -- Up-to-date symlink: /home/wei/ros2_map/install/mapf_base/share/mapf_base/launch/whca_warehouse.launch.py
[8.120s] -- Up-to-date symlink: /home/wei/ros2_map/install/mapf_base/share/mapf_base/maps/warehouse.pgm
[8.120s] -- Up-to-date symlink: /home/wei/ros2_map/install/mapf_base/share/mapf_base/maps/warehouse.py
[8.120s] -- Up-to-date symlink: /home/wei/ros2_map/install/mapf_base/share/mapf_base/maps/warehouse.yaml
[8.120s] -- Up-to-date symlink: /home/wei/ros2_map/install/mapf_base/share/mapf_base/worlds/warehouse.world
[8.120s] -- Up-to-date symlink: /home/wei/ros2_map/install/mapf_base/share/mapf_base/worlds/warehouse_ign.sdf
[8.120s] -- Up-to-date symlink: /home/wei/ros2_map/install/mapf_base/share/mapf_base/models/robot_0.sdf
[8.120s] -- Up-to-date symlink: /home/wei/ros2_map/install/mapf_base/share/mapf_base/models/robot_1.sdf
[8.121s] -- Up-to-date symlink: /home/wei/ros2_map/install/mapf_base/share/mapf_base/models/robot_2.sdf
[8.121s] -- Up-to-date symlink: /home/wei/ros2_map/install/mapf_base/share/mapf_base/models/robot_3.sdf
[8.121s] -- Up-to-date symlink: /home/wei/ros2_map/install/mapf_base/share/ament_index/resource_index/package_run_dependencies/mapf_base
[8.121s] -- Up-to-date symlink: /home/wei/ros2_map/install/mapf_base/share/ament_index/resource_index/parent_prefix_path/mapf_base
[8.121s] -- Up-to-date symlink: /home/wei/ros2_map/install/mapf_base/share/mapf_base/environment/ament_prefix_path.sh
[8.121s] -- Up-to-date symlink: /home/wei/ros2_map/install/mapf_base/share/mapf_base/environment/ament_prefix_path.dsv
[8.121s] -- Up-to-date symlink: /home/wei/ros2_map/install/mapf_base/share/mapf_base/environment/path.sh
[8.121s] -- Up-to-date symlink: /home/wei/ros2_map/install/mapf_base/share/mapf_base/environment/path.dsv
[8.121s] -- Up-to-date symlink: /home/wei/ros2_map/install/mapf_base/share/mapf_base/local_setup.bash
[8.121s] -- Up-to-date symlink: /home/wei/ros2_map/install/mapf_base/share/mapf_base/local_setup.sh
[8.121s] -- Up-to-date symlink: /home/wei/ros2_map/install/mapf_base/share/mapf_base/local_setup.zsh
[8.121s] -- Up-to-date symlink: /home/wei/ros2_map/install/mapf_base/share/mapf_base/local_setup.dsv
[8.121s] -- Symlinking: /home/wei/ros2_map/install/mapf_base/share/mapf_base/package.dsv
[8.127s] -- Up-to-date symlink: /home/wei/ros2_map/install/mapf_base/share/ament_index/resource_index/packages/mapf_base
[8.127s] -- Up-to-date symlink: /home/wei/ros2_map/install/mapf_base/share/mapf_base/cmake/ament_cmake_export_include_directories-extras.cmake
[8.127s] -- Up-to-date symlink: /home/wei/ros2_map/install/mapf_base/share/mapf_base/cmake/ament_cmake_export_dependencies-extras.cmake
[8.127s] -- Up-to-date symlink: /home/wei/ros2_map/install/mapf_base/share/mapf_base/cmake/mapf_baseConfig.cmake
[8.127s] -- Up-to-date symlink: /home/wei/ros2_map/install/mapf_base/share/mapf_base/cmake/mapf_baseConfig-version.cmake
[8.127s] -- Up-to-date symlink: /home/wei/ros2_map/install/mapf_base/share/mapf_base/package.xml
[8.128s] Invoked command in '/home/wei/ros2_map/build/mapf_base' returned '0': AMENT_PREFIX_PATH=/home/wei/ros2_map/install/mapf_ros:/home/wei/ros2_map/install/mapf_msgs:${AMENT_PREFIX_PATH} CMAKE_PREFIX_PATH=/home/wei/ros2_map/install/mapf_ros:/home/wei/ros2_map/install/mapf_msgs:/home/wei/Documents/ros2_ws/install/rover_description:/home/wei/Documents/ros2_ws/install/my_first_pkg:/opt/ros/humble LD_LIBRARY_PATH=/home/wei/ros2_map/install/mapf_ros/lib:/home/wei/ros2_map/install/mapf_msgs/lib:/usr/local/cuda-12.1/lib64:/usr/local/cuda-11.7/lib64:/usr/local/cuda-12.1/lib64:/usr/lib/x86_64-linux-gnu/gazebo-11/plugins:/opt/ros/humble/opt/rviz_ogre_vendor/lib:/opt/ros/humble/lib/x86_64-linux-gnu:/opt/ros/humble/lib:/usr/local/cuda-11.7/lib64 PYTHONPATH=/home/wei/ros2_map/install/mapf_msgs/local/lib/python3.10/dist-packages:${PYTHONPATH} /usr/bin/cmake --install /home/wei/ros2_map/build/mapf_base
