[0.072s] DEBUG:colcon:Command line arguments: ['/usr/bin/colcon', 'list', '--packages-select', 'mapf_base', 'mapf_ros']
[0.072s] DEBUG:colcon:Parsed command line arguments: Namespace(log_base=None, log_level=None, verb_name='list', build_base='build', ignore_user_meta=False, metas=['./colcon.meta'], base_paths=['.'], packages_ignore=None, packages_ignore_regex=None, paths=None, packages_up_to=None, packages_up_to_regex=None, packages_above=None, packages_above_and_dependencies=None, packages_above_depth=None, packages_select_by_dep=None, packages_skip_by_dep=None, packages_skip_up_to=None, packages_select_build_failed=False, packages_skip_build_finished=False, packages_select_test_failures=False, packages_skip_test_passed=False, packages_select=['mapf_base', 'mapf_ros'], packages_skip=None, packages_select_regex=None, packages_skip_regex=None, packages_start=None, packages_end=None, allow_overriding=[], topological_order=False, names_only=False, paths_only=False, topological_graph=False, topological_graph_dot=False, topological_graph_density=False, topological_graph_legend=False, topological_graph_dot_cluster=False, topological_graph_dot_include_skipped=False, mixin_files=None, mixin=None, verb_parser=<colcon_mixin.mixin.mixin_argument.MixinArgumentDecorator object at 0x7c7ebba64100>, verb_extension=<colcon_package_information.verb.list.ListVerb object at 0x7c7ebb9d8ca0>, main=<bound method ListVerb.main of <colcon_package_information.verb.list.ListVerb object at 0x7c7ebb9d8ca0>>, mixin_verb=('list',))
[0.208s] Level 1:colcon.colcon_core.package_discovery:discover_packages(colcon_meta) check parameters
[0.209s] Level 1:colcon.colcon_core.package_discovery:discover_packages(recursive) check parameters
[0.209s] Level 1:colcon.colcon_core.package_discovery:discover_packages(ignore) check parameters
[0.209s] Level 1:colcon.colcon_core.package_discovery:discover_packages(path) check parameters
[0.209s] Level 1:colcon.colcon_core.package_discovery:discover_packages(colcon_meta) discover
[0.209s] Level 1:colcon.colcon_core.package_discovery:discover_packages(recursive) discover
[0.209s] INFO:colcon.colcon_core.package_discovery:Crawling recursively for packages in '/home/wei/ros2_map'
[0.209s] Level 1:colcon.colcon_core.package_identification:_identify(.) by extensions ['ignore', 'ignore_ament_install']
[0.209s] Level 1:colcon.colcon_core.package_identification:_identify(.) by extension 'ignore'
[0.209s] Level 1:colcon.colcon_core.package_identification:_identify(.) by extension 'ignore_ament_install'
[0.209s] Level 1:colcon.colcon_core.package_identification:_identify(.) by extensions ['colcon_pkg']
[0.209s] Level 1:colcon.colcon_core.package_identification:_identify(.) by extension 'colcon_pkg'
[0.209s] Level 1:colcon.colcon_core.package_identification:_identify(.) by extensions ['colcon_meta']
[0.209s] Level 1:colcon.colcon_core.package_identification:_identify(.) by extension 'colcon_meta'
[0.209s] Level 1:colcon.colcon_core.package_identification:_identify(.) by extensions ['ros']
[0.209s] Level 1:colcon.colcon_core.package_identification:_identify(.) by extension 'ros'
[0.217s] Level 1:colcon.colcon_core.package_identification:_identify(.) by extensions ['cmake', 'python']
[0.217s] Level 1:colcon.colcon_core.package_identification:_identify(.) by extension 'cmake'
[0.217s] Level 1:colcon.colcon_core.package_identification:_identify(.) by extension 'python'
[0.217s] Level 1:colcon.colcon_core.package_identification:_identify(.) by extensions ['python_setup_py']
[0.217s] Level 1:colcon.colcon_core.package_identification:_identify(.) by extension 'python_setup_py'
[0.217s] Level 1:colcon.colcon_core.package_identification:_identify(build) by extensions ['ignore', 'ignore_ament_install']
[0.217s] Level 1:colcon.colcon_core.package_identification:_identify(build) by extension 'ignore'
[0.217s] Level 1:colcon.colcon_core.package_identification:_identify(build) ignored
[0.217s] Level 1:colcon.colcon_core.package_identification:_identify(install) by extensions ['ignore', 'ignore_ament_install']
[0.217s] Level 1:colcon.colcon_core.package_identification:_identify(install) by extension 'ignore'
[0.217s] Level 1:colcon.colcon_core.package_identification:_identify(install) ignored
[0.217s] Level 1:colcon.colcon_core.package_identification:_identify(log) by extensions ['ignore', 'ignore_ament_install']
[0.217s] Level 1:colcon.colcon_core.package_identification:_identify(log) by extension 'ignore'
[0.217s] Level 1:colcon.colcon_core.package_identification:_identify(log) ignored
[0.218s] Level 1:colcon.colcon_core.package_identification:_identify(mapf_ros) by extensions ['ignore', 'ignore_ament_install']
[0.218s] Level 1:colcon.colcon_core.package_identification:_identify(mapf_ros) by extension 'ignore'
[0.218s] Level 1:colcon.colcon_core.package_identification:_identify(mapf_ros) by extension 'ignore_ament_install'
[0.218s] Level 1:colcon.colcon_core.package_identification:_identify(mapf_ros) by extensions ['colcon_pkg']
[0.218s] Level 1:colcon.colcon_core.package_identification:_identify(mapf_ros) by extension 'colcon_pkg'
[0.218s] Level 1:colcon.colcon_core.package_identification:_identify(mapf_ros) by extensions ['colcon_meta']
[0.218s] Level 1:colcon.colcon_core.package_identification:_identify(mapf_ros) by extension 'colcon_meta'
[0.218s] Level 1:colcon.colcon_core.package_identification:_identify(mapf_ros) by extensions ['ros']
[0.218s] Level 1:colcon.colcon_core.package_identification:_identify(mapf_ros) by extension 'ros'
[0.218s] Level 1:colcon.colcon_core.package_identification:_identify(mapf_ros) by extensions ['cmake', 'python']
[0.218s] Level 1:colcon.colcon_core.package_identification:_identify(mapf_ros) by extension 'cmake'
[0.218s] Level 1:colcon.colcon_core.package_identification:_identify(mapf_ros) by extension 'python'
[0.218s] Level 1:colcon.colcon_core.package_identification:_identify(mapf_ros) by extensions ['python_setup_py']
[0.218s] Level 1:colcon.colcon_core.package_identification:_identify(mapf_ros) by extension 'python_setup_py'
[0.218s] Level 1:colcon.colcon_core.package_identification:_identify(mapf_ros/doc) by extensions ['ignore', 'ignore_ament_install']
[0.218s] Level 1:colcon.colcon_core.package_identification:_identify(mapf_ros/doc) by extension 'ignore'
[0.218s] Level 1:colcon.colcon_core.package_identification:_identify(mapf_ros/doc) by extension 'ignore_ament_install'
[0.218s] Level 1:colcon.colcon_core.package_identification:_identify(mapf_ros/doc) by extensions ['colcon_pkg']
[0.218s] Level 1:colcon.colcon_core.package_identification:_identify(mapf_ros/doc) by extension 'colcon_pkg'
[0.218s] Level 1:colcon.colcon_core.package_identification:_identify(mapf_ros/doc) by extensions ['colcon_meta']
[0.218s] Level 1:colcon.colcon_core.package_identification:_identify(mapf_ros/doc) by extension 'colcon_meta'
[0.218s] Level 1:colcon.colcon_core.package_identification:_identify(mapf_ros/doc) by extensions ['ros']
[0.218s] Level 1:colcon.colcon_core.package_identification:_identify(mapf_ros/doc) by extension 'ros'
[0.218s] Level 1:colcon.colcon_core.package_identification:_identify(mapf_ros/doc) by extensions ['cmake', 'python']
[0.218s] Level 1:colcon.colcon_core.package_identification:_identify(mapf_ros/doc) by extension 'cmake'
[0.218s] Level 1:colcon.colcon_core.package_identification:_identify(mapf_ros/doc) by extension 'python'
[0.219s] Level 1:colcon.colcon_core.package_identification:_identify(mapf_ros/doc) by extensions ['python_setup_py']
[0.219s] Level 1:colcon.colcon_core.package_identification:_identify(mapf_ros/doc) by extension 'python_setup_py'
[0.219s] Level 1:colcon.colcon_core.package_identification:_identify(mapf_ros/mapf_base) by extensions ['ignore', 'ignore_ament_install']
[0.219s] Level 1:colcon.colcon_core.package_identification:_identify(mapf_ros/mapf_base) by extension 'ignore'
[0.219s] Level 1:colcon.colcon_core.package_identification:_identify(mapf_ros/mapf_base) by extension 'ignore_ament_install'
[0.219s] Level 1:colcon.colcon_core.package_identification:_identify(mapf_ros/mapf_base) by extensions ['colcon_pkg']
[0.219s] Level 1:colcon.colcon_core.package_identification:_identify(mapf_ros/mapf_base) by extension 'colcon_pkg'
[0.219s] Level 1:colcon.colcon_core.package_identification:_identify(mapf_ros/mapf_base) by extensions ['colcon_meta']
[0.219s] Level 1:colcon.colcon_core.package_identification:_identify(mapf_ros/mapf_base) by extension 'colcon_meta'
[0.219s] Level 1:colcon.colcon_core.package_identification:_identify(mapf_ros/mapf_base) by extensions ['ros']
[0.219s] Level 1:colcon.colcon_core.package_identification:_identify(mapf_ros/mapf_base) by extension 'ros'
[0.221s] DEBUG:colcon.colcon_core.package_identification:Package 'mapf_ros/mapf_base' with type 'ros.ament_cmake' and name 'mapf_base'
[0.221s] Level 1:colcon.colcon_core.package_identification:_identify(mapf_ros/mapf_msgs) by extensions ['ignore', 'ignore_ament_install']
[0.221s] Level 1:colcon.colcon_core.package_identification:_identify(mapf_ros/mapf_msgs) by extension 'ignore'
[0.221s] Level 1:colcon.colcon_core.package_identification:_identify(mapf_ros/mapf_msgs) by extension 'ignore_ament_install'
[0.221s] Level 1:colcon.colcon_core.package_identification:_identify(mapf_ros/mapf_msgs) by extensions ['colcon_pkg']
[0.221s] Level 1:colcon.colcon_core.package_identification:_identify(mapf_ros/mapf_msgs) by extension 'colcon_pkg'
[0.222s] Level 1:colcon.colcon_core.package_identification:_identify(mapf_ros/mapf_msgs) by extensions ['colcon_meta']
[0.222s] Level 1:colcon.colcon_core.package_identification:_identify(mapf_ros/mapf_msgs) by extension 'colcon_meta'
[0.222s] Level 1:colcon.colcon_core.package_identification:_identify(mapf_ros/mapf_msgs) by extensions ['ros']
[0.222s] Level 1:colcon.colcon_core.package_identification:_identify(mapf_ros/mapf_msgs) by extension 'ros'
[0.222s] DEBUG:colcon.colcon_core.package_identification:Package 'mapf_ros/mapf_msgs' with type 'ros.ament_cmake' and name 'mapf_msgs'
[0.222s] Level 1:colcon.colcon_core.package_identification:_identify(mapf_ros/mapf_ros) by extensions ['ignore', 'ignore_ament_install']
[0.222s] Level 1:colcon.colcon_core.package_identification:_identify(mapf_ros/mapf_ros) by extension 'ignore'
[0.222s] Level 1:colcon.colcon_core.package_identification:_identify(mapf_ros/mapf_ros) by extension 'ignore_ament_install'
[0.222s] Level 1:colcon.colcon_core.package_identification:_identify(mapf_ros/mapf_ros) by extensions ['colcon_pkg']
[0.222s] Level 1:colcon.colcon_core.package_identification:_identify(mapf_ros/mapf_ros) by extension 'colcon_pkg'
[0.222s] Level 1:colcon.colcon_core.package_identification:_identify(mapf_ros/mapf_ros) by extensions ['colcon_meta']
[0.222s] Level 1:colcon.colcon_core.package_identification:_identify(mapf_ros/mapf_ros) by extension 'colcon_meta'
[0.222s] Level 1:colcon.colcon_core.package_identification:_identify(mapf_ros/mapf_ros) by extensions ['ros']
[0.222s] Level 1:colcon.colcon_core.package_identification:_identify(mapf_ros/mapf_ros) by extension 'ros'
[0.223s] DEBUG:colcon.colcon_core.package_identification:Package 'mapf_ros/mapf_ros' with type 'ros.ament_cmake' and name 'mapf_ros'
[0.223s] Level 1:colcon.colcon_core.package_discovery:discover_packages(recursive) using defaults
[0.223s] Level 1:colcon.colcon_core.package_discovery:discover_packages(ignore) discover
[0.223s] Level 1:colcon.colcon_core.package_discovery:discover_packages(ignore) using defaults
[0.223s] Level 1:colcon.colcon_core.package_discovery:discover_packages(path) discover
[0.223s] Level 1:colcon.colcon_core.package_discovery:discover_packages(path) using defaults
[0.247s] INFO:colcon.colcon_core.package_selection:Skipping not selected package 'mapf_msgs' in 'mapf_ros/mapf_msgs'
