[0.083s] DEBUG:colcon:Command line arguments: ['/usr/bin/colcon', 'build', '--symlink-install', '--packages-select', 'mapf_base']
[0.083s] DEBUG:colcon:Parsed command line arguments: Namespace(log_base=None, log_level=None, verb_name='build', build_base='build', install_base='install', merge_install=False, symlink_install=True, test_result_base=None, continue_on_error=False, executor='parallel', parallel_workers=16, event_handlers=None, ignore_user_meta=False, metas=['./colcon.meta'], base_paths=['.'], packages_ignore=None, packages_ignore_regex=None, paths=None, packages_up_to=None, packages_up_to_regex=None, packages_above=None, packages_above_and_dependencies=None, packages_above_depth=None, packages_select_by_dep=None, packages_skip_by_dep=None, packages_skip_up_to=None, packages_select_build_failed=False, packages_skip_build_finished=False, packages_select_test_failures=False, packages_skip_test_passed=False, packages_select=['mapf_base'], packages_skip=None, packages_select_regex=None, packages_skip_regex=None, packages_start=None, packages_end=None, allow_overriding=[], cmake_args=None, cmake_target=None, cmake_target_skip_unavailable=False, cmake_clean_cache=False, cmake_clean_first=False, cmake_force_configure=False, ament_cmake_args=None, catkin_cmake_args=None, catkin_skip_building_tests=False, mixin_files=None, mixin=None, verb_parser=<colcon_mixin.mixin.mixin_argument.MixinArgumentDecorator object at 0x71821da57700>, verb_extension=<colcon_core.verb.build.BuildVerb object at 0x71821dba04c0>, main=<bound method BuildVerb.main of <colcon_core.verb.build.BuildVerb object at 0x71821dba04c0>>, mixin_verb=('build',))
[0.221s] Level 1:colcon.colcon_core.package_discovery:discover_packages(colcon_meta) check parameters
[0.221s] Level 1:colcon.colcon_core.package_discovery:discover_packages(recursive) check parameters
[0.221s] Level 1:colcon.colcon_core.package_discovery:discover_packages(ignore) check parameters
[0.221s] Level 1:colcon.colcon_core.package_discovery:discover_packages(path) check parameters
[0.221s] Level 1:colcon.colcon_core.package_discovery:discover_packages(colcon_meta) discover
[0.221s] Level 1:colcon.colcon_core.package_discovery:discover_packages(recursive) discover
[0.221s] INFO:colcon.colcon_core.package_discovery:Crawling recursively for packages in '/home/wei/ros2_map'
[0.221s] Level 1:colcon.colcon_core.package_identification:_identify(.) by extensions ['ignore', 'ignore_ament_install']
[0.221s] Level 1:colcon.colcon_core.package_identification:_identify(.) by extension 'ignore'
[0.221s] Level 1:colcon.colcon_core.package_identification:_identify(.) by extension 'ignore_ament_install'
[0.221s] Level 1:colcon.colcon_core.package_identification:_identify(.) by extensions ['colcon_pkg']
[0.221s] Level 1:colcon.colcon_core.package_identification:_identify(.) by extension 'colcon_pkg'
[0.221s] Level 1:colcon.colcon_core.package_identification:_identify(.) by extensions ['colcon_meta']
[0.221s] Level 1:colcon.colcon_core.package_identification:_identify(.) by extension 'colcon_meta'
[0.221s] Level 1:colcon.colcon_core.package_identification:_identify(.) by extensions ['ros']
[0.221s] Level 1:colcon.colcon_core.package_identification:_identify(.) by extension 'ros'
[0.231s] Level 1:colcon.colcon_core.package_identification:_identify(.) by extensions ['cmake', 'python']
[0.231s] Level 1:colcon.colcon_core.package_identification:_identify(.) by extension 'cmake'
[0.232s] Level 1:colcon.colcon_core.package_identification:_identify(.) by extension 'python'
[0.232s] Level 1:colcon.colcon_core.package_identification:_identify(.) by extensions ['python_setup_py']
[0.232s] Level 1:colcon.colcon_core.package_identification:_identify(.) by extension 'python_setup_py'
[0.232s] Level 1:colcon.colcon_core.package_identification:_identify(build) by extensions ['ignore', 'ignore_ament_install']
[0.232s] Level 1:colcon.colcon_core.package_identification:_identify(build) by extension 'ignore'
[0.232s] Level 1:colcon.colcon_core.package_identification:_identify(build) ignored
[0.232s] Level 1:colcon.colcon_core.package_identification:_identify(install) by extensions ['ignore', 'ignore_ament_install']
[0.232s] Level 1:colcon.colcon_core.package_identification:_identify(install) by extension 'ignore'
[0.232s] Level 1:colcon.colcon_core.package_identification:_identify(install) ignored
[0.232s] Level 1:colcon.colcon_core.package_identification:_identify(log) by extensions ['ignore', 'ignore_ament_install']
[0.232s] Level 1:colcon.colcon_core.package_identification:_identify(log) by extension 'ignore'
[0.232s] Level 1:colcon.colcon_core.package_identification:_identify(log) ignored
[0.232s] Level 1:colcon.colcon_core.package_identification:_identify(mapf_ros) by extensions ['ignore', 'ignore_ament_install']
[0.232s] Level 1:colcon.colcon_core.package_identification:_identify(mapf_ros) by extension 'ignore'
[0.232s] Level 1:colcon.colcon_core.package_identification:_identify(mapf_ros) by extension 'ignore_ament_install'
[0.232s] Level 1:colcon.colcon_core.package_identification:_identify(mapf_ros) by extensions ['colcon_pkg']
[0.232s] Level 1:colcon.colcon_core.package_identification:_identify(mapf_ros) by extension 'colcon_pkg'
[0.232s] Level 1:colcon.colcon_core.package_identification:_identify(mapf_ros) by extensions ['colcon_meta']
[0.232s] Level 1:colcon.colcon_core.package_identification:_identify(mapf_ros) by extension 'colcon_meta'
[0.232s] Level 1:colcon.colcon_core.package_identification:_identify(mapf_ros) by extensions ['ros']
[0.232s] Level 1:colcon.colcon_core.package_identification:_identify(mapf_ros) by extension 'ros'
[0.232s] Level 1:colcon.colcon_core.package_identification:_identify(mapf_ros) by extensions ['cmake', 'python']
[0.232s] Level 1:colcon.colcon_core.package_identification:_identify(mapf_ros) by extension 'cmake'
[0.232s] Level 1:colcon.colcon_core.package_identification:_identify(mapf_ros) by extension 'python'
[0.232s] Level 1:colcon.colcon_core.package_identification:_identify(mapf_ros) by extensions ['python_setup_py']
[0.233s] Level 1:colcon.colcon_core.package_identification:_identify(mapf_ros) by extension 'python_setup_py'
[0.233s] Level 1:colcon.colcon_core.package_identification:_identify(mapf_ros/doc) by extensions ['ignore', 'ignore_ament_install']
[0.233s] Level 1:colcon.colcon_core.package_identification:_identify(mapf_ros/doc) by extension 'ignore'
[0.233s] Level 1:colcon.colcon_core.package_identification:_identify(mapf_ros/doc) by extension 'ignore_ament_install'
[0.233s] Level 1:colcon.colcon_core.package_identification:_identify(mapf_ros/doc) by extensions ['colcon_pkg']
[0.233s] Level 1:colcon.colcon_core.package_identification:_identify(mapf_ros/doc) by extension 'colcon_pkg'
[0.233s] Level 1:colcon.colcon_core.package_identification:_identify(mapf_ros/doc) by extensions ['colcon_meta']
[0.233s] Level 1:colcon.colcon_core.package_identification:_identify(mapf_ros/doc) by extension 'colcon_meta'
[0.233s] Level 1:colcon.colcon_core.package_identification:_identify(mapf_ros/doc) by extensions ['ros']
[0.233s] Level 1:colcon.colcon_core.package_identification:_identify(mapf_ros/doc) by extension 'ros'
[0.233s] Level 1:colcon.colcon_core.package_identification:_identify(mapf_ros/doc) by extensions ['cmake', 'python']
[0.233s] Level 1:colcon.colcon_core.package_identification:_identify(mapf_ros/doc) by extension 'cmake'
[0.233s] Level 1:colcon.colcon_core.package_identification:_identify(mapf_ros/doc) by extension 'python'
[0.233s] Level 1:colcon.colcon_core.package_identification:_identify(mapf_ros/doc) by extensions ['python_setup_py']
[0.233s] Level 1:colcon.colcon_core.package_identification:_identify(mapf_ros/doc) by extension 'python_setup_py'
[0.233s] Level 1:colcon.colcon_core.package_identification:_identify(mapf_ros/mapf_base) by extensions ['ignore', 'ignore_ament_install']
[0.233s] Level 1:colcon.colcon_core.package_identification:_identify(mapf_ros/mapf_base) by extension 'ignore'
[0.233s] Level 1:colcon.colcon_core.package_identification:_identify(mapf_ros/mapf_base) by extension 'ignore_ament_install'
[0.233s] Level 1:colcon.colcon_core.package_identification:_identify(mapf_ros/mapf_base) by extensions ['colcon_pkg']
[0.233s] Level 1:colcon.colcon_core.package_identification:_identify(mapf_ros/mapf_base) by extension 'colcon_pkg'
[0.233s] Level 1:colcon.colcon_core.package_identification:_identify(mapf_ros/mapf_base) by extensions ['colcon_meta']
[0.233s] Level 1:colcon.colcon_core.package_identification:_identify(mapf_ros/mapf_base) by extension 'colcon_meta'
[0.233s] Level 1:colcon.colcon_core.package_identification:_identify(mapf_ros/mapf_base) by extensions ['ros']
[0.233s] Level 1:colcon.colcon_core.package_identification:_identify(mapf_ros/mapf_base) by extension 'ros'
[0.241s] DEBUG:colcon.colcon_core.package_identification:Package 'mapf_ros/mapf_base' with type 'ros.ament_cmake' and name 'mapf_base'
[0.241s] Level 1:colcon.colcon_core.package_identification:_identify(mapf_ros/mapf_msgs) by extensions ['ignore', 'ignore_ament_install']
[0.241s] Level 1:colcon.colcon_core.package_identification:_identify(mapf_ros/mapf_msgs) by extension 'ignore'
[0.241s] Level 1:colcon.colcon_core.package_identification:_identify(mapf_ros/mapf_msgs) by extension 'ignore_ament_install'
[0.241s] Level 1:colcon.colcon_core.package_identification:_identify(mapf_ros/mapf_msgs) by extensions ['colcon_pkg']
[0.241s] Level 1:colcon.colcon_core.package_identification:_identify(mapf_ros/mapf_msgs) by extension 'colcon_pkg'
[0.241s] Level 1:colcon.colcon_core.package_identification:_identify(mapf_ros/mapf_msgs) by extensions ['colcon_meta']
[0.241s] Level 1:colcon.colcon_core.package_identification:_identify(mapf_ros/mapf_msgs) by extension 'colcon_meta'
[0.241s] Level 1:colcon.colcon_core.package_identification:_identify(mapf_ros/mapf_msgs) by extensions ['ros']
[0.241s] Level 1:colcon.colcon_core.package_identification:_identify(mapf_ros/mapf_msgs) by extension 'ros'
[0.242s] DEBUG:colcon.colcon_core.package_identification:Package 'mapf_ros/mapf_msgs' with type 'ros.ament_cmake' and name 'mapf_msgs'
[0.242s] Level 1:colcon.colcon_core.package_identification:_identify(mapf_ros/mapf_ros) by extensions ['ignore', 'ignore_ament_install']
[0.242s] Level 1:colcon.colcon_core.package_identification:_identify(mapf_ros/mapf_ros) by extension 'ignore'
[0.242s] Level 1:colcon.colcon_core.package_identification:_identify(mapf_ros/mapf_ros) by extension 'ignore_ament_install'
[0.242s] Level 1:colcon.colcon_core.package_identification:_identify(mapf_ros/mapf_ros) by extensions ['colcon_pkg']
[0.242s] Level 1:colcon.colcon_core.package_identification:_identify(mapf_ros/mapf_ros) by extension 'colcon_pkg'
[0.242s] Level 1:colcon.colcon_core.package_identification:_identify(mapf_ros/mapf_ros) by extensions ['colcon_meta']
[0.242s] Level 1:colcon.colcon_core.package_identification:_identify(mapf_ros/mapf_ros) by extension 'colcon_meta'
[0.242s] Level 1:colcon.colcon_core.package_identification:_identify(mapf_ros/mapf_ros) by extensions ['ros']
[0.242s] Level 1:colcon.colcon_core.package_identification:_identify(mapf_ros/mapf_ros) by extension 'ros'
[0.243s] DEBUG:colcon.colcon_core.package_identification:Package 'mapf_ros/mapf_ros' with type 'ros.ament_cmake' and name 'mapf_ros'
[0.243s] Level 1:colcon.colcon_core.package_discovery:discover_packages(recursive) using defaults
[0.243s] Level 1:colcon.colcon_core.package_discovery:discover_packages(ignore) discover
[0.243s] Level 1:colcon.colcon_core.package_discovery:discover_packages(ignore) using defaults
[0.243s] Level 1:colcon.colcon_core.package_discovery:discover_packages(path) discover
[0.243s] Level 1:colcon.colcon_core.package_discovery:discover_packages(path) using defaults
[0.259s] INFO:colcon.colcon_core.package_selection:Skipping not selected package 'mapf_msgs' in 'mapf_ros/mapf_msgs'
[0.259s] INFO:colcon.colcon_core.package_selection:Skipping not selected package 'mapf_ros' in 'mapf_ros/mapf_ros'
[0.259s] Level 1:colcon.colcon_core.package_discovery:discover_packages(prefix_path) check parameters
[0.259s] Level 1:colcon.colcon_core.package_discovery:discover_packages(prefix_path) discover
[0.260s] DEBUG:colcon.colcon_installed_package_information.package_discovery:Found 2 installed packages in /home/wei/Documents/ros2_ws/install
[0.261s] DEBUG:colcon.colcon_installed_package_information.package_discovery:Found 0 installed packages in /home/wei/ros2_ws/install
[0.262s] DEBUG:colcon.colcon_installed_package_information.package_discovery:Found 426 installed packages in /opt/ros/humble
[0.264s] Level 1:colcon.colcon_core.package_discovery:discover_packages(prefix_path) using defaults
[0.298s] Level 5:colcon.colcon_core.verb:set package 'mapf_base' build argument 'cmake_args' from command line to 'None'
[0.298s] Level 5:colcon.colcon_core.verb:set package 'mapf_base' build argument 'cmake_target' from command line to 'None'
[0.298s] Level 5:colcon.colcon_core.verb:set package 'mapf_base' build argument 'cmake_target_skip_unavailable' from command line to 'False'
[0.298s] Level 5:colcon.colcon_core.verb:set package 'mapf_base' build argument 'cmake_clean_cache' from command line to 'False'
[0.298s] Level 5:colcon.colcon_core.verb:set package 'mapf_base' build argument 'cmake_clean_first' from command line to 'False'
[0.298s] Level 5:colcon.colcon_core.verb:set package 'mapf_base' build argument 'cmake_force_configure' from command line to 'False'
[0.298s] Level 5:colcon.colcon_core.verb:set package 'mapf_base' build argument 'ament_cmake_args' from command line to 'None'
[0.298s] Level 5:colcon.colcon_core.verb:set package 'mapf_base' build argument 'catkin_cmake_args' from command line to 'None'
[0.298s] Level 5:colcon.colcon_core.verb:set package 'mapf_base' build argument 'catkin_skip_building_tests' from command line to 'False'
[0.298s] DEBUG:colcon.colcon_core.verb:Building package 'mapf_base' with the following arguments: {'ament_cmake_args': None, 'build_base': '/home/wei/ros2_map/build/mapf_base', 'catkin_cmake_args': None, 'catkin_skip_building_tests': False, 'cmake_args': None, 'cmake_clean_cache': False, 'cmake_clean_first': False, 'cmake_force_configure': False, 'cmake_target': None, 'cmake_target_skip_unavailable': False, 'install_base': '/home/wei/ros2_map/install/mapf_base', 'merge_install': False, 'path': '/home/wei/ros2_map/mapf_ros/mapf_base', 'symlink_install': True, 'test_result_base': None}
[0.298s] INFO:colcon.colcon_core.executor:Executing jobs using 'parallel' executor
[0.299s] DEBUG:colcon.colcon_parallel_executor.executor.parallel:run_until_complete
[0.299s] INFO:colcon.colcon_ros.task.ament_cmake.build:Building ROS package in '/home/wei/ros2_map/mapf_ros/mapf_base' with build type 'ament_cmake'
[0.299s] INFO:colcon.colcon_cmake.task.cmake.build:Building CMake package in '/home/wei/ros2_map/mapf_ros/mapf_base'
[0.300s] INFO:colcon.colcon_core.plugin_system:Skipping extension 'colcon_core.shell.bat': Not used on non-Windows systems
[0.300s] INFO:colcon.colcon_core.shell:Skip shell extension 'powershell' for command environment: Not usable outside of PowerShell
[0.300s] DEBUG:colcon.colcon_core.shell:Skip shell extension 'dsv' for command environment
[0.312s] DEBUG:colcon.colcon_core.event_handler.log_command:Invoking command in '/home/wei/ros2_map/build/mapf_base': AMENT_PREFIX_PATH=/home/wei/ros2_map/install/mapf_ros:/home/wei/ros2_map/install/mapf_msgs:${AMENT_PREFIX_PATH} CMAKE_PREFIX_PATH=/home/wei/ros2_map/install/mapf_ros:/home/wei/ros2_map/install/mapf_msgs:/home/wei/Documents/ros2_ws/install/rover_description:/home/wei/Documents/ros2_ws/install/my_first_pkg:/opt/ros/humble LD_LIBRARY_PATH=/home/wei/ros2_map/install/mapf_ros/lib:/home/wei/ros2_map/install/mapf_msgs/lib:/usr/local/cuda-12.1/lib64:/usr/local/cuda-11.7/lib64:/usr/local/cuda-12.1/lib64:/usr/lib/x86_64-linux-gnu/gazebo-11/plugins:/opt/ros/humble/opt/rviz_ogre_vendor/lib:/opt/ros/humble/lib/x86_64-linux-gnu:/opt/ros/humble/lib:/usr/local/cuda-11.7/lib64 PYTHONPATH=/home/wei/ros2_map/install/mapf_msgs/local/lib/python3.10/dist-packages:${PYTHONPATH} /usr/bin/cmake --build /home/wei/ros2_map/build/mapf_base -- -j16 -l16
[0.393s] DEBUG:colcon.colcon_core.event_handler.log_command:Invoked command in '/home/wei/ros2_map/build/mapf_base' returned '0': AMENT_PREFIX_PATH=/home/wei/ros2_map/install/mapf_ros:/home/wei/ros2_map/install/mapf_msgs:${AMENT_PREFIX_PATH} CMAKE_PREFIX_PATH=/home/wei/ros2_map/install/mapf_ros:/home/wei/ros2_map/install/mapf_msgs:/home/wei/Documents/ros2_ws/install/rover_description:/home/wei/Documents/ros2_ws/install/my_first_pkg:/opt/ros/humble LD_LIBRARY_PATH=/home/wei/ros2_map/install/mapf_ros/lib:/home/wei/ros2_map/install/mapf_msgs/lib:/usr/local/cuda-12.1/lib64:/usr/local/cuda-11.7/lib64:/usr/local/cuda-12.1/lib64:/usr/lib/x86_64-linux-gnu/gazebo-11/plugins:/opt/ros/humble/opt/rviz_ogre_vendor/lib:/opt/ros/humble/lib/x86_64-linux-gnu:/opt/ros/humble/lib:/usr/local/cuda-11.7/lib64 PYTHONPATH=/home/wei/ros2_map/install/mapf_msgs/local/lib/python3.10/dist-packages:${PYTHONPATH} /usr/bin/cmake --build /home/wei/ros2_map/build/mapf_base -- -j16 -l16
[0.401s] DEBUG:colcon.colcon_core.event_handler.log_command:Invoking command in '/home/wei/ros2_map/build/mapf_base': AMENT_PREFIX_PATH=/home/wei/ros2_map/install/mapf_ros:/home/wei/ros2_map/install/mapf_msgs:${AMENT_PREFIX_PATH} CMAKE_PREFIX_PATH=/home/wei/ros2_map/install/mapf_ros:/home/wei/ros2_map/install/mapf_msgs:/home/wei/Documents/ros2_ws/install/rover_description:/home/wei/Documents/ros2_ws/install/my_first_pkg:/opt/ros/humble LD_LIBRARY_PATH=/home/wei/ros2_map/install/mapf_ros/lib:/home/wei/ros2_map/install/mapf_msgs/lib:/usr/local/cuda-12.1/lib64:/usr/local/cuda-11.7/lib64:/usr/local/cuda-12.1/lib64:/usr/lib/x86_64-linux-gnu/gazebo-11/plugins:/opt/ros/humble/opt/rviz_ogre_vendor/lib:/opt/ros/humble/lib/x86_64-linux-gnu:/opt/ros/humble/lib:/usr/local/cuda-11.7/lib64 PYTHONPATH=/home/wei/ros2_map/install/mapf_msgs/local/lib/python3.10/dist-packages:${PYTHONPATH} /usr/bin/cmake --install /home/wei/ros2_map/build/mapf_base
[0.433s] Level 1:colcon.colcon_core.environment:create_environment_scripts_only(mapf_base)
[0.434s] DEBUG:colcon.colcon_core.event_handler.log_command:Invoked command in '/home/wei/ros2_map/build/mapf_base' returned '0': AMENT_PREFIX_PATH=/home/wei/ros2_map/install/mapf_ros:/home/wei/ros2_map/install/mapf_msgs:${AMENT_PREFIX_PATH} CMAKE_PREFIX_PATH=/home/wei/ros2_map/install/mapf_ros:/home/wei/ros2_map/install/mapf_msgs:/home/wei/Documents/ros2_ws/install/rover_description:/home/wei/Documents/ros2_ws/install/my_first_pkg:/opt/ros/humble LD_LIBRARY_PATH=/home/wei/ros2_map/install/mapf_ros/lib:/home/wei/ros2_map/install/mapf_msgs/lib:/usr/local/cuda-12.1/lib64:/usr/local/cuda-11.7/lib64:/usr/local/cuda-12.1/lib64:/usr/lib/x86_64-linux-gnu/gazebo-11/plugins:/opt/ros/humble/opt/rviz_ogre_vendor/lib:/opt/ros/humble/lib/x86_64-linux-gnu:/opt/ros/humble/lib:/usr/local/cuda-11.7/lib64 PYTHONPATH=/home/wei/ros2_map/install/mapf_msgs/local/lib/python3.10/dist-packages:${PYTHONPATH} /usr/bin/cmake --install /home/wei/ros2_map/build/mapf_base
[0.435s] Level 1:colcon.colcon_core.environment:checking '/home/wei/ros2_map/install/mapf_base' for CMake module files
[0.436s] Level 1:colcon.colcon_core.environment:checking '/home/wei/ros2_map/install/mapf_base' for CMake config files
[0.436s] Level 1:colcon.colcon_core.shell:create_environment_hook('mapf_base', 'cmake_prefix_path')
[0.436s] INFO:colcon.colcon_core.shell:Creating environment hook '/home/wei/ros2_map/install/mapf_base/share/mapf_base/hook/cmake_prefix_path.ps1'
[0.437s] INFO:colcon.colcon_core.shell:Creating environment descriptor '/home/wei/ros2_map/install/mapf_base/share/mapf_base/hook/cmake_prefix_path.dsv'
[0.437s] INFO:colcon.colcon_core.shell:Creating environment hook '/home/wei/ros2_map/install/mapf_base/share/mapf_base/hook/cmake_prefix_path.sh'
[0.438s] Level 1:colcon.colcon_core.environment:checking '/home/wei/ros2_map/install/mapf_base/lib'
[0.438s] Level 1:colcon.colcon_core.environment:checking '/home/wei/ros2_map/install/mapf_base/bin'
[0.438s] Level 1:colcon.colcon_core.environment:checking '/home/wei/ros2_map/install/mapf_base/lib/pkgconfig/mapf_base.pc'
[0.438s] Level 1:colcon.colcon_core.environment:checking '/home/wei/ros2_map/install/mapf_base/lib/python3.10/site-packages'
[0.439s] Level 1:colcon.colcon_core.environment:checking '/home/wei/ros2_map/install/mapf_base/bin'
[0.439s] INFO:colcon.colcon_core.shell:Creating package script '/home/wei/ros2_map/install/mapf_base/share/mapf_base/package.ps1'
[0.440s] INFO:colcon.colcon_core.shell:Creating package descriptor '/home/wei/ros2_map/install/mapf_base/share/mapf_base/package.dsv'
[0.441s] INFO:colcon.colcon_core.shell:Creating package script '/home/wei/ros2_map/install/mapf_base/share/mapf_base/package.sh'
[0.441s] INFO:colcon.colcon_core.shell:Creating package script '/home/wei/ros2_map/install/mapf_base/share/mapf_base/package.bash'
[0.441s] INFO:colcon.colcon_core.shell:Creating package script '/home/wei/ros2_map/install/mapf_base/share/mapf_base/package.zsh'
[0.442s] Level 1:colcon.colcon_core.environment:create_file_with_runtime_dependencies(/home/wei/ros2_map/install/mapf_base/share/colcon-core/packages/mapf_base)
[0.442s] Level 1:colcon.colcon_core.environment:create_environment_scripts_only(mapf_base)
[0.443s] Level 1:colcon.colcon_core.environment:checking '/home/wei/ros2_map/install/mapf_base' for CMake module files
[0.443s] Level 1:colcon.colcon_core.environment:checking '/home/wei/ros2_map/install/mapf_base' for CMake config files
[0.443s] Level 1:colcon.colcon_core.shell:create_environment_hook('mapf_base', 'cmake_prefix_path')
[0.443s] INFO:colcon.colcon_core.shell:Creating environment hook '/home/wei/ros2_map/install/mapf_base/share/mapf_base/hook/cmake_prefix_path.ps1'
[0.444s] INFO:colcon.colcon_core.shell:Creating environment descriptor '/home/wei/ros2_map/install/mapf_base/share/mapf_base/hook/cmake_prefix_path.dsv'
[0.444s] INFO:colcon.colcon_core.shell:Creating environment hook '/home/wei/ros2_map/install/mapf_base/share/mapf_base/hook/cmake_prefix_path.sh'
[0.445s] Level 1:colcon.colcon_core.environment:checking '/home/wei/ros2_map/install/mapf_base/lib'
[0.445s] Level 1:colcon.colcon_core.environment:checking '/home/wei/ros2_map/install/mapf_base/bin'
[0.445s] Level 1:colcon.colcon_core.environment:checking '/home/wei/ros2_map/install/mapf_base/lib/pkgconfig/mapf_base.pc'
[0.445s] Level 1:colcon.colcon_core.environment:checking '/home/wei/ros2_map/install/mapf_base/lib/python3.10/site-packages'
[0.446s] Level 1:colcon.colcon_core.environment:checking '/home/wei/ros2_map/install/mapf_base/bin'
[0.446s] INFO:colcon.colcon_core.shell:Creating package script '/home/wei/ros2_map/install/mapf_base/share/mapf_base/package.ps1'
[0.446s] INFO:colcon.colcon_core.shell:Creating package descriptor '/home/wei/ros2_map/install/mapf_base/share/mapf_base/package.dsv'
[0.447s] INFO:colcon.colcon_core.shell:Creating package script '/home/wei/ros2_map/install/mapf_base/share/mapf_base/package.sh'
[0.447s] INFO:colcon.colcon_core.shell:Creating package script '/home/wei/ros2_map/install/mapf_base/share/mapf_base/package.bash'
[0.447s] INFO:colcon.colcon_core.shell:Creating package script '/home/wei/ros2_map/install/mapf_base/share/mapf_base/package.zsh'
[0.448s] Level 1:colcon.colcon_core.environment:create_file_with_runtime_dependencies(/home/wei/ros2_map/install/mapf_base/share/colcon-core/packages/mapf_base)
[0.448s] DEBUG:colcon.colcon_parallel_executor.executor.parallel:closing loop
[0.448s] DEBUG:colcon.colcon_parallel_executor.executor.parallel:loop closed
[0.448s] DEBUG:colcon.colcon_parallel_executor.executor.parallel:run_until_complete finished with '0'
[0.448s] DEBUG:colcon.colcon_core.event_reactor:joining thread
[0.452s] INFO:colcon.colcon_core.plugin_system:Skipping extension 'colcon_notification.desktop_notification.terminal_notifier': Not used on non-Darwin systems
[0.452s] INFO:colcon.colcon_core.plugin_system:Skipping extension 'colcon_notification.desktop_notification.win32': Not used on non-Windows systems
[0.452s] INFO:colcon.colcon_notification.desktop_notification:Sending desktop notification using 'notify2'
[0.459s] DEBUG:colcon.colcon_core.event_reactor:joined thread
[0.459s] INFO:colcon.colcon_core.shell:Creating prefix script '/home/wei/ros2_map/install/local_setup.ps1'
[0.460s] INFO:colcon.colcon_core.shell:Creating prefix util module '/home/wei/ros2_map/install/_local_setup_util_ps1.py'
[0.461s] INFO:colcon.colcon_core.shell:Creating prefix chain script '/home/wei/ros2_map/install/setup.ps1'
[0.462s] INFO:colcon.colcon_core.shell:Creating prefix script '/home/wei/ros2_map/install/local_setup.sh'
[0.462s] INFO:colcon.colcon_core.shell:Creating prefix util module '/home/wei/ros2_map/install/_local_setup_util_sh.py'
[0.462s] INFO:colcon.colcon_core.shell:Creating prefix chain script '/home/wei/ros2_map/install/setup.sh'
[0.463s] INFO:colcon.colcon_core.shell:Creating prefix script '/home/wei/ros2_map/install/local_setup.bash'
[0.463s] INFO:colcon.colcon_core.shell:Creating prefix chain script '/home/wei/ros2_map/install/setup.bash'
[0.464s] INFO:colcon.colcon_core.shell:Creating prefix script '/home/wei/ros2_map/install/local_setup.zsh'
[0.464s] INFO:colcon.colcon_core.shell:Creating prefix chain script '/home/wei/ros2_map/install/setup.zsh'
