-- Found ament_cmake: 1.3.14 (/opt/ros/humble/share/ament_cmake/cmake)
-- Override CMake install command with custom implementation using symlinks instead of copying resources
-- Found rclcpp: 16.0.19 (/opt/ros/humble/share/rclcpp/cmake)
-- Found rosidl_generator_c: 3.1.8 (/opt/ros/humble/share/rosidl_generator_c/cmake)
-- Found rosidl_adapter: 3.1.8 (/opt/ros/humble/share/rosidl_adapter/cmake)
-- Found rosidl_generator_cpp: 3.1.8 (/opt/ros/humble/share/rosidl_generator_cpp/cmake)
-- Using all available rosidl_typesupport_c: rosidl_typesupport_fastrtps_c;rosidl_typesupport_introspection_c
-- Using all available rosidl_typesupport_cpp: rosidl_typesupport_fastrtps_cpp;rosidl_typesupport_introspection_cpp
-- Found rmw_implementation_cmake: 6.1.2 (/opt/ros/humble/share/rmw_implementation_cmake/cmake)
-- Found rmw_fastrtps_cpp: 6.2.10 (/opt/ros/humble/share/rmw_fastrtps_cpp/cmake)
-- Using RMW implementation 'rmw_fastrtps_cpp' as default
-- Found rclcpp_action: 16.0.19 (/opt/ros/humble/share/rclcpp_action/cmake)
-- Found rclcpp_lifecycle: 16.0.19 (/opt/ros/humble/share/rclcpp_lifecycle/cmake)
-- Found nav_msgs: 4.9.1 (/opt/ros/humble/share/nav_msgs/cmake)
-- Found sensor_msgs: 4.9.1 (/opt/ros/humble/share/sensor_msgs/cmake)
-- Found visualization_msgs: 4.9.1 (/opt/ros/humble/share/visualization_msgs/cmake)
-- Found tf2_geometry_msgs: 0.25.20 (/opt/ros/humble/share/tf2_geometry_msgs/cmake)
-- Found eigen3_cmake_module: 0.1.1 (/opt/ros/humble/share/eigen3_cmake_module/cmake)
-- Ensuring Eigen3 include directory is part of orocos-kdl CMake target
-- Found nav2_util: 1.1.20 (/opt/ros/humble/share/nav2_util/cmake)
-- Found nav2_costmap_2d: 1.1.20 (/opt/ros/humble/share/nav2_costmap_2d/cmake)
-- Found mapf_msgs: 2.0.0 (/home/wei/ros2_map/install/mapf_msgs/share/mapf_msgs/cmake)
-- Found mapf_ros: 0.0.0 (/home/wei/ros2_map/install/mapf_ros/share/mapf_ros/cmake)
-- Configuring done
-- Generating done
-- Build files have been written to: /home/wei/ros2_map/build/mapf_base
[35m[1mConsolidate compiler generated dependencies of target goal_transformer[0m
[35m[1mConsolidate compiler generated dependencies of target plan_executor[0m
[35m[1mConsolidate compiler generated dependencies of target mapf_base[0m
[ 25%] Built target goal_transformer
[ 50%] Built target plan_executor
[ 75%] Built target mapf_base
[35m[1mConsolidate compiler generated dependencies of target mapf_base_node[0m
[100%] Built target mapf_base_node
-- Install configuration: ""
-- Execute custom install script
-- Up-to-date symlink: /home/wei/ros2_map/install/mapf_base/lib/mapf_base/mapf_base_node
-- Up-to-date symlink: /home/wei/ros2_map/install/mapf_base/lib/mapf_base/goal_transformer
-- Up-to-date symlink: /home/wei/ros2_map/install/mapf_base/lib/mapf_base/plan_executor
-- Up-to-date symlink: /home/wei/ros2_map/install/mapf_base/include//mapf_base/mapf_base.hpp
-- Up-to-date symlink: /home/wei/ros2_map/install/mapf_base/share/mapf_base/params/costmap_params.yaml
-- Up-to-date symlink: /home/wei/ros2_map/install/mapf_base/share/mapf_base/params/mapf_params.yaml
-- Up-to-date symlink: /home/wei/ros2_map/install/mapf_base/share/mapf_base/params/whca_costmap_params.yaml
-- Up-to-date symlink: /home/wei/ros2_map/install/mapf_base/share/mapf_base/params/whca_warehouse_params.yaml
-- Up-to-date symlink: /home/wei/ros2_map/install/mapf_base/share/mapf_base/launch/gazebo_warehouse.launch.py
-- Up-to-date symlink: /home/wei/ros2_map/install/mapf_base/share/mapf_base/launch/mapf_example.launch.py
-- Up-to-date symlink: /home/wei/ros2_map/install/mapf_base/share/mapf_base/launch/whca_warehouse.launch.py
-- Up-to-date symlink: /home/wei/ros2_map/install/mapf_base/share/mapf_base/maps/warehouse.pgm
-- Up-to-date symlink: /home/wei/ros2_map/install/mapf_base/share/mapf_base/maps/warehouse.py
-- Up-to-date symlink: /home/wei/ros2_map/install/mapf_base/share/mapf_base/maps/warehouse.yaml
-- Up-to-date symlink: /home/wei/ros2_map/install/mapf_base/share/mapf_base/worlds/warehouse.world
-- Symlinking: /home/wei/ros2_map/install/mapf_base/share/mapf_base/models/robot_0.sdf
-- Symlinking: /home/wei/ros2_map/install/mapf_base/share/mapf_base/models/robot_1.sdf
-- Symlinking: /home/wei/ros2_map/install/mapf_base/share/mapf_base/models/robot_2.sdf
-- Symlinking: /home/wei/ros2_map/install/mapf_base/share/mapf_base/models/robot_3.sdf
-- Up-to-date symlink: /home/wei/ros2_map/install/mapf_base/share/ament_index/resource_index/package_run_dependencies/mapf_base
-- Up-to-date symlink: /home/wei/ros2_map/install/mapf_base/share/ament_index/resource_index/parent_prefix_path/mapf_base
-- Up-to-date symlink: /home/wei/ros2_map/install/mapf_base/share/mapf_base/environment/ament_prefix_path.sh
-- Up-to-date symlink: /home/wei/ros2_map/install/mapf_base/share/mapf_base/environment/ament_prefix_path.dsv
-- Up-to-date symlink: /home/wei/ros2_map/install/mapf_base/share/mapf_base/environment/path.sh
-- Up-to-date symlink: /home/wei/ros2_map/install/mapf_base/share/mapf_base/environment/path.dsv
-- Up-to-date symlink: /home/wei/ros2_map/install/mapf_base/share/mapf_base/local_setup.bash
-- Up-to-date symlink: /home/wei/ros2_map/install/mapf_base/share/mapf_base/local_setup.sh
-- Up-to-date symlink: /home/wei/ros2_map/install/mapf_base/share/mapf_base/local_setup.zsh
-- Up-to-date symlink: /home/wei/ros2_map/install/mapf_base/share/mapf_base/local_setup.dsv
-- Symlinking: /home/wei/ros2_map/install/mapf_base/share/mapf_base/package.dsv
-- Up-to-date symlink: /home/wei/ros2_map/install/mapf_base/share/ament_index/resource_index/packages/mapf_base
-- Up-to-date symlink: /home/wei/ros2_map/install/mapf_base/share/mapf_base/cmake/ament_cmake_export_include_directories-extras.cmake
-- Up-to-date symlink: /home/wei/ros2_map/install/mapf_base/share/mapf_base/cmake/ament_cmake_export_dependencies-extras.cmake
-- Up-to-date symlink: /home/wei/ros2_map/install/mapf_base/share/mapf_base/cmake/mapf_baseConfig.cmake
-- Up-to-date symlink: /home/wei/ros2_map/install/mapf_base/share/mapf_base/cmake/mapf_baseConfig-version.cmake
-- Up-to-date symlink: /home/wei/ros2_map/install/mapf_base/share/mapf_base/package.xml
