[0.075s] DEBUG:colcon:Command line arguments: ['/usr/bin/colcon', 'build', '--symlink-install', '--packages-select', 'mapf_ros', 'mapf_base']
[0.075s] DEBUG:colcon:Parsed command line arguments: Namespace(log_base=None, log_level=None, verb_name='build', build_base='build', install_base='install', merge_install=False, symlink_install=True, test_result_base=None, continue_on_error=False, executor='parallel', parallel_workers=16, event_handlers=None, ignore_user_meta=False, metas=['./colcon.meta'], base_paths=['.'], packages_ignore=None, packages_ignore_regex=None, paths=None, packages_up_to=None, packages_up_to_regex=None, packages_above=None, packages_above_and_dependencies=None, packages_above_depth=None, packages_select_by_dep=None, packages_skip_by_dep=None, packages_skip_up_to=None, packages_select_build_failed=False, packages_skip_build_finished=False, packages_select_test_failures=False, packages_skip_test_passed=False, packages_select=['mapf_ros', 'mapf_base'], packages_skip=None, packages_select_regex=None, packages_skip_regex=None, packages_start=None, packages_end=None, allow_overriding=[], cmake_args=None, cmake_target=None, cmake_target_skip_unavailable=False, cmake_clean_cache=False, cmake_clean_first=False, cmake_force_configure=False, ament_cmake_args=None, catkin_cmake_args=None, catkin_skip_building_tests=False, mixin_files=None, mixin=None, verb_parser=<colcon_mixin.mixin.mixin_argument.MixinArgumentDecorator object at 0x7130b0b676a0>, verb_extension=<colcon_core.verb.build.BuildVerb object at 0x7130b0cb4460>, main=<bound method BuildVerb.main of <colcon_core.verb.build.BuildVerb object at 0x7130b0cb4460>>, mixin_verb=('build',))
[0.205s] Level 1:colcon.colcon_core.package_discovery:discover_packages(colcon_meta) check parameters
[0.205s] Level 1:colcon.colcon_core.package_discovery:discover_packages(recursive) check parameters
[0.205s] Level 1:colcon.colcon_core.package_discovery:discover_packages(ignore) check parameters
[0.205s] Level 1:colcon.colcon_core.package_discovery:discover_packages(path) check parameters
[0.205s] Level 1:colcon.colcon_core.package_discovery:discover_packages(colcon_meta) discover
[0.205s] Level 1:colcon.colcon_core.package_discovery:discover_packages(recursive) discover
[0.205s] INFO:colcon.colcon_core.package_discovery:Crawling recursively for packages in '/home/wei/ros2_map'
[0.205s] Level 1:colcon.colcon_core.package_identification:_identify(.) by extensions ['ignore', 'ignore_ament_install']
[0.205s] Level 1:colcon.colcon_core.package_identification:_identify(.) by extension 'ignore'
[0.205s] Level 1:colcon.colcon_core.package_identification:_identify(.) by extension 'ignore_ament_install'
[0.205s] Level 1:colcon.colcon_core.package_identification:_identify(.) by extensions ['colcon_pkg']
[0.205s] Level 1:colcon.colcon_core.package_identification:_identify(.) by extension 'colcon_pkg'
[0.205s] Level 1:colcon.colcon_core.package_identification:_identify(.) by extensions ['colcon_meta']
[0.205s] Level 1:colcon.colcon_core.package_identification:_identify(.) by extension 'colcon_meta'
[0.205s] Level 1:colcon.colcon_core.package_identification:_identify(.) by extensions ['ros']
[0.205s] Level 1:colcon.colcon_core.package_identification:_identify(.) by extension 'ros'
[0.214s] Level 1:colcon.colcon_core.package_identification:_identify(.) by extensions ['cmake', 'python']
[0.214s] Level 1:colcon.colcon_core.package_identification:_identify(.) by extension 'cmake'
[0.214s] Level 1:colcon.colcon_core.package_identification:_identify(.) by extension 'python'
[0.214s] Level 1:colcon.colcon_core.package_identification:_identify(.) by extensions ['python_setup_py']
[0.214s] Level 1:colcon.colcon_core.package_identification:_identify(.) by extension 'python_setup_py'
[0.215s] Level 1:colcon.colcon_core.package_identification:_identify(build) by extensions ['ignore', 'ignore_ament_install']
[0.215s] Level 1:colcon.colcon_core.package_identification:_identify(build) by extension 'ignore'
[0.215s] Level 1:colcon.colcon_core.package_identification:_identify(build) ignored
[0.215s] Level 1:colcon.colcon_core.package_identification:_identify(install) by extensions ['ignore', 'ignore_ament_install']
[0.215s] Level 1:colcon.colcon_core.package_identification:_identify(install) by extension 'ignore'
[0.215s] Level 1:colcon.colcon_core.package_identification:_identify(install) ignored
[0.215s] Level 1:colcon.colcon_core.package_identification:_identify(log) by extensions ['ignore', 'ignore_ament_install']
[0.215s] Level 1:colcon.colcon_core.package_identification:_identify(log) by extension 'ignore'
[0.215s] Level 1:colcon.colcon_core.package_identification:_identify(log) ignored
[0.215s] Level 1:colcon.colcon_core.package_identification:_identify(mapf_ros) by extensions ['ignore', 'ignore_ament_install']
[0.215s] Level 1:colcon.colcon_core.package_identification:_identify(mapf_ros) by extension 'ignore'
[0.215s] Level 1:colcon.colcon_core.package_identification:_identify(mapf_ros) by extension 'ignore_ament_install'
[0.215s] Level 1:colcon.colcon_core.package_identification:_identify(mapf_ros) by extensions ['colcon_pkg']
[0.215s] Level 1:colcon.colcon_core.package_identification:_identify(mapf_ros) by extension 'colcon_pkg'
[0.215s] Level 1:colcon.colcon_core.package_identification:_identify(mapf_ros) by extensions ['colcon_meta']
[0.215s] Level 1:colcon.colcon_core.package_identification:_identify(mapf_ros) by extension 'colcon_meta'
[0.215s] Level 1:colcon.colcon_core.package_identification:_identify(mapf_ros) by extensions ['ros']
[0.215s] Level 1:colcon.colcon_core.package_identification:_identify(mapf_ros) by extension 'ros'
[0.215s] Level 1:colcon.colcon_core.package_identification:_identify(mapf_ros) by extensions ['cmake', 'python']
[0.215s] Level 1:colcon.colcon_core.package_identification:_identify(mapf_ros) by extension 'cmake'
[0.215s] Level 1:colcon.colcon_core.package_identification:_identify(mapf_ros) by extension 'python'
[0.215s] Level 1:colcon.colcon_core.package_identification:_identify(mapf_ros) by extensions ['python_setup_py']
[0.215s] Level 1:colcon.colcon_core.package_identification:_identify(mapf_ros) by extension 'python_setup_py'
[0.215s] Level 1:colcon.colcon_core.package_identification:_identify(mapf_ros/doc) by extensions ['ignore', 'ignore_ament_install']
[0.215s] Level 1:colcon.colcon_core.package_identification:_identify(mapf_ros/doc) by extension 'ignore'
[0.216s] Level 1:colcon.colcon_core.package_identification:_identify(mapf_ros/doc) by extension 'ignore_ament_install'
[0.216s] Level 1:colcon.colcon_core.package_identification:_identify(mapf_ros/doc) by extensions ['colcon_pkg']
[0.216s] Level 1:colcon.colcon_core.package_identification:_identify(mapf_ros/doc) by extension 'colcon_pkg'
[0.216s] Level 1:colcon.colcon_core.package_identification:_identify(mapf_ros/doc) by extensions ['colcon_meta']
[0.216s] Level 1:colcon.colcon_core.package_identification:_identify(mapf_ros/doc) by extension 'colcon_meta'
[0.216s] Level 1:colcon.colcon_core.package_identification:_identify(mapf_ros/doc) by extensions ['ros']
[0.216s] Level 1:colcon.colcon_core.package_identification:_identify(mapf_ros/doc) by extension 'ros'
[0.216s] Level 1:colcon.colcon_core.package_identification:_identify(mapf_ros/doc) by extensions ['cmake', 'python']
[0.216s] Level 1:colcon.colcon_core.package_identification:_identify(mapf_ros/doc) by extension 'cmake'
[0.216s] Level 1:colcon.colcon_core.package_identification:_identify(mapf_ros/doc) by extension 'python'
[0.216s] Level 1:colcon.colcon_core.package_identification:_identify(mapf_ros/doc) by extensions ['python_setup_py']
[0.216s] Level 1:colcon.colcon_core.package_identification:_identify(mapf_ros/doc) by extension 'python_setup_py'
[0.216s] Level 1:colcon.colcon_core.package_identification:_identify(mapf_ros/mapf_base) by extensions ['ignore', 'ignore_ament_install']
[0.216s] Level 1:colcon.colcon_core.package_identification:_identify(mapf_ros/mapf_base) by extension 'ignore'
[0.216s] Level 1:colcon.colcon_core.package_identification:_identify(mapf_ros/mapf_base) by extension 'ignore_ament_install'
[0.216s] Level 1:colcon.colcon_core.package_identification:_identify(mapf_ros/mapf_base) by extensions ['colcon_pkg']
[0.216s] Level 1:colcon.colcon_core.package_identification:_identify(mapf_ros/mapf_base) by extension 'colcon_pkg'
[0.216s] Level 1:colcon.colcon_core.package_identification:_identify(mapf_ros/mapf_base) by extensions ['colcon_meta']
[0.216s] Level 1:colcon.colcon_core.package_identification:_identify(mapf_ros/mapf_base) by extension 'colcon_meta'
[0.216s] Level 1:colcon.colcon_core.package_identification:_identify(mapf_ros/mapf_base) by extensions ['ros']
[0.216s] Level 1:colcon.colcon_core.package_identification:_identify(mapf_ros/mapf_base) by extension 'ros'
[0.226s] DEBUG:colcon.colcon_core.package_identification:Package 'mapf_ros/mapf_base' with type 'ros.ament_cmake' and name 'mapf_base'
[0.226s] Level 1:colcon.colcon_core.package_identification:_identify(mapf_ros/mapf_msgs) by extensions ['ignore', 'ignore_ament_install']
[0.226s] Level 1:colcon.colcon_core.package_identification:_identify(mapf_ros/mapf_msgs) by extension 'ignore'
[0.226s] Level 1:colcon.colcon_core.package_identification:_identify(mapf_ros/mapf_msgs) by extension 'ignore_ament_install'
[0.226s] Level 1:colcon.colcon_core.package_identification:_identify(mapf_ros/mapf_msgs) by extensions ['colcon_pkg']
[0.226s] Level 1:colcon.colcon_core.package_identification:_identify(mapf_ros/mapf_msgs) by extension 'colcon_pkg'
[0.226s] Level 1:colcon.colcon_core.package_identification:_identify(mapf_ros/mapf_msgs) by extensions ['colcon_meta']
[0.226s] Level 1:colcon.colcon_core.package_identification:_identify(mapf_ros/mapf_msgs) by extension 'colcon_meta'
[0.226s] Level 1:colcon.colcon_core.package_identification:_identify(mapf_ros/mapf_msgs) by extensions ['ros']
[0.226s] Level 1:colcon.colcon_core.package_identification:_identify(mapf_ros/mapf_msgs) by extension 'ros'
[0.227s] DEBUG:colcon.colcon_core.package_identification:Package 'mapf_ros/mapf_msgs' with type 'ros.ament_cmake' and name 'mapf_msgs'
[0.227s] Level 1:colcon.colcon_core.package_identification:_identify(mapf_ros/mapf_ros) by extensions ['ignore', 'ignore_ament_install']
[0.227s] Level 1:colcon.colcon_core.package_identification:_identify(mapf_ros/mapf_ros) by extension 'ignore'
[0.227s] Level 1:colcon.colcon_core.package_identification:_identify(mapf_ros/mapf_ros) by extension 'ignore_ament_install'
[0.227s] Level 1:colcon.colcon_core.package_identification:_identify(mapf_ros/mapf_ros) by extensions ['colcon_pkg']
[0.227s] Level 1:colcon.colcon_core.package_identification:_identify(mapf_ros/mapf_ros) by extension 'colcon_pkg'
[0.227s] Level 1:colcon.colcon_core.package_identification:_identify(mapf_ros/mapf_ros) by extensions ['colcon_meta']
[0.227s] Level 1:colcon.colcon_core.package_identification:_identify(mapf_ros/mapf_ros) by extension 'colcon_meta'
[0.227s] Level 1:colcon.colcon_core.package_identification:_identify(mapf_ros/mapf_ros) by extensions ['ros']
[0.227s] Level 1:colcon.colcon_core.package_identification:_identify(mapf_ros/mapf_ros) by extension 'ros'
[0.228s] DEBUG:colcon.colcon_core.package_identification:Package 'mapf_ros/mapf_ros' with type 'ros.ament_cmake' and name 'mapf_ros'
[0.228s] Level 1:colcon.colcon_core.package_discovery:discover_packages(recursive) using defaults
[0.228s] Level 1:colcon.colcon_core.package_discovery:discover_packages(ignore) discover
[0.228s] Level 1:colcon.colcon_core.package_discovery:discover_packages(ignore) using defaults
[0.228s] Level 1:colcon.colcon_core.package_discovery:discover_packages(path) discover
[0.228s] Level 1:colcon.colcon_core.package_discovery:discover_packages(path) using defaults
[0.241s] INFO:colcon.colcon_core.package_selection:Skipping not selected package 'mapf_msgs' in 'mapf_ros/mapf_msgs'
[0.241s] Level 1:colcon.colcon_core.package_discovery:discover_packages(prefix_path) check parameters
[0.241s] Level 1:colcon.colcon_core.package_discovery:discover_packages(prefix_path) discover
[0.242s] DEBUG:colcon.colcon_installed_package_information.package_discovery:Found 2 installed packages in /home/wei/Documents/ros2_ws/install
[0.242s] DEBUG:colcon.colcon_installed_package_information.package_discovery:Found 0 installed packages in /home/wei/ros2_ws/install
[0.243s] DEBUG:colcon.colcon_installed_package_information.package_discovery:Found 426 installed packages in /opt/ros/humble
[0.245s] Level 1:colcon.colcon_core.package_discovery:discover_packages(prefix_path) using defaults
[0.276s] Level 5:colcon.colcon_core.verb:set package 'mapf_ros' build argument 'cmake_args' from command line to 'None'
[0.276s] Level 5:colcon.colcon_core.verb:set package 'mapf_ros' build argument 'cmake_target' from command line to 'None'
[0.276s] Level 5:colcon.colcon_core.verb:set package 'mapf_ros' build argument 'cmake_target_skip_unavailable' from command line to 'False'
[0.276s] Level 5:colcon.colcon_core.verb:set package 'mapf_ros' build argument 'cmake_clean_cache' from command line to 'False'
[0.276s] Level 5:colcon.colcon_core.verb:set package 'mapf_ros' build argument 'cmake_clean_first' from command line to 'False'
[0.276s] Level 5:colcon.colcon_core.verb:set package 'mapf_ros' build argument 'cmake_force_configure' from command line to 'False'
[0.276s] Level 5:colcon.colcon_core.verb:set package 'mapf_ros' build argument 'ament_cmake_args' from command line to 'None'
[0.276s] Level 5:colcon.colcon_core.verb:set package 'mapf_ros' build argument 'catkin_cmake_args' from command line to 'None'
[0.276s] Level 5:colcon.colcon_core.verb:set package 'mapf_ros' build argument 'catkin_skip_building_tests' from command line to 'False'
[0.276s] DEBUG:colcon.colcon_core.verb:Building package 'mapf_ros' with the following arguments: {'ament_cmake_args': None, 'build_base': '/home/wei/ros2_map/build/mapf_ros', 'catkin_cmake_args': None, 'catkin_skip_building_tests': False, 'cmake_args': None, 'cmake_clean_cache': False, 'cmake_clean_first': False, 'cmake_force_configure': False, 'cmake_target': None, 'cmake_target_skip_unavailable': False, 'install_base': '/home/wei/ros2_map/install/mapf_ros', 'merge_install': False, 'path': '/home/wei/ros2_map/mapf_ros/mapf_ros', 'symlink_install': True, 'test_result_base': None}
[0.276s] Level 5:colcon.colcon_core.verb:set package 'mapf_base' build argument 'cmake_args' from command line to 'None'
[0.276s] Level 5:colcon.colcon_core.verb:set package 'mapf_base' build argument 'cmake_target' from command line to 'None'
[0.276s] Level 5:colcon.colcon_core.verb:set package 'mapf_base' build argument 'cmake_target_skip_unavailable' from command line to 'False'
[0.276s] Level 5:colcon.colcon_core.verb:set package 'mapf_base' build argument 'cmake_clean_cache' from command line to 'False'
[0.276s] Level 5:colcon.colcon_core.verb:set package 'mapf_base' build argument 'cmake_clean_first' from command line to 'False'
[0.276s] Level 5:colcon.colcon_core.verb:set package 'mapf_base' build argument 'cmake_force_configure' from command line to 'False'
[0.276s] Level 5:colcon.colcon_core.verb:set package 'mapf_base' build argument 'ament_cmake_args' from command line to 'None'
[0.276s] Level 5:colcon.colcon_core.verb:set package 'mapf_base' build argument 'catkin_cmake_args' from command line to 'None'
[0.276s] Level 5:colcon.colcon_core.verb:set package 'mapf_base' build argument 'catkin_skip_building_tests' from command line to 'False'
[0.276s] DEBUG:colcon.colcon_core.verb:Building package 'mapf_base' with the following arguments: {'ament_cmake_args': None, 'build_base': '/home/wei/ros2_map/build/mapf_base', 'catkin_cmake_args': None, 'catkin_skip_building_tests': False, 'cmake_args': None, 'cmake_clean_cache': False, 'cmake_clean_first': False, 'cmake_force_configure': False, 'cmake_target': None, 'cmake_target_skip_unavailable': False, 'install_base': '/home/wei/ros2_map/install/mapf_base', 'merge_install': False, 'path': '/home/wei/ros2_map/mapf_ros/mapf_base', 'symlink_install': True, 'test_result_base': None}
[0.277s] INFO:colcon.colcon_core.executor:Executing jobs using 'parallel' executor
[0.277s] DEBUG:colcon.colcon_parallel_executor.executor.parallel:run_until_complete
[0.277s] INFO:colcon.colcon_ros.task.ament_cmake.build:Building ROS package in '/home/wei/ros2_map/mapf_ros/mapf_ros' with build type 'ament_cmake'
[0.277s] INFO:colcon.colcon_cmake.task.cmake.build:Building CMake package in '/home/wei/ros2_map/mapf_ros/mapf_ros'
[0.278s] INFO:colcon.colcon_core.plugin_system:Skipping extension 'colcon_core.shell.bat': Not used on non-Windows systems
[0.279s] INFO:colcon.colcon_core.shell:Skip shell extension 'powershell' for command environment: Not usable outside of PowerShell
[0.279s] DEBUG:colcon.colcon_core.shell:Skip shell extension 'dsv' for command environment
[0.287s] DEBUG:colcon.colcon_core.event_handler.log_command:Invoking command in '/home/wei/ros2_map/build/mapf_ros': AMENT_PREFIX_PATH=/home/wei/ros2_map/install/mapf_msgs:${AMENT_PREFIX_PATH} CMAKE_PREFIX_PATH=/home/wei/ros2_map/install/mapf_msgs:/home/wei/Documents/ros2_ws/install/rover_description:/home/wei/Documents/ros2_ws/install/my_first_pkg:/opt/ros/humble LD_LIBRARY_PATH=/home/wei/ros2_map/install/mapf_msgs/lib:/usr/local/cuda-12.1/lib64:/usr/local/cuda-11.7/lib64:/usr/local/cuda-12.1/lib64:/usr/lib/x86_64-linux-gnu/gazebo-11/plugins:/opt/ros/humble/opt/rviz_ogre_vendor/lib:/opt/ros/humble/lib/x86_64-linux-gnu:/opt/ros/humble/lib:/usr/local/cuda-11.7/lib64 PYTHONPATH=/home/wei/ros2_map/install/mapf_msgs/local/lib/python3.10/dist-packages:${PYTHONPATH} /usr/bin/cmake --build /home/wei/ros2_map/build/mapf_ros -- -j16 -l16
[5.908s] DEBUG:colcon.colcon_core.event_handler.log_command:Invoked command in '/home/wei/ros2_map/build/mapf_ros' returned '0': AMENT_PREFIX_PATH=/home/wei/ros2_map/install/mapf_msgs:${AMENT_PREFIX_PATH} CMAKE_PREFIX_PATH=/home/wei/ros2_map/install/mapf_msgs:/home/wei/Documents/ros2_ws/install/rover_description:/home/wei/Documents/ros2_ws/install/my_first_pkg:/opt/ros/humble LD_LIBRARY_PATH=/home/wei/ros2_map/install/mapf_msgs/lib:/usr/local/cuda-12.1/lib64:/usr/local/cuda-11.7/lib64:/usr/local/cuda-12.1/lib64:/usr/lib/x86_64-linux-gnu/gazebo-11/plugins:/opt/ros/humble/opt/rviz_ogre_vendor/lib:/opt/ros/humble/lib/x86_64-linux-gnu:/opt/ros/humble/lib:/usr/local/cuda-11.7/lib64 PYTHONPATH=/home/wei/ros2_map/install/mapf_msgs/local/lib/python3.10/dist-packages:${PYTHONPATH} /usr/bin/cmake --build /home/wei/ros2_map/build/mapf_ros -- -j16 -l16
[5.918s] DEBUG:colcon.colcon_core.event_handler.log_command:Invoking command in '/home/wei/ros2_map/build/mapf_ros': AMENT_PREFIX_PATH=/home/wei/ros2_map/install/mapf_msgs:${AMENT_PREFIX_PATH} CMAKE_PREFIX_PATH=/home/wei/ros2_map/install/mapf_msgs:/home/wei/Documents/ros2_ws/install/rover_description:/home/wei/Documents/ros2_ws/install/my_first_pkg:/opt/ros/humble LD_LIBRARY_PATH=/home/wei/ros2_map/install/mapf_msgs/lib:/usr/local/cuda-12.1/lib64:/usr/local/cuda-11.7/lib64:/usr/local/cuda-12.1/lib64:/usr/lib/x86_64-linux-gnu/gazebo-11/plugins:/opt/ros/humble/opt/rviz_ogre_vendor/lib:/opt/ros/humble/lib/x86_64-linux-gnu:/opt/ros/humble/lib:/usr/local/cuda-11.7/lib64 PYTHONPATH=/home/wei/ros2_map/install/mapf_msgs/local/lib/python3.10/dist-packages:${PYTHONPATH} /usr/bin/cmake --install /home/wei/ros2_map/build/mapf_ros
[5.939s] Level 1:colcon.colcon_core.environment:create_environment_scripts_only(mapf_ros)
[5.939s] DEBUG:colcon.colcon_core.event_handler.log_command:Invoked command in '/home/wei/ros2_map/build/mapf_ros' returned '0': AMENT_PREFIX_PATH=/home/wei/ros2_map/install/mapf_msgs:${AMENT_PREFIX_PATH} CMAKE_PREFIX_PATH=/home/wei/ros2_map/install/mapf_msgs:/home/wei/Documents/ros2_ws/install/rover_description:/home/wei/Documents/ros2_ws/install/my_first_pkg:/opt/ros/humble LD_LIBRARY_PATH=/home/wei/ros2_map/install/mapf_msgs/lib:/usr/local/cuda-12.1/lib64:/usr/local/cuda-11.7/lib64:/usr/local/cuda-12.1/lib64:/usr/lib/x86_64-linux-gnu/gazebo-11/plugins:/opt/ros/humble/opt/rviz_ogre_vendor/lib:/opt/ros/humble/lib/x86_64-linux-gnu:/opt/ros/humble/lib:/usr/local/cuda-11.7/lib64 PYTHONPATH=/home/wei/ros2_map/install/mapf_msgs/local/lib/python3.10/dist-packages:${PYTHONPATH} /usr/bin/cmake --install /home/wei/ros2_map/build/mapf_ros
[5.941s] Level 1:colcon.colcon_core.environment:checking '/home/wei/ros2_map/install/mapf_ros' for CMake module files
[5.941s] Level 1:colcon.colcon_core.environment:checking '/home/wei/ros2_map/install/mapf_ros' for CMake config files
[5.942s] Level 1:colcon.colcon_core.shell:create_environment_hook('mapf_ros', 'cmake_prefix_path')
[5.942s] INFO:colcon.colcon_core.shell:Creating environment hook '/home/wei/ros2_map/install/mapf_ros/share/mapf_ros/hook/cmake_prefix_path.ps1'
[5.943s] INFO:colcon.colcon_core.shell:Creating environment descriptor '/home/wei/ros2_map/install/mapf_ros/share/mapf_ros/hook/cmake_prefix_path.dsv'
[5.943s] INFO:colcon.colcon_core.shell:Creating environment hook '/home/wei/ros2_map/install/mapf_ros/share/mapf_ros/hook/cmake_prefix_path.sh'
[5.944s] Level 1:colcon.colcon_core.environment:checking '/home/wei/ros2_map/install/mapf_ros/lib'
[5.944s] Level 1:colcon.colcon_core.shell:create_environment_hook('mapf_ros', 'ld_library_path_lib')
[5.945s] INFO:colcon.colcon_core.shell:Creating environment hook '/home/wei/ros2_map/install/mapf_ros/share/mapf_ros/hook/ld_library_path_lib.ps1'
[5.945s] INFO:colcon.colcon_core.shell:Creating environment descriptor '/home/wei/ros2_map/install/mapf_ros/share/mapf_ros/hook/ld_library_path_lib.dsv'
[5.945s] INFO:colcon.colcon_core.shell:Creating environment hook '/home/wei/ros2_map/install/mapf_ros/share/mapf_ros/hook/ld_library_path_lib.sh'
[5.945s] Level 1:colcon.colcon_core.environment:checking '/home/wei/ros2_map/install/mapf_ros/bin'
[5.945s] Level 1:colcon.colcon_core.environment:checking '/home/wei/ros2_map/install/mapf_ros/lib/pkgconfig/mapf_ros.pc'
[5.946s] Level 1:colcon.colcon_core.environment:checking '/home/wei/ros2_map/install/mapf_ros/lib/python3.10/site-packages'
[5.946s] Level 1:colcon.colcon_core.environment:checking '/home/wei/ros2_map/install/mapf_ros/bin'
[5.946s] INFO:colcon.colcon_core.shell:Creating package script '/home/wei/ros2_map/install/mapf_ros/share/mapf_ros/package.ps1'
[5.947s] INFO:colcon.colcon_core.shell:Creating package descriptor '/home/wei/ros2_map/install/mapf_ros/share/mapf_ros/package.dsv'
[5.947s] INFO:colcon.colcon_core.shell:Creating package script '/home/wei/ros2_map/install/mapf_ros/share/mapf_ros/package.sh'
[5.948s] INFO:colcon.colcon_core.shell:Creating package script '/home/wei/ros2_map/install/mapf_ros/share/mapf_ros/package.bash'
[5.948s] INFO:colcon.colcon_core.shell:Creating package script '/home/wei/ros2_map/install/mapf_ros/share/mapf_ros/package.zsh'
[5.949s] Level 1:colcon.colcon_core.environment:create_file_with_runtime_dependencies(/home/wei/ros2_map/install/mapf_ros/share/colcon-core/packages/mapf_ros)
[5.949s] Level 1:colcon.colcon_core.environment:create_environment_scripts_only(mapf_ros)
[5.949s] Level 1:colcon.colcon_core.environment:checking '/home/wei/ros2_map/install/mapf_ros' for CMake module files
[5.949s] Level 1:colcon.colcon_core.environment:checking '/home/wei/ros2_map/install/mapf_ros' for CMake config files
[5.949s] Level 1:colcon.colcon_core.shell:create_environment_hook('mapf_ros', 'cmake_prefix_path')
[5.950s] INFO:colcon.colcon_core.shell:Creating environment hook '/home/wei/ros2_map/install/mapf_ros/share/mapf_ros/hook/cmake_prefix_path.ps1'
[5.950s] INFO:colcon.colcon_core.shell:Creating environment descriptor '/home/wei/ros2_map/install/mapf_ros/share/mapf_ros/hook/cmake_prefix_path.dsv'
[5.950s] INFO:colcon.colcon_core.shell:Creating environment hook '/home/wei/ros2_map/install/mapf_ros/share/mapf_ros/hook/cmake_prefix_path.sh'
[5.951s] Level 1:colcon.colcon_core.environment:checking '/home/wei/ros2_map/install/mapf_ros/lib'
[5.951s] Level 1:colcon.colcon_core.shell:create_environment_hook('mapf_ros', 'ld_library_path_lib')
[5.951s] INFO:colcon.colcon_core.shell:Creating environment hook '/home/wei/ros2_map/install/mapf_ros/share/mapf_ros/hook/ld_library_path_lib.ps1'
[5.952s] INFO:colcon.colcon_core.shell:Creating environment descriptor '/home/wei/ros2_map/install/mapf_ros/share/mapf_ros/hook/ld_library_path_lib.dsv'
[5.952s] INFO:colcon.colcon_core.shell:Creating environment hook '/home/wei/ros2_map/install/mapf_ros/share/mapf_ros/hook/ld_library_path_lib.sh'
[5.952s] Level 1:colcon.colcon_core.environment:checking '/home/wei/ros2_map/install/mapf_ros/bin'
[5.952s] Level 1:colcon.colcon_core.environment:checking '/home/wei/ros2_map/install/mapf_ros/lib/pkgconfig/mapf_ros.pc'
[5.953s] Level 1:colcon.colcon_core.environment:checking '/home/wei/ros2_map/install/mapf_ros/lib/python3.10/site-packages'
[5.953s] Level 1:colcon.colcon_core.environment:checking '/home/wei/ros2_map/install/mapf_ros/bin'
[5.953s] INFO:colcon.colcon_core.shell:Creating package script '/home/wei/ros2_map/install/mapf_ros/share/mapf_ros/package.ps1'
[5.954s] INFO:colcon.colcon_core.shell:Creating package descriptor '/home/wei/ros2_map/install/mapf_ros/share/mapf_ros/package.dsv'
[5.954s] INFO:colcon.colcon_core.shell:Creating package script '/home/wei/ros2_map/install/mapf_ros/share/mapf_ros/package.sh'
[5.954s] INFO:colcon.colcon_core.shell:Creating package script '/home/wei/ros2_map/install/mapf_ros/share/mapf_ros/package.bash'
[5.955s] INFO:colcon.colcon_core.shell:Creating package script '/home/wei/ros2_map/install/mapf_ros/share/mapf_ros/package.zsh'
[5.955s] Level 1:colcon.colcon_core.environment:create_file_with_runtime_dependencies(/home/wei/ros2_map/install/mapf_ros/share/colcon-core/packages/mapf_ros)
[5.955s] INFO:colcon.colcon_ros.task.ament_cmake.build:Building ROS package in '/home/wei/ros2_map/mapf_ros/mapf_base' with build type 'ament_cmake'
[5.955s] INFO:colcon.colcon_cmake.task.cmake.build:Building CMake package in '/home/wei/ros2_map/mapf_ros/mapf_base'
[5.956s] INFO:colcon.colcon_core.shell:Skip shell extension 'powershell' for command environment: Not usable outside of PowerShell
[5.956s] DEBUG:colcon.colcon_core.shell:Skip shell extension 'dsv' for command environment
[5.965s] DEBUG:colcon.colcon_core.event_handler.log_command:Invoking command in '/home/wei/ros2_map/build/mapf_base': AMENT_PREFIX_PATH=/home/wei/ros2_map/install/mapf_ros:/home/wei/ros2_map/install/mapf_msgs:${AMENT_PREFIX_PATH} CMAKE_PREFIX_PATH=/home/wei/ros2_map/install/mapf_ros:/home/wei/ros2_map/install/mapf_msgs:/home/wei/Documents/ros2_ws/install/rover_description:/home/wei/Documents/ros2_ws/install/my_first_pkg:/opt/ros/humble LD_LIBRARY_PATH=/home/wei/ros2_map/install/mapf_ros/lib:/home/wei/ros2_map/install/mapf_msgs/lib:/usr/local/cuda-12.1/lib64:/usr/local/cuda-11.7/lib64:/usr/local/cuda-12.1/lib64:/usr/lib/x86_64-linux-gnu/gazebo-11/plugins:/opt/ros/humble/opt/rviz_ogre_vendor/lib:/opt/ros/humble/lib/x86_64-linux-gnu:/opt/ros/humble/lib:/usr/local/cuda-11.7/lib64 PYTHONPATH=/home/wei/ros2_map/install/mapf_msgs/local/lib/python3.10/dist-packages:${PYTHONPATH} /usr/bin/cmake --build /home/wei/ros2_map/build/mapf_base -- -j16 -l16
[8.738s] DEBUG:colcon.colcon_core.event_handler.log_command:Invoked command in '/home/wei/ros2_map/build/mapf_base' returned '0': AMENT_PREFIX_PATH=/home/wei/ros2_map/install/mapf_ros:/home/wei/ros2_map/install/mapf_msgs:${AMENT_PREFIX_PATH} CMAKE_PREFIX_PATH=/home/wei/ros2_map/install/mapf_ros:/home/wei/ros2_map/install/mapf_msgs:/home/wei/Documents/ros2_ws/install/rover_description:/home/wei/Documents/ros2_ws/install/my_first_pkg:/opt/ros/humble LD_LIBRARY_PATH=/home/wei/ros2_map/install/mapf_ros/lib:/home/wei/ros2_map/install/mapf_msgs/lib:/usr/local/cuda-12.1/lib64:/usr/local/cuda-11.7/lib64:/usr/local/cuda-12.1/lib64:/usr/lib/x86_64-linux-gnu/gazebo-11/plugins:/opt/ros/humble/opt/rviz_ogre_vendor/lib:/opt/ros/humble/lib/x86_64-linux-gnu:/opt/ros/humble/lib:/usr/local/cuda-11.7/lib64 PYTHONPATH=/home/wei/ros2_map/install/mapf_msgs/local/lib/python3.10/dist-packages:${PYTHONPATH} /usr/bin/cmake --build /home/wei/ros2_map/build/mapf_base -- -j16 -l16
[8.740s] DEBUG:colcon.colcon_core.event_handler.log_command:Invoking command in '/home/wei/ros2_map/build/mapf_base': AMENT_PREFIX_PATH=/home/wei/ros2_map/install/mapf_ros:/home/wei/ros2_map/install/mapf_msgs:${AMENT_PREFIX_PATH} CMAKE_PREFIX_PATH=/home/wei/ros2_map/install/mapf_ros:/home/wei/ros2_map/install/mapf_msgs:/home/wei/Documents/ros2_ws/install/rover_description:/home/wei/Documents/ros2_ws/install/my_first_pkg:/opt/ros/humble LD_LIBRARY_PATH=/home/wei/ros2_map/install/mapf_ros/lib:/home/wei/ros2_map/install/mapf_msgs/lib:/usr/local/cuda-12.1/lib64:/usr/local/cuda-11.7/lib64:/usr/local/cuda-12.1/lib64:/usr/lib/x86_64-linux-gnu/gazebo-11/plugins:/opt/ros/humble/opt/rviz_ogre_vendor/lib:/opt/ros/humble/lib/x86_64-linux-gnu:/opt/ros/humble/lib:/usr/local/cuda-11.7/lib64 PYTHONPATH=/home/wei/ros2_map/install/mapf_msgs/local/lib/python3.10/dist-packages:${PYTHONPATH} /usr/bin/cmake --install /home/wei/ros2_map/build/mapf_base
[8.801s] Level 1:colcon.colcon_core.environment:create_environment_scripts_only(mapf_base)
[8.801s] Level 1:colcon.colcon_core.environment:checking '/home/wei/ros2_map/install/mapf_base' for CMake module files
[8.801s] DEBUG:colcon.colcon_core.event_handler.log_command:Invoked command in '/home/wei/ros2_map/build/mapf_base' returned '0': AMENT_PREFIX_PATH=/home/wei/ros2_map/install/mapf_ros:/home/wei/ros2_map/install/mapf_msgs:${AMENT_PREFIX_PATH} CMAKE_PREFIX_PATH=/home/wei/ros2_map/install/mapf_ros:/home/wei/ros2_map/install/mapf_msgs:/home/wei/Documents/ros2_ws/install/rover_description:/home/wei/Documents/ros2_ws/install/my_first_pkg:/opt/ros/humble LD_LIBRARY_PATH=/home/wei/ros2_map/install/mapf_ros/lib:/home/wei/ros2_map/install/mapf_msgs/lib:/usr/local/cuda-12.1/lib64:/usr/local/cuda-11.7/lib64:/usr/local/cuda-12.1/lib64:/usr/lib/x86_64-linux-gnu/gazebo-11/plugins:/opt/ros/humble/opt/rviz_ogre_vendor/lib:/opt/ros/humble/lib/x86_64-linux-gnu:/opt/ros/humble/lib:/usr/local/cuda-11.7/lib64 PYTHONPATH=/home/wei/ros2_map/install/mapf_msgs/local/lib/python3.10/dist-packages:${PYTHONPATH} /usr/bin/cmake --install /home/wei/ros2_map/build/mapf_base
[8.802s] Level 1:colcon.colcon_core.environment:checking '/home/wei/ros2_map/install/mapf_base' for CMake config files
[8.802s] Level 1:colcon.colcon_core.shell:create_environment_hook('mapf_base', 'cmake_prefix_path')
[8.803s] INFO:colcon.colcon_core.shell:Creating environment hook '/home/wei/ros2_map/install/mapf_base/share/mapf_base/hook/cmake_prefix_path.ps1'
[8.803s] INFO:colcon.colcon_core.shell:Creating environment descriptor '/home/wei/ros2_map/install/mapf_base/share/mapf_base/hook/cmake_prefix_path.dsv'
[8.803s] INFO:colcon.colcon_core.shell:Creating environment hook '/home/wei/ros2_map/install/mapf_base/share/mapf_base/hook/cmake_prefix_path.sh'
[8.804s] Level 1:colcon.colcon_core.environment:checking '/home/wei/ros2_map/install/mapf_base/lib'
[8.804s] Level 1:colcon.colcon_core.environment:checking '/home/wei/ros2_map/install/mapf_base/bin'
[8.804s] Level 1:colcon.colcon_core.environment:checking '/home/wei/ros2_map/install/mapf_base/lib/pkgconfig/mapf_base.pc'
[8.804s] Level 1:colcon.colcon_core.environment:checking '/home/wei/ros2_map/install/mapf_base/lib/python3.10/site-packages'
[8.804s] Level 1:colcon.colcon_core.environment:checking '/home/wei/ros2_map/install/mapf_base/bin'
[8.805s] INFO:colcon.colcon_core.shell:Creating package script '/home/wei/ros2_map/install/mapf_base/share/mapf_base/package.ps1'
[8.806s] INFO:colcon.colcon_core.shell:Creating package descriptor '/home/wei/ros2_map/install/mapf_base/share/mapf_base/package.dsv'
[8.806s] INFO:colcon.colcon_core.shell:Creating package script '/home/wei/ros2_map/install/mapf_base/share/mapf_base/package.sh'
[8.807s] INFO:colcon.colcon_core.shell:Creating package script '/home/wei/ros2_map/install/mapf_base/share/mapf_base/package.bash'
[8.807s] INFO:colcon.colcon_core.shell:Creating package script '/home/wei/ros2_map/install/mapf_base/share/mapf_base/package.zsh'
[8.807s] Level 1:colcon.colcon_core.environment:create_file_with_runtime_dependencies(/home/wei/ros2_map/install/mapf_base/share/colcon-core/packages/mapf_base)
[8.808s] Level 1:colcon.colcon_core.environment:create_environment_scripts_only(mapf_base)
[8.808s] Level 1:colcon.colcon_core.environment:checking '/home/wei/ros2_map/install/mapf_base' for CMake module files
[8.808s] Level 1:colcon.colcon_core.environment:checking '/home/wei/ros2_map/install/mapf_base' for CMake config files
[8.809s] Level 1:colcon.colcon_core.shell:create_environment_hook('mapf_base', 'cmake_prefix_path')
[8.809s] INFO:colcon.colcon_core.shell:Creating environment hook '/home/wei/ros2_map/install/mapf_base/share/mapf_base/hook/cmake_prefix_path.ps1'
[8.809s] INFO:colcon.colcon_core.shell:Creating environment descriptor '/home/wei/ros2_map/install/mapf_base/share/mapf_base/hook/cmake_prefix_path.dsv'
[8.810s] INFO:colcon.colcon_core.shell:Creating environment hook '/home/wei/ros2_map/install/mapf_base/share/mapf_base/hook/cmake_prefix_path.sh'
[8.810s] Level 1:colcon.colcon_core.environment:checking '/home/wei/ros2_map/install/mapf_base/lib'
[8.810s] Level 1:colcon.colcon_core.environment:checking '/home/wei/ros2_map/install/mapf_base/bin'
[8.810s] Level 1:colcon.colcon_core.environment:checking '/home/wei/ros2_map/install/mapf_base/lib/pkgconfig/mapf_base.pc'
[8.810s] Level 1:colcon.colcon_core.environment:checking '/home/wei/ros2_map/install/mapf_base/lib/python3.10/site-packages'
[8.811s] Level 1:colcon.colcon_core.environment:checking '/home/wei/ros2_map/install/mapf_base/bin'
[8.811s] INFO:colcon.colcon_core.shell:Creating package script '/home/wei/ros2_map/install/mapf_base/share/mapf_base/package.ps1'
[8.812s] INFO:colcon.colcon_core.shell:Creating package descriptor '/home/wei/ros2_map/install/mapf_base/share/mapf_base/package.dsv'
[8.812s] INFO:colcon.colcon_core.shell:Creating package script '/home/wei/ros2_map/install/mapf_base/share/mapf_base/package.sh'
[8.812s] INFO:colcon.colcon_core.shell:Creating package script '/home/wei/ros2_map/install/mapf_base/share/mapf_base/package.bash'
[8.813s] INFO:colcon.colcon_core.shell:Creating package script '/home/wei/ros2_map/install/mapf_base/share/mapf_base/package.zsh'
[8.813s] Level 1:colcon.colcon_core.environment:create_file_with_runtime_dependencies(/home/wei/ros2_map/install/mapf_base/share/colcon-core/packages/mapf_base)
[8.813s] DEBUG:colcon.colcon_parallel_executor.executor.parallel:closing loop
[8.813s] DEBUG:colcon.colcon_parallel_executor.executor.parallel:loop closed
[8.813s] DEBUG:colcon.colcon_parallel_executor.executor.parallel:run_until_complete finished with '0'
[8.814s] DEBUG:colcon.colcon_core.event_reactor:joining thread
[8.818s] INFO:colcon.colcon_core.plugin_system:Skipping extension 'colcon_notification.desktop_notification.terminal_notifier': Not used on non-Darwin systems
[8.818s] INFO:colcon.colcon_core.plugin_system:Skipping extension 'colcon_notification.desktop_notification.win32': Not used on non-Windows systems
[8.818s] INFO:colcon.colcon_notification.desktop_notification:Sending desktop notification using 'notify2'
[8.826s] DEBUG:colcon.colcon_core.event_reactor:joined thread
[8.827s] INFO:colcon.colcon_core.shell:Creating prefix script '/home/wei/ros2_map/install/local_setup.ps1'
[8.828s] INFO:colcon.colcon_core.shell:Creating prefix util module '/home/wei/ros2_map/install/_local_setup_util_ps1.py'
[8.829s] INFO:colcon.colcon_core.shell:Creating prefix chain script '/home/wei/ros2_map/install/setup.ps1'
[8.830s] INFO:colcon.colcon_core.shell:Creating prefix script '/home/wei/ros2_map/install/local_setup.sh'
[8.830s] INFO:colcon.colcon_core.shell:Creating prefix util module '/home/wei/ros2_map/install/_local_setup_util_sh.py'
[8.831s] INFO:colcon.colcon_core.shell:Creating prefix chain script '/home/wei/ros2_map/install/setup.sh'
[8.832s] INFO:colcon.colcon_core.shell:Creating prefix script '/home/wei/ros2_map/install/local_setup.bash'
[8.832s] INFO:colcon.colcon_core.shell:Creating prefix chain script '/home/wei/ros2_map/install/setup.bash'
[8.833s] INFO:colcon.colcon_core.shell:Creating prefix script '/home/wei/ros2_map/install/local_setup.zsh'
[8.834s] INFO:colcon.colcon_core.shell:Creating prefix chain script '/home/wei/ros2_map/install/setup.zsh'
