[0.010s] Invoking command in '/home/wei/ros2_map/build/mapf_ros': AMENT_PREFIX_PATH=/home/wei/ros2_map/install/mapf_msgs:${AMENT_PREFIX_PATH} CMAKE_PREFIX_PATH=/home/wei/ros2_map/install/mapf_msgs:/home/wei/Documents/ros2_ws/install/rover_description:/home/wei/Documents/ros2_ws/install/my_first_pkg:/opt/ros/humble LD_LIBRARY_PATH=/home/wei/ros2_map/install/mapf_msgs/lib:/usr/local/cuda-12.1/lib64:/usr/local/cuda-11.7/lib64:/usr/local/cuda-12.1/lib64:/usr/lib/x86_64-linux-gnu/gazebo-11/plugins:/opt/ros/humble/opt/rviz_ogre_vendor/lib:/opt/ros/humble/lib/x86_64-linux-gnu:/opt/ros/humble/lib:/usr/local/cuda-11.7/lib64 PYTHONPATH=/home/wei/ros2_map/install/mapf_msgs/local/lib/python3.10/dist-packages:${PYTHONPATH} /usr/bin/cmake --build /home/wei/ros2_map/build/mapf_ros -- -j16 -l16
[0.028s] -- Found ament_cmake: 1.3.14 (/opt/ros/humble/share/ament_cmake/cmake)
[0.116s] -- Override CMake install command with custom implementation using symlinks instead of copying resources
[0.120s] -- Found rclcpp: 16.0.19 (/opt/ros/humble/share/rclcpp/cmake)
[0.141s] -- Found rosidl_generator_c: 3.1.8 (/opt/ros/humble/share/rosidl_generator_c/cmake)
[0.143s] -- Found rosidl_adapter: 3.1.8 (/opt/ros/humble/share/rosidl_adapter/cmake)
[0.148s] -- Found rosidl_generator_cpp: 3.1.8 (/opt/ros/humble/share/rosidl_generator_cpp/cmake)
[0.154s] -- Using all available rosidl_typesupport_c: rosidl_typesupport_fastrtps_c;rosidl_typesupport_introspection_c
[0.163s] -- Using all available rosidl_typesupport_cpp: rosidl_typesupport_fastrtps_cpp;rosidl_typesupport_introspection_cpp
[0.185s] -- Found rmw_implementation_cmake: 6.1.2 (/opt/ros/humble/share/rmw_implementation_cmake/cmake)
[0.186s] -- Found rmw_fastrtps_cpp: 6.2.10 (/opt/ros/humble/share/rmw_fastrtps_cpp/cmake)
[0.262s] -- Using RMW implementation 'rmw_fastrtps_cpp' as default
[0.294s] -- Found rclcpp_action: 16.0.19 (/opt/ros/humble/share/rclcpp_action/cmake)
[0.313s] -- Found rclcpp_lifecycle: 16.0.19 (/opt/ros/humble/share/rclcpp_lifecycle/cmake)
[0.324s] -- Found nav_msgs: 4.9.1 (/opt/ros/humble/share/nav_msgs/cmake)
[0.343s] -- Found sensor_msgs: 4.9.1 (/opt/ros/humble/share/sensor_msgs/cmake)
[0.354s] -- Found visualization_msgs: 4.9.1 (/opt/ros/humble/share/visualization_msgs/cmake)
[0.365s] -- Found nav2_util: 1.1.20 (/opt/ros/humble/share/nav2_util/cmake)
[0.420s] -- Found eigen3_cmake_module: 0.1.1 (/opt/ros/humble/share/eigen3_cmake_module/cmake)
[0.420s] -- Ensuring Eigen3 include directory is part of orocos-kdl CMake target
[0.439s] -- Found nav2_costmap_2d: 1.1.20 (/opt/ros/humble/share/nav2_costmap_2d/cmake)
[0.488s] -- Found mapf_msgs: 2.0.0 (/home/wei/ros2_map/install/mapf_msgs/share/mapf_msgs/cmake)
[0.615s] -- Configuring done
[0.713s] -- Generating done
[0.727s] -- Build files have been written to: /home/wei/ros2_map/build/mapf_ros
[0.758s] Consolidate compiler generated dependencies of target ecbs_planner
[0.758s] Consolidate compiler generated dependencies of target sipp_planner
[0.758s] Consolidate compiler generated dependencies of target cbs_planner
[0.758s] Consolidate compiler generated dependencies of target whca_planner
[0.773s] [ 87%] Built target whca_planner
[0.773s] [100%] Built target ecbs_planner
[0.773s] [ 87%] Built target sipp_planner
[0.773s] [100%] Built target cbs_planner
[0.781s] Invoked command in '/home/wei/ros2_map/build/mapf_ros' returned '0': AMENT_PREFIX_PATH=/home/wei/ros2_map/install/mapf_msgs:${AMENT_PREFIX_PATH} CMAKE_PREFIX_PATH=/home/wei/ros2_map/install/mapf_msgs:/home/wei/Documents/ros2_ws/install/rover_description:/home/wei/Documents/ros2_ws/install/my_first_pkg:/opt/ros/humble LD_LIBRARY_PATH=/home/wei/ros2_map/install/mapf_msgs/lib:/usr/local/cuda-12.1/lib64:/usr/local/cuda-11.7/lib64:/usr/local/cuda-12.1/lib64:/usr/lib/x86_64-linux-gnu/gazebo-11/plugins:/opt/ros/humble/opt/rviz_ogre_vendor/lib:/opt/ros/humble/lib/x86_64-linux-gnu:/opt/ros/humble/lib:/usr/local/cuda-11.7/lib64 PYTHONPATH=/home/wei/ros2_map/install/mapf_msgs/local/lib/python3.10/dist-packages:${PYTHONPATH} /usr/bin/cmake --build /home/wei/ros2_map/build/mapf_ros -- -j16 -l16
[0.787s] Invoking command in '/home/wei/ros2_map/build/mapf_ros': AMENT_PREFIX_PATH=/home/wei/ros2_map/install/mapf_msgs:${AMENT_PREFIX_PATH} CMAKE_PREFIX_PATH=/home/wei/ros2_map/install/mapf_msgs:/home/wei/Documents/ros2_ws/install/rover_description:/home/wei/Documents/ros2_ws/install/my_first_pkg:/opt/ros/humble LD_LIBRARY_PATH=/home/wei/ros2_map/install/mapf_msgs/lib:/usr/local/cuda-12.1/lib64:/usr/local/cuda-11.7/lib64:/usr/local/cuda-12.1/lib64:/usr/lib/x86_64-linux-gnu/gazebo-11/plugins:/opt/ros/humble/opt/rviz_ogre_vendor/lib:/opt/ros/humble/lib/x86_64-linux-gnu:/opt/ros/humble/lib:/usr/local/cuda-11.7/lib64 PYTHONPATH=/home/wei/ros2_map/install/mapf_msgs/local/lib/python3.10/dist-packages:${PYTHONPATH} /usr/bin/cmake --install /home/wei/ros2_map/build/mapf_ros
[0.791s] -- Install configuration: ""
[0.791s] -- Execute custom install script
[0.792s] -- Up-to-date symlink: /home/wei/ros2_map/install/mapf_ros/share/mapf_ros//cbs_planner_plugins.xml
[0.792s] -- Up-to-date symlink: /home/wei/ros2_map/install/mapf_ros/share/mapf_ros//ecbs_planner_plugins.xml
[0.792s] -- Up-to-date symlink: /home/wei/ros2_map/install/mapf_ros/share/mapf_ros//sipp_planner_plugins.xml
[0.792s] -- Up-to-date symlink: /home/wei/ros2_map/install/mapf_ros/share/mapf_ros//whca_planner_plugins.xml
[0.792s] -- Up-to-date symlink: /home/wei/ros2_map/install/mapf_ros/lib/libcbs_planner.so
[0.792s] -- Up-to-date symlink: /home/wei/ros2_map/install/mapf_ros/lib/libecbs_planner.so
[0.792s] -- Up-to-date symlink: /home/wei/ros2_map/install/mapf_ros/lib/libsipp_planner.so
[0.792s] -- Up-to-date symlink: /home/wei/ros2_map/install/mapf_ros/lib/libwhca_planner.so
[0.792s] -- Up-to-date symlink: /home/wei/ros2_map/install/mapf_ros/include//mapf_ros/cbs/a_star.hpp
[0.793s] -- Up-to-date symlink: /home/wei/ros2_map/install/mapf_ros/include//mapf_ros/cbs/cbs.hpp
[0.793s] -- Up-to-date symlink: /home/wei/ros2_map/install/mapf_ros/include//mapf_ros/cbs/cbs_env.hpp
[0.793s] -- Up-to-date symlink: /home/wei/ros2_map/install/mapf_ros/include//mapf_ros/cbs/cbs_ros.hpp
[0.793s] -- Up-to-date symlink: /home/wei/ros2_map/install/mapf_ros/include//mapf_ros/ecbs/a_star_epsilon.hpp
[0.793s] -- Up-to-date symlink: /home/wei/ros2_map/install/mapf_ros/include//mapf_ros/ecbs/ecbs.hpp
[0.793s] -- Up-to-date symlink: /home/wei/ros2_map/install/mapf_ros/include//mapf_ros/ecbs/ecbs_env.hpp
[0.793s] -- Up-to-date symlink: /home/wei/ros2_map/install/mapf_ros/include//mapf_ros/ecbs/ecbs_ros.hpp
[0.793s] -- Up-to-date symlink: /home/wei/ros2_map/install/mapf_ros/include//mapf_ros/mapf_ros.hpp
[0.794s] -- Up-to-date symlink: /home/wei/ros2_map/install/mapf_ros/include//mapf_ros/sipp/prioritized_sipp_env.hpp
[0.794s] -- Up-to-date symlink: /home/wei/ros2_map/install/mapf_ros/include//mapf_ros/sipp/prioritized_sipp_ros.hpp
[0.794s] -- Up-to-date symlink: /home/wei/ros2_map/install/mapf_ros/include//mapf_ros/sipp/sipp.hpp
[0.794s] -- Up-to-date symlink: /home/wei/ros2_map/install/mapf_ros/include//mapf_ros/utils/neighbor.hpp
[0.794s] -- Up-to-date symlink: /home/wei/ros2_map/install/mapf_ros/include//mapf_ros/utils/planresult.hpp
[0.794s] -- Up-to-date symlink: /home/wei/ros2_map/install/mapf_ros/include//mapf_ros/utils/timer.hpp
[0.794s] -- Up-to-date symlink: /home/wei/ros2_map/install/mapf_ros/include//mapf_ros/utils/utility.hpp
[0.794s] -- Up-to-date symlink: /home/wei/ros2_map/install/mapf_ros/include//mapf_ros/whca/whca.hpp
[0.794s] -- Up-to-date symlink: /home/wei/ros2_map/install/mapf_ros/include//mapf_ros/whca/whca_env.hpp
[0.794s] -- Up-to-date symlink: /home/wei/ros2_map/install/mapf_ros/include//mapf_ros/whca/whca_ros.hpp
[0.794s] -- Up-to-date symlink: /home/wei/ros2_map/install/mapf_ros/share/mapf_ros/cbs_planner_plugins.xml
[0.794s] -- Up-to-date symlink: /home/wei/ros2_map/install/mapf_ros/share/mapf_ros/ecbs_planner_plugins.xml
[0.794s] -- Up-to-date symlink: /home/wei/ros2_map/install/mapf_ros/share/mapf_ros/sipp_planner_plugins.xml
[0.794s] -- Up-to-date symlink: /home/wei/ros2_map/install/mapf_ros/share/mapf_ros/whca_planner_plugins.xml
[0.794s] -- Up-to-date symlink: /home/wei/ros2_map/install/mapf_ros/share/mapf_ros/environment/library_path.sh
[0.794s] -- Up-to-date symlink: /home/wei/ros2_map/install/mapf_ros/share/mapf_ros/environment/library_path.dsv
[0.795s] -- Up-to-date symlink: /home/wei/ros2_map/install/mapf_ros/share/ament_index/resource_index/package_run_dependencies/mapf_ros
[0.795s] -- Up-to-date symlink: /home/wei/ros2_map/install/mapf_ros/share/ament_index/resource_index/parent_prefix_path/mapf_ros
[0.795s] -- Up-to-date symlink: /home/wei/ros2_map/install/mapf_ros/share/mapf_ros/environment/ament_prefix_path.sh
[0.795s] -- Up-to-date symlink: /home/wei/ros2_map/install/mapf_ros/share/mapf_ros/environment/ament_prefix_path.dsv
[0.795s] -- Up-to-date symlink: /home/wei/ros2_map/install/mapf_ros/share/mapf_ros/environment/path.sh
[0.795s] -- Up-to-date symlink: /home/wei/ros2_map/install/mapf_ros/share/mapf_ros/environment/path.dsv
[0.795s] -- Up-to-date symlink: /home/wei/ros2_map/install/mapf_ros/share/mapf_ros/local_setup.bash
[0.795s] -- Up-to-date symlink: /home/wei/ros2_map/install/mapf_ros/share/mapf_ros/local_setup.sh
[0.795s] -- Up-to-date symlink: /home/wei/ros2_map/install/mapf_ros/share/mapf_ros/local_setup.zsh
[0.795s] -- Up-to-date symlink: /home/wei/ros2_map/install/mapf_ros/share/mapf_ros/local_setup.dsv
[0.795s] -- Symlinking: /home/wei/ros2_map/install/mapf_ros/share/mapf_ros/package.dsv
[0.801s] -- Up-to-date symlink: /home/wei/ros2_map/install/mapf_ros/share/ament_index/resource_index/packages/mapf_ros
[0.801s] -- Up-to-date symlink: /home/wei/ros2_map/install/mapf_ros/share/ament_index/resource_index/mapf_ros__pluginlib__plugin/mapf_ros
[0.801s] -- Up-to-date symlink: /home/wei/ros2_map/install/mapf_ros/share/mapf_ros/cmake/ament_cmake_export_include_directories-extras.cmake
[0.801s] -- Up-to-date symlink: /home/wei/ros2_map/install/mapf_ros/share/mapf_ros/cmake/ament_cmake_export_libraries-extras.cmake
[0.802s] -- Up-to-date symlink: /home/wei/ros2_map/install/mapf_ros/share/mapf_ros/cmake/ament_cmake_export_dependencies-extras.cmake
[0.802s] -- Up-to-date symlink: /home/wei/ros2_map/install/mapf_ros/share/mapf_ros/cmake/mapf_rosConfig.cmake
[0.802s] -- Up-to-date symlink: /home/wei/ros2_map/install/mapf_ros/share/mapf_ros/cmake/mapf_rosConfig-version.cmake
[0.802s] -- Up-to-date symlink: /home/wei/ros2_map/install/mapf_ros/share/mapf_ros/package.xml
[0.804s] Invoked command in '/home/wei/ros2_map/build/mapf_ros' returned '0': AMENT_PREFIX_PATH=/home/wei/ros2_map/install/mapf_msgs:${AMENT_PREFIX_PATH} CMAKE_PREFIX_PATH=/home/wei/ros2_map/install/mapf_msgs:/home/wei/Documents/ros2_ws/install/rover_description:/home/wei/Documents/ros2_ws/install/my_first_pkg:/opt/ros/humble LD_LIBRARY_PATH=/home/wei/ros2_map/install/mapf_msgs/lib:/usr/local/cuda-12.1/lib64:/usr/local/cuda-11.7/lib64:/usr/local/cuda-12.1/lib64:/usr/lib/x86_64-linux-gnu/gazebo-11/plugins:/opt/ros/humble/opt/rviz_ogre_vendor/lib:/opt/ros/humble/lib/x86_64-linux-gnu:/opt/ros/humble/lib:/usr/local/cuda-11.7/lib64 PYTHONPATH=/home/wei/ros2_map/install/mapf_msgs/local/lib/python3.10/dist-packages:${PYTHONPATH} /usr/bin/cmake --install /home/wei/ros2_map/build/mapf_ros
