-- The C compiler identification is GNU 9.5.0
-- The CXX compiler identification is GNU 11.4.0
-- Detecting C compiler ABI info
-- Detecting C compiler ABI info - done
-- Check for working C compiler: /usr/bin/cc - skipped
-- Detecting C compile features
-- Detecting C compile features - done
-- Detecting CXX compiler ABI info
-- Detecting CXX compiler ABI info - done
-- Check for working CXX compiler: /usr/bin/c++ - skipped
-- Detecting CXX compile features
-- Detecting CXX compile features - done
-- Found ament_cmake: 1.3.14 (/opt/ros/humble/share/ament_cmake/cmake)
-- Found Python3: /usr/bin/python3 (found version "3.10.12") found components: Interpreter 
-- Override CMake install command with custom implementation using symlinks instead of copying resources
-- Found rclcpp: 16.0.19 (/opt/ros/humble/share/rclcpp/cmake)
-- Found rosidl_generator_c: 3.1.8 (/opt/ros/humble/share/rosidl_generator_c/cmake)
-- Found rosidl_adapter: 3.1.8 (/opt/ros/humble/share/rosidl_adapter/cmake)
-- Found rosidl_generator_cpp: 3.1.8 (/opt/ros/humble/share/rosidl_generator_cpp/cmake)
-- Using all available rosidl_typesupport_c: rosidl_typesupport_fastrtps_c;rosidl_typesupport_introspection_c
-- Using all available rosidl_typesupport_cpp: rosidl_typesupport_fastrtps_cpp;rosidl_typesupport_introspection_cpp
-- Found rmw_implementation_cmake: 6.1.2 (/opt/ros/humble/share/rmw_implementation_cmake/cmake)
-- Found rmw_fastrtps_cpp: 6.2.10 (/opt/ros/humble/share/rmw_fastrtps_cpp/cmake)
-- Found OpenSSL: /usr/lib/x86_64-linux-gnu/libcrypto.so (found version "3.0.2")  
-- Found FastRTPS: /opt/ros/humble/include  
-- Using RMW implementation 'rmw_fastrtps_cpp' as default
-- Looking for pthread.h
-- Looking for pthread.h - found
-- Performing Test CMAKE_HAVE_LIBC_PTHREAD
-- Performing Test CMAKE_HAVE_LIBC_PTHREAD - Success
-- Found Threads: TRUE  
-- Found rclcpp_action: 16.0.19 (/opt/ros/humble/share/rclcpp_action/cmake)
-- Found rclcpp_lifecycle: 16.0.19 (/opt/ros/humble/share/rclcpp_lifecycle/cmake)
-- Found nav_msgs: 4.9.1 (/opt/ros/humble/share/nav_msgs/cmake)
-- Found sensor_msgs: 4.9.1 (/opt/ros/humble/share/sensor_msgs/cmake)
-- Found visualization_msgs: 4.9.1 (/opt/ros/humble/share/visualization_msgs/cmake)
-- Found nav2_util: 1.1.20 (/opt/ros/humble/share/nav2_util/cmake)
-- Found eigen3_cmake_module: 0.1.1 (/opt/ros/humble/share/eigen3_cmake_module/cmake)
-- Found Eigen3: TRUE (found version "3.4.0") 
-- Ensuring Eigen3 include directory is part of orocos-kdl CMake target
-- Found nav2_costmap_2d: 1.1.20 (/opt/ros/humble/share/nav2_costmap_2d/cmake)
-- Found mapf_msgs: 2.0.0 (/home/wei/ros2_map/install/mapf_msgs/share/mapf_msgs/cmake)
-- Configuring done
-- Generating done
-- Build files have been written to: /home/wei/ros2_map/build/mapf_ros
[ 37%] [32mBuilding CXX object CMakeFiles/ecbs_planner.dir/src/ecbs_ros.cpp.o[0m
[ 37%] [32mBuilding CXX object CMakeFiles/whca_planner.dir/src/whca_ros.cpp.o[0m
[ 50%] [32mBuilding CXX object CMakeFiles/sipp_planner.dir/src/prioritized_sipp_ros.cpp.o[0m
[ 50%] [32mBuilding CXX object CMakeFiles/cbs_planner.dir/src/cbs_ros.cpp.o[0m
[ 62%] [32m[1mLinking CXX shared library libwhca_planner.so[0m
[ 62%] Built target whca_planner
[ 75%] [32m[1mLinking CXX shared library libsipp_planner.so[0m
[ 87%] [32m[1mLinking CXX shared library libcbs_planner.so[0m
[ 87%] Built target sipp_planner
[ 87%] Built target cbs_planner
[100%] [32m[1mLinking CXX shared library libecbs_planner.so[0m
[100%] Built target ecbs_planner
-- Install configuration: ""
-- Execute custom install script
-- Symlinking: /home/wei/ros2_map/install/mapf_ros/share/mapf_ros//cbs_planner_plugins.xml
-- Symlinking: /home/wei/ros2_map/install/mapf_ros/share/mapf_ros//ecbs_planner_plugins.xml
-- Symlinking: /home/wei/ros2_map/install/mapf_ros/share/mapf_ros//sipp_planner_plugins.xml
-- Symlinking: /home/wei/ros2_map/install/mapf_ros/share/mapf_ros//whca_planner_plugins.xml
-- Symlinking: /home/wei/ros2_map/install/mapf_ros/lib/libcbs_planner.so
-- Symlinking: /home/wei/ros2_map/install/mapf_ros/lib/libecbs_planner.so
-- Symlinking: /home/wei/ros2_map/install/mapf_ros/lib/libsipp_planner.so
-- Symlinking: /home/wei/ros2_map/install/mapf_ros/lib/libwhca_planner.so
-- Symlinking: /home/wei/ros2_map/install/mapf_ros/include//mapf_ros/cbs/a_star.hpp
-- Symlinking: /home/wei/ros2_map/install/mapf_ros/include//mapf_ros/cbs/cbs.hpp
-- Symlinking: /home/wei/ros2_map/install/mapf_ros/include//mapf_ros/cbs/cbs_env.hpp
-- Symlinking: /home/wei/ros2_map/install/mapf_ros/include//mapf_ros/cbs/cbs_ros.hpp
-- Symlinking: /home/wei/ros2_map/install/mapf_ros/include//mapf_ros/ecbs/a_star_epsilon.hpp
-- Symlinking: /home/wei/ros2_map/install/mapf_ros/include//mapf_ros/ecbs/ecbs.hpp
-- Symlinking: /home/wei/ros2_map/install/mapf_ros/include//mapf_ros/ecbs/ecbs_env.hpp
-- Symlinking: /home/wei/ros2_map/install/mapf_ros/include//mapf_ros/ecbs/ecbs_ros.hpp
-- Symlinking: /home/wei/ros2_map/install/mapf_ros/include//mapf_ros/mapf_ros.hpp
-- Symlinking: /home/wei/ros2_map/install/mapf_ros/include//mapf_ros/sipp/prioritized_sipp_env.hpp
-- Symlinking: /home/wei/ros2_map/install/mapf_ros/include//mapf_ros/sipp/prioritized_sipp_ros.hpp
-- Symlinking: /home/wei/ros2_map/install/mapf_ros/include//mapf_ros/sipp/sipp.hpp
-- Symlinking: /home/wei/ros2_map/install/mapf_ros/include//mapf_ros/utils/neighbor.hpp
-- Symlinking: /home/wei/ros2_map/install/mapf_ros/include//mapf_ros/utils/planresult.hpp
-- Symlinking: /home/wei/ros2_map/install/mapf_ros/include//mapf_ros/utils/timer.hpp
-- Symlinking: /home/wei/ros2_map/install/mapf_ros/include//mapf_ros/utils/utility.hpp
-- Symlinking: /home/wei/ros2_map/install/mapf_ros/include//mapf_ros/whca/whca.hpp
-- Symlinking: /home/wei/ros2_map/install/mapf_ros/include//mapf_ros/whca/whca_env.hpp
-- Symlinking: /home/wei/ros2_map/install/mapf_ros/include//mapf_ros/whca/whca_ros.hpp
-- Up-to-date symlink: /home/wei/ros2_map/install/mapf_ros/share/mapf_ros/cbs_planner_plugins.xml
-- Up-to-date symlink: /home/wei/ros2_map/install/mapf_ros/share/mapf_ros/ecbs_planner_plugins.xml
-- Up-to-date symlink: /home/wei/ros2_map/install/mapf_ros/share/mapf_ros/sipp_planner_plugins.xml
-- Up-to-date symlink: /home/wei/ros2_map/install/mapf_ros/share/mapf_ros/whca_planner_plugins.xml
-- Symlinking: /home/wei/ros2_map/install/mapf_ros/share/mapf_ros/environment/library_path.sh
-- Symlinking: /home/wei/ros2_map/install/mapf_ros/share/mapf_ros/environment/library_path.dsv
-- Symlinking: /home/wei/ros2_map/install/mapf_ros/share/ament_index/resource_index/package_run_dependencies/mapf_ros
-- Symlinking: /home/wei/ros2_map/install/mapf_ros/share/ament_index/resource_index/parent_prefix_path/mapf_ros
-- Symlinking: /home/wei/ros2_map/install/mapf_ros/share/mapf_ros/environment/ament_prefix_path.sh
-- Symlinking: /home/wei/ros2_map/install/mapf_ros/share/mapf_ros/environment/ament_prefix_path.dsv
-- Symlinking: /home/wei/ros2_map/install/mapf_ros/share/mapf_ros/environment/path.sh
-- Symlinking: /home/wei/ros2_map/install/mapf_ros/share/mapf_ros/environment/path.dsv
-- Symlinking: /home/wei/ros2_map/install/mapf_ros/share/mapf_ros/local_setup.bash
-- Symlinking: /home/wei/ros2_map/install/mapf_ros/share/mapf_ros/local_setup.sh
-- Symlinking: /home/wei/ros2_map/install/mapf_ros/share/mapf_ros/local_setup.zsh
-- Symlinking: /home/wei/ros2_map/install/mapf_ros/share/mapf_ros/local_setup.dsv
-- Symlinking: /home/wei/ros2_map/install/mapf_ros/share/mapf_ros/package.dsv
-- Symlinking: /home/wei/ros2_map/install/mapf_ros/share/ament_index/resource_index/packages/mapf_ros
-- Symlinking: /home/wei/ros2_map/install/mapf_ros/share/ament_index/resource_index/mapf_ros__pluginlib__plugin/mapf_ros
-- Symlinking: /home/wei/ros2_map/install/mapf_ros/share/mapf_ros/cmake/ament_cmake_export_include_directories-extras.cmake
-- Symlinking: /home/wei/ros2_map/install/mapf_ros/share/mapf_ros/cmake/ament_cmake_export_libraries-extras.cmake
-- Symlinking: /home/wei/ros2_map/install/mapf_ros/share/mapf_ros/cmake/ament_cmake_export_dependencies-extras.cmake
-- Symlinking: /home/wei/ros2_map/install/mapf_ros/share/mapf_ros/cmake/mapf_rosConfig.cmake
-- Symlinking: /home/wei/ros2_map/install/mapf_ros/share/mapf_ros/cmake/mapf_rosConfig-version.cmake
-- Symlinking: /home/wei/ros2_map/install/mapf_ros/share/mapf_ros/package.xml
