[0.006s] Invoking command in '/home/wei/ros2_map/build/mapf_ros': AMENT_PREFIX_PATH=/home/wei/ros2_map/install/mapf_msgs:${AMENT_PREFIX_PATH} CMAKE_PREFIX_PATH=/home/wei/ros2_map/install/mapf_msgs:/home/wei/Documents/ros2_ws/install/rover_description:/home/wei/Documents/ros2_ws/install/my_first_pkg:/opt/ros/humble LD_LIBRARY_PATH=/home/wei/ros2_map/install/mapf_msgs/lib:/usr/local/cuda-12.1/lib64:/usr/local/cuda-11.7/lib64:/usr/local/cuda-12.1/lib64:/usr/lib/x86_64-linux-gnu/gazebo-11/plugins:/opt/ros/humble/opt/rviz_ogre_vendor/lib:/opt/ros/humble/lib/x86_64-linux-gnu:/opt/ros/humble/lib:/usr/local/cuda-11.7/lib64 PYTHONPATH=/home/wei/ros2_map/install/mapf_msgs/local/lib/python3.10/dist-packages:${PYTHONPATH} /usr/bin/cmake /home/wei/ros2_map/mapf_ros/mapf_ros -DAMENT_CMAKE_SYMLINK_INSTALL=1 -DCMAKE_INSTALL_PREFIX=/home/wei/ros2_map/install/mapf_ros
[0.044s] -- The C compiler identification is GNU 9.5.0
[0.083s] -- The CXX compiler identification is GNU 11.4.0
[0.088s] -- Detecting C compiler ABI info
[0.132s] -- Detecting C compiler ABI info - done
[0.137s] -- Check for working C compiler: /usr/bin/cc - skipped
[0.137s] -- Detecting C compile features
[0.138s] -- Detecting C compile features - done
[0.139s] -- Detecting CXX compiler ABI info
[0.187s] -- Detecting CXX compiler ABI info - done
[0.191s] -- Check for working CXX compiler: /usr/bin/c++ - skipped
[0.191s] -- Detecting CXX compile features
[0.192s] -- Detecting CXX compile features - done
[0.193s] -- Found ament_cmake: 1.3.14 (/opt/ros/humble/share/ament_cmake/cmake)
[0.293s] -- Found Python3: /usr/bin/python3 (found version "3.10.12") found components: Interpreter 
[0.338s] -- Override CMake install command with custom implementation using symlinks instead of copying resources
[0.357s] -- Found rclcpp: 16.0.19 (/opt/ros/humble/share/rclcpp/cmake)
[0.388s] -- Found rosidl_generator_c: 3.1.8 (/opt/ros/humble/share/rosidl_generator_c/cmake)
[0.391s] -- Found rosidl_adapter: 3.1.8 (/opt/ros/humble/share/rosidl_adapter/cmake)
[0.397s] -- Found rosidl_generator_cpp: 3.1.8 (/opt/ros/humble/share/rosidl_generator_cpp/cmake)
[0.404s] -- Using all available rosidl_typesupport_c: rosidl_typesupport_fastrtps_c;rosidl_typesupport_introspection_c
[0.415s] -- Using all available rosidl_typesupport_cpp: rosidl_typesupport_fastrtps_cpp;rosidl_typesupport_introspection_cpp
[0.459s] -- Found rmw_implementation_cmake: 6.1.2 (/opt/ros/humble/share/rmw_implementation_cmake/cmake)
[0.462s] -- Found rmw_fastrtps_cpp: 6.2.10 (/opt/ros/humble/share/rmw_fastrtps_cpp/cmake)
[0.537s] -- Found OpenSSL: /usr/lib/x86_64-linux-gnu/libcrypto.so (found version "3.0.2")  
[0.558s] -- Found FastRTPS: /opt/ros/humble/include  
[0.587s] -- Using RMW implementation 'rmw_fastrtps_cpp' as default
[0.596s] -- Looking for pthread.h
[0.642s] -- Looking for pthread.h - found
[0.642s] -- Performing Test CMAKE_HAVE_LIBC_PTHREAD
[0.686s] -- Performing Test CMAKE_HAVE_LIBC_PTHREAD - Success
[0.687s] -- Found Threads: TRUE  
[0.733s] -- Found rclcpp_action: 16.0.19 (/opt/ros/humble/share/rclcpp_action/cmake)
[0.770s] -- Found rclcpp_lifecycle: 16.0.19 (/opt/ros/humble/share/rclcpp_lifecycle/cmake)
[0.791s] -- Found nav_msgs: 4.9.1 (/opt/ros/humble/share/nav_msgs/cmake)
[0.810s] -- Found sensor_msgs: 4.9.1 (/opt/ros/humble/share/sensor_msgs/cmake)
[0.823s] -- Found visualization_msgs: 4.9.1 (/opt/ros/humble/share/visualization_msgs/cmake)
[0.845s] -- Found nav2_util: 1.1.20 (/opt/ros/humble/share/nav2_util/cmake)
[0.957s] -- Found eigen3_cmake_module: 0.1.1 (/opt/ros/humble/share/eigen3_cmake_module/cmake)
[0.958s] -- Found Eigen3: TRUE (found version "3.4.0") 
[0.958s] -- Ensuring Eigen3 include directory is part of orocos-kdl CMake target
[0.992s] -- Found nav2_costmap_2d: 1.1.20 (/opt/ros/humble/share/nav2_costmap_2d/cmake)
[1.072s] -- Found mapf_msgs: 2.0.0 (/home/wei/ros2_map/install/mapf_msgs/share/mapf_msgs/cmake)
[1.195s] -- Configuring done
[1.315s] -- Generating done
[1.330s] -- Build files have been written to: /home/wei/ros2_map/build/mapf_ros
[1.340s] Invoked command in '/home/wei/ros2_map/build/mapf_ros' returned '0': AMENT_PREFIX_PATH=/home/wei/ros2_map/install/mapf_msgs:${AMENT_PREFIX_PATH} CMAKE_PREFIX_PATH=/home/wei/ros2_map/install/mapf_msgs:/home/wei/Documents/ros2_ws/install/rover_description:/home/wei/Documents/ros2_ws/install/my_first_pkg:/opt/ros/humble LD_LIBRARY_PATH=/home/wei/ros2_map/install/mapf_msgs/lib:/usr/local/cuda-12.1/lib64:/usr/local/cuda-11.7/lib64:/usr/local/cuda-12.1/lib64:/usr/lib/x86_64-linux-gnu/gazebo-11/plugins:/opt/ros/humble/opt/rviz_ogre_vendor/lib:/opt/ros/humble/lib/x86_64-linux-gnu:/opt/ros/humble/lib:/usr/local/cuda-11.7/lib64 PYTHONPATH=/home/wei/ros2_map/install/mapf_msgs/local/lib/python3.10/dist-packages:${PYTHONPATH} /usr/bin/cmake /home/wei/ros2_map/mapf_ros/mapf_ros -DAMENT_CMAKE_SYMLINK_INSTALL=1 -DCMAKE_INSTALL_PREFIX=/home/wei/ros2_map/install/mapf_ros
[1.341s] Invoking command in '/home/wei/ros2_map/build/mapf_ros': AMENT_PREFIX_PATH=/home/wei/ros2_map/install/mapf_msgs:${AMENT_PREFIX_PATH} CMAKE_PREFIX_PATH=/home/wei/ros2_map/install/mapf_msgs:/home/wei/Documents/ros2_ws/install/rover_description:/home/wei/Documents/ros2_ws/install/my_first_pkg:/opt/ros/humble LD_LIBRARY_PATH=/home/wei/ros2_map/install/mapf_msgs/lib:/usr/local/cuda-12.1/lib64:/usr/local/cuda-11.7/lib64:/usr/local/cuda-12.1/lib64:/usr/lib/x86_64-linux-gnu/gazebo-11/plugins:/opt/ros/humble/opt/rviz_ogre_vendor/lib:/opt/ros/humble/lib/x86_64-linux-gnu:/opt/ros/humble/lib:/usr/local/cuda-11.7/lib64 PYTHONPATH=/home/wei/ros2_map/install/mapf_msgs/local/lib/python3.10/dist-packages:${PYTHONPATH} /usr/bin/cmake --build /home/wei/ros2_map/build/mapf_ros -- -j16 -l16
[1.373s] [ 37%] [32mBuilding CXX object CMakeFiles/ecbs_planner.dir/src/ecbs_ros.cpp.o[0m
[1.373s] [ 37%] [32mBuilding CXX object CMakeFiles/whca_planner.dir/src/whca_ros.cpp.o[0m
[1.373s] [ 50%] [32mBuilding CXX object CMakeFiles/sipp_planner.dir/src/prioritized_sipp_ros.cpp.o[0m
[1.373s] [ 50%] [32mBuilding CXX object CMakeFiles/cbs_planner.dir/src/cbs_ros.cpp.o[0m
[7.262s] [ 62%] [32m[1mLinking CXX shared library libwhca_planner.so[0m
[7.580s] [ 62%] Built target whca_planner
[7.747s] [ 75%] [32m[1mLinking CXX shared library libsipp_planner.so[0m
[7.978s] [ 87%] [32m[1mLinking CXX shared library libcbs_planner.so[0m
[8.013s] [ 87%] Built target sipp_planner
[8.249s] [ 87%] Built target cbs_planner
[8.403s] [100%] [32m[1mLinking CXX shared library libecbs_planner.so[0m
[8.699s] [100%] Built target ecbs_planner
[8.707s] Invoked command in '/home/wei/ros2_map/build/mapf_ros' returned '0': AMENT_PREFIX_PATH=/home/wei/ros2_map/install/mapf_msgs:${AMENT_PREFIX_PATH} CMAKE_PREFIX_PATH=/home/wei/ros2_map/install/mapf_msgs:/home/wei/Documents/ros2_ws/install/rover_description:/home/wei/Documents/ros2_ws/install/my_first_pkg:/opt/ros/humble LD_LIBRARY_PATH=/home/wei/ros2_map/install/mapf_msgs/lib:/usr/local/cuda-12.1/lib64:/usr/local/cuda-11.7/lib64:/usr/local/cuda-12.1/lib64:/usr/lib/x86_64-linux-gnu/gazebo-11/plugins:/opt/ros/humble/opt/rviz_ogre_vendor/lib:/opt/ros/humble/lib/x86_64-linux-gnu:/opt/ros/humble/lib:/usr/local/cuda-11.7/lib64 PYTHONPATH=/home/wei/ros2_map/install/mapf_msgs/local/lib/python3.10/dist-packages:${PYTHONPATH} /usr/bin/cmake --build /home/wei/ros2_map/build/mapf_ros -- -j16 -l16
[8.707s] Invoking command in '/home/wei/ros2_map/build/mapf_ros': AMENT_PREFIX_PATH=/home/wei/ros2_map/install/mapf_msgs:${AMENT_PREFIX_PATH} CMAKE_PREFIX_PATH=/home/wei/ros2_map/install/mapf_msgs:/home/wei/Documents/ros2_ws/install/rover_description:/home/wei/Documents/ros2_ws/install/my_first_pkg:/opt/ros/humble LD_LIBRARY_PATH=/home/wei/ros2_map/install/mapf_msgs/lib:/usr/local/cuda-12.1/lib64:/usr/local/cuda-11.7/lib64:/usr/local/cuda-12.1/lib64:/usr/lib/x86_64-linux-gnu/gazebo-11/plugins:/opt/ros/humble/opt/rviz_ogre_vendor/lib:/opt/ros/humble/lib/x86_64-linux-gnu:/opt/ros/humble/lib:/usr/local/cuda-11.7/lib64 PYTHONPATH=/home/wei/ros2_map/install/mapf_msgs/local/lib/python3.10/dist-packages:${PYTHONPATH} /usr/bin/cmake --install /home/wei/ros2_map/build/mapf_ros
[8.712s] -- Install configuration: ""
[8.712s] -- Execute custom install script
[8.713s] -- Symlinking: /home/wei/ros2_map/install/mapf_ros/share/mapf_ros//cbs_planner_plugins.xml
[8.718s] -- Symlinking: /home/wei/ros2_map/install/mapf_ros/share/mapf_ros//ecbs_planner_plugins.xml
[8.722s] -- Symlinking: /home/wei/ros2_map/install/mapf_ros/share/mapf_ros//sipp_planner_plugins.xml
[8.727s] -- Symlinking: /home/wei/ros2_map/install/mapf_ros/share/mapf_ros//whca_planner_plugins.xml
[8.733s] -- Symlinking: /home/wei/ros2_map/install/mapf_ros/lib/libcbs_planner.so
[8.740s] -- Symlinking: /home/wei/ros2_map/install/mapf_ros/lib/libecbs_planner.so
[8.746s] -- Symlinking: /home/wei/ros2_map/install/mapf_ros/lib/libsipp_planner.so
[8.752s] -- Symlinking: /home/wei/ros2_map/install/mapf_ros/lib/libwhca_planner.so
[8.757s] -- Symlinking: /home/wei/ros2_map/install/mapf_ros/include//mapf_ros/cbs/a_star.hpp
[8.762s] -- Symlinking: /home/wei/ros2_map/install/mapf_ros/include//mapf_ros/cbs/cbs.hpp
[8.767s] -- Symlinking: /home/wei/ros2_map/install/mapf_ros/include//mapf_ros/cbs/cbs_env.hpp
[8.772s] -- Symlinking: /home/wei/ros2_map/install/mapf_ros/include//mapf_ros/cbs/cbs_ros.hpp
[8.777s] -- Symlinking: /home/wei/ros2_map/install/mapf_ros/include//mapf_ros/ecbs/a_star_epsilon.hpp
[8.782s] -- Symlinking: /home/wei/ros2_map/install/mapf_ros/include//mapf_ros/ecbs/ecbs.hpp
[8.786s] -- Symlinking: /home/wei/ros2_map/install/mapf_ros/include//mapf_ros/ecbs/ecbs_env.hpp
[8.792s] -- Symlinking: /home/wei/ros2_map/install/mapf_ros/include//mapf_ros/ecbs/ecbs_ros.hpp
[8.797s] -- Symlinking: /home/wei/ros2_map/install/mapf_ros/include//mapf_ros/mapf_ros.hpp
[8.801s] -- Symlinking: /home/wei/ros2_map/install/mapf_ros/include//mapf_ros/sipp/prioritized_sipp_env.hpp
[8.806s] -- Symlinking: /home/wei/ros2_map/install/mapf_ros/include//mapf_ros/sipp/prioritized_sipp_ros.hpp
[8.811s] -- Symlinking: /home/wei/ros2_map/install/mapf_ros/include//mapf_ros/sipp/sipp.hpp
[8.816s] -- Symlinking: /home/wei/ros2_map/install/mapf_ros/include//mapf_ros/utils/neighbor.hpp
[8.821s] -- Symlinking: /home/wei/ros2_map/install/mapf_ros/include//mapf_ros/utils/planresult.hpp
[8.826s] -- Symlinking: /home/wei/ros2_map/install/mapf_ros/include//mapf_ros/utils/timer.hpp
[8.831s] -- Symlinking: /home/wei/ros2_map/install/mapf_ros/include//mapf_ros/utils/utility.hpp
[8.838s] -- Symlinking: /home/wei/ros2_map/install/mapf_ros/include//mapf_ros/whca/whca.hpp
[8.844s] -- Symlinking: /home/wei/ros2_map/install/mapf_ros/include//mapf_ros/whca/whca_env.hpp
[8.850s] -- Symlinking: /home/wei/ros2_map/install/mapf_ros/include//mapf_ros/whca/whca_ros.hpp
[8.856s] -- Up-to-date symlink: /home/wei/ros2_map/install/mapf_ros/share/mapf_ros/cbs_planner_plugins.xml
[8.856s] -- Up-to-date symlink: /home/wei/ros2_map/install/mapf_ros/share/mapf_ros/ecbs_planner_plugins.xml
[8.856s] -- Up-to-date symlink: /home/wei/ros2_map/install/mapf_ros/share/mapf_ros/sipp_planner_plugins.xml
[8.856s] -- Up-to-date symlink: /home/wei/ros2_map/install/mapf_ros/share/mapf_ros/whca_planner_plugins.xml
[8.856s] -- Symlinking: /home/wei/ros2_map/install/mapf_ros/share/mapf_ros/environment/library_path.sh
[8.861s] -- Symlinking: /home/wei/ros2_map/install/mapf_ros/share/mapf_ros/environment/library_path.dsv
[8.866s] -- Symlinking: /home/wei/ros2_map/install/mapf_ros/share/ament_index/resource_index/package_run_dependencies/mapf_ros
[8.871s] -- Symlinking: /home/wei/ros2_map/install/mapf_ros/share/ament_index/resource_index/parent_prefix_path/mapf_ros
[8.876s] -- Symlinking: /home/wei/ros2_map/install/mapf_ros/share/mapf_ros/environment/ament_prefix_path.sh
[8.881s] -- Symlinking: /home/wei/ros2_map/install/mapf_ros/share/mapf_ros/environment/ament_prefix_path.dsv
[8.886s] -- Symlinking: /home/wei/ros2_map/install/mapf_ros/share/mapf_ros/environment/path.sh
[8.891s] -- Symlinking: /home/wei/ros2_map/install/mapf_ros/share/mapf_ros/environment/path.dsv
[8.896s] -- Symlinking: /home/wei/ros2_map/install/mapf_ros/share/mapf_ros/local_setup.bash
[8.901s] -- Symlinking: /home/wei/ros2_map/install/mapf_ros/share/mapf_ros/local_setup.sh
[8.906s] -- Symlinking: /home/wei/ros2_map/install/mapf_ros/share/mapf_ros/local_setup.zsh
[8.911s] -- Symlinking: /home/wei/ros2_map/install/mapf_ros/share/mapf_ros/local_setup.dsv
[8.916s] -- Symlinking: /home/wei/ros2_map/install/mapf_ros/share/mapf_ros/package.dsv
[8.921s] -- Symlinking: /home/wei/ros2_map/install/mapf_ros/share/ament_index/resource_index/packages/mapf_ros
[8.927s] -- Symlinking: /home/wei/ros2_map/install/mapf_ros/share/ament_index/resource_index/mapf_ros__pluginlib__plugin/mapf_ros
[8.933s] -- Symlinking: /home/wei/ros2_map/install/mapf_ros/share/mapf_ros/cmake/ament_cmake_export_include_directories-extras.cmake
[8.940s] -- Symlinking: /home/wei/ros2_map/install/mapf_ros/share/mapf_ros/cmake/ament_cmake_export_libraries-extras.cmake
[8.945s] -- Symlinking: /home/wei/ros2_map/install/mapf_ros/share/mapf_ros/cmake/ament_cmake_export_dependencies-extras.cmake
[8.952s] -- Symlinking: /home/wei/ros2_map/install/mapf_ros/share/mapf_ros/cmake/mapf_rosConfig.cmake
[8.957s] -- Symlinking: /home/wei/ros2_map/install/mapf_ros/share/mapf_ros/cmake/mapf_rosConfig-version.cmake
[8.961s] -- Symlinking: /home/wei/ros2_map/install/mapf_ros/share/mapf_ros/package.xml
[8.968s] Invoked command in '/home/wei/ros2_map/build/mapf_ros' returned '0': AMENT_PREFIX_PATH=/home/wei/ros2_map/install/mapf_msgs:${AMENT_PREFIX_PATH} CMAKE_PREFIX_PATH=/home/wei/ros2_map/install/mapf_msgs:/home/wei/Documents/ros2_ws/install/rover_description:/home/wei/Documents/ros2_ws/install/my_first_pkg:/opt/ros/humble LD_LIBRARY_PATH=/home/wei/ros2_map/install/mapf_msgs/lib:/usr/local/cuda-12.1/lib64:/usr/local/cuda-11.7/lib64:/usr/local/cuda-12.1/lib64:/usr/lib/x86_64-linux-gnu/gazebo-11/plugins:/opt/ros/humble/opt/rviz_ogre_vendor/lib:/opt/ros/humble/lib/x86_64-linux-gnu:/opt/ros/humble/lib:/usr/local/cuda-11.7/lib64 PYTHONPATH=/home/wei/ros2_map/install/mapf_msgs/local/lib/python3.10/dist-packages:${PYTHONPATH} /usr/bin/cmake --install /home/wei/ros2_map/build/mapf_ros
