[0.013s] Invoking command in '/home/wei/ros2_map/build/mapf_base': AMENT_PREFIX_PATH=/home/wei/ros2_map/install/mapf_ros:/home/wei/ros2_map/install/mapf_msgs:${AMENT_PREFIX_PATH} CMAKE_PREFIX_PATH=/home/wei/ros2_map/install/mapf_ros:/home/wei/ros2_map/install/mapf_msgs:/home/wei/Documents/ros2_ws/install/rover_description:/home/wei/Documents/ros2_ws/install/my_first_pkg:/opt/ros/humble LD_LIBRARY_PATH=/home/wei/ros2_map/install/mapf_ros/lib:/home/wei/ros2_map/install/mapf_msgs/lib:/usr/local/cuda-12.1/lib64:/usr/local/cuda-11.7/lib64:/usr/local/cuda-12.1/lib64:/usr/lib/x86_64-linux-gnu/gazebo-11/plugins:/opt/ros/humble/opt/rviz_ogre_vendor/lib:/opt/ros/humble/lib/x86_64-linux-gnu:/opt/ros/humble/lib:/usr/local/cuda-11.7/lib64 PYTHONPATH=/home/wei/ros2_map/install/mapf_msgs/local/lib/python3.10/dist-packages:${PYTHONPATH} /usr/bin/cmake --build /home/wei/ros2_map/build/mapf_base -- -j16 -l16
[0.051s] Consolidate compiler generated dependencies of target plan_animator
[0.060s] [ 10%] Linking CXX executable goal_transformer
[0.064s] [ 30%] Linking CXX executable plan_executor
[0.064s] [ 30%] Building CXX object CMakeFiles/plan_animator.dir/example/plan_animator.cpp.o
[0.067s] [ 40%] Linking CXX shared library libmapf_base.so
[2.015s] [ 50%] Built target plan_executor
[2.099s] [ 60%] Built target goal_transformer
[2.320s] [ 70%] Built target mapf_base
[2.347s] [ 80%] Linking CXX executable mapf_base_node
[3.123s] [ 90%] Built target mapf_base_node
[8.191s] [100%] Linking CXX executable plan_animator
[8.867s] [100%] Built target plan_animator
[8.877s] Invoked command in '/home/wei/ros2_map/build/mapf_base' returned '0': AMENT_PREFIX_PATH=/home/wei/ros2_map/install/mapf_ros:/home/wei/ros2_map/install/mapf_msgs:${AMENT_PREFIX_PATH} CMAKE_PREFIX_PATH=/home/wei/ros2_map/install/mapf_ros:/home/wei/ros2_map/install/mapf_msgs:/home/wei/Documents/ros2_ws/install/rover_description:/home/wei/Documents/ros2_ws/install/my_first_pkg:/opt/ros/humble LD_LIBRARY_PATH=/home/wei/ros2_map/install/mapf_ros/lib:/home/wei/ros2_map/install/mapf_msgs/lib:/usr/local/cuda-12.1/lib64:/usr/local/cuda-11.7/lib64:/usr/local/cuda-12.1/lib64:/usr/lib/x86_64-linux-gnu/gazebo-11/plugins:/opt/ros/humble/opt/rviz_ogre_vendor/lib:/opt/ros/humble/lib/x86_64-linux-gnu:/opt/ros/humble/lib:/usr/local/cuda-11.7/lib64 PYTHONPATH=/home/wei/ros2_map/install/mapf_msgs/local/lib/python3.10/dist-packages:${PYTHONPATH} /usr/bin/cmake --build /home/wei/ros2_map/build/mapf_base -- -j16 -l16
[8.887s] Invoking command in '/home/wei/ros2_map/build/mapf_base': AMENT_PREFIX_PATH=/home/wei/ros2_map/install/mapf_ros:/home/wei/ros2_map/install/mapf_msgs:${AMENT_PREFIX_PATH} CMAKE_PREFIX_PATH=/home/wei/ros2_map/install/mapf_ros:/home/wei/ros2_map/install/mapf_msgs:/home/wei/Documents/ros2_ws/install/rover_description:/home/wei/Documents/ros2_ws/install/my_first_pkg:/opt/ros/humble LD_LIBRARY_PATH=/home/wei/ros2_map/install/mapf_ros/lib:/home/wei/ros2_map/install/mapf_msgs/lib:/usr/local/cuda-12.1/lib64:/usr/local/cuda-11.7/lib64:/usr/local/cuda-12.1/lib64:/usr/lib/x86_64-linux-gnu/gazebo-11/plugins:/opt/ros/humble/opt/rviz_ogre_vendor/lib:/opt/ros/humble/lib/x86_64-linux-gnu:/opt/ros/humble/lib:/usr/local/cuda-11.7/lib64 PYTHONPATH=/home/wei/ros2_map/install/mapf_msgs/local/lib/python3.10/dist-packages:${PYTHONPATH} /usr/bin/cmake --install /home/wei/ros2_map/build/mapf_base
[8.893s] -- Install configuration: ""
[8.893s] -- Execute custom install script
[8.893s] -- Up-to-date symlink: /home/wei/ros2_map/install/mapf_base/lib/mapf_base/mapf_base_node
[8.893s] -- Up-to-date symlink: /home/wei/ros2_map/install/mapf_base/lib/mapf_base/goal_transformer
[8.894s] -- Up-to-date symlink: /home/wei/ros2_map/install/mapf_base/lib/mapf_base/plan_executor
[8.894s] -- Up-to-date symlink: /home/wei/ros2_map/install/mapf_base/lib/mapf_base/plan_animator
[8.894s] -- Up-to-date symlink: /home/wei/ros2_map/install/mapf_base/include//mapf_base/mapf_base.hpp
[8.894s] -- Up-to-date symlink: /home/wei/ros2_map/install/mapf_base/share/mapf_base/params/costmap_params.yaml
[8.894s] -- Up-to-date symlink: /home/wei/ros2_map/install/mapf_base/share/mapf_base/params/mapf_params.yaml
[8.894s] -- Up-to-date symlink: /home/wei/ros2_map/install/mapf_base/share/mapf_base/params/whca_costmap_params.yaml
[8.894s] -- Up-to-date symlink: /home/wei/ros2_map/install/mapf_base/share/mapf_base/params/whca_warehouse_params.yaml
[8.894s] -- Up-to-date symlink: /home/wei/ros2_map/install/mapf_base/share/mapf_base/launch/gazebo_warehouse.launch.py
[8.894s] -- Up-to-date symlink: /home/wei/ros2_map/install/mapf_base/share/mapf_base/launch/mapf_example.launch.py
[8.895s] -- Up-to-date symlink: /home/wei/ros2_map/install/mapf_base/share/mapf_base/launch/whca_warehouse.launch.py
[8.895s] -- Up-to-date symlink: /home/wei/ros2_map/install/mapf_base/share/mapf_base/maps/warehouse.pgm
[8.895s] -- Up-to-date symlink: /home/wei/ros2_map/install/mapf_base/share/mapf_base/maps/warehouse.py
[8.895s] -- Up-to-date symlink: /home/wei/ros2_map/install/mapf_base/share/mapf_base/maps/warehouse.yaml
[8.895s] -- Up-to-date symlink: /home/wei/ros2_map/install/mapf_base/share/mapf_base/worlds/warehouse.world
[8.895s] -- Up-to-date symlink: /home/wei/ros2_map/install/mapf_base/share/mapf_base/worlds/warehouse_ign.sdf
[8.895s] -- Up-to-date symlink: /home/wei/ros2_map/install/mapf_base/share/mapf_base/models/robot_0.sdf
[8.895s] -- Up-to-date symlink: /home/wei/ros2_map/install/mapf_base/share/mapf_base/models/robot_1.sdf
[8.895s] -- Up-to-date symlink: /home/wei/ros2_map/install/mapf_base/share/mapf_base/models/robot_2.sdf
[8.895s] -- Up-to-date symlink: /home/wei/ros2_map/install/mapf_base/share/mapf_base/models/robot_3.sdf
[8.895s] -- Up-to-date symlink: /home/wei/ros2_map/install/mapf_base/share/ament_index/resource_index/package_run_dependencies/mapf_base
[8.895s] -- Up-to-date symlink: /home/wei/ros2_map/install/mapf_base/share/ament_index/resource_index/parent_prefix_path/mapf_base
[8.895s] -- Up-to-date symlink: /home/wei/ros2_map/install/mapf_base/share/mapf_base/environment/ament_prefix_path.sh
[8.895s] -- Up-to-date symlink: /home/wei/ros2_map/install/mapf_base/share/mapf_base/environment/ament_prefix_path.dsv
[8.896s] -- Up-to-date symlink: /home/wei/ros2_map/install/mapf_base/share/mapf_base/environment/path.sh
[8.896s] -- Up-to-date symlink: /home/wei/ros2_map/install/mapf_base/share/mapf_base/environment/path.dsv
[8.896s] -- Up-to-date symlink: /home/wei/ros2_map/install/mapf_base/share/mapf_base/local_setup.bash
[8.896s] -- Up-to-date symlink: /home/wei/ros2_map/install/mapf_base/share/mapf_base/local_setup.sh
[8.896s] -- Up-to-date symlink: /home/wei/ros2_map/install/mapf_base/share/mapf_base/local_setup.zsh
[8.896s] -- Up-to-date symlink: /home/wei/ros2_map/install/mapf_base/share/mapf_base/local_setup.dsv
[8.896s] -- Symlinking: /home/wei/ros2_map/install/mapf_base/share/mapf_base/package.dsv
[8.902s] -- Up-to-date symlink: /home/wei/ros2_map/install/mapf_base/share/ament_index/resource_index/packages/mapf_base
[8.902s] -- Up-to-date symlink: /home/wei/ros2_map/install/mapf_base/share/mapf_base/cmake/ament_cmake_export_include_directories-extras.cmake
[8.902s] -- Up-to-date symlink: /home/wei/ros2_map/install/mapf_base/share/mapf_base/cmake/ament_cmake_export_dependencies-extras.cmake
[8.902s] -- Up-to-date symlink: /home/wei/ros2_map/install/mapf_base/share/mapf_base/cmake/mapf_baseConfig.cmake
[8.902s] -- Up-to-date symlink: /home/wei/ros2_map/install/mapf_base/share/mapf_base/cmake/mapf_baseConfig-version.cmake
[8.902s] -- Up-to-date symlink: /home/wei/ros2_map/install/mapf_base/share/mapf_base/package.xml
[8.903s] Invoked command in '/home/wei/ros2_map/build/mapf_base' returned '0': AMENT_PREFIX_PATH=/home/wei/ros2_map/install/mapf_ros:/home/wei/ros2_map/install/mapf_msgs:${AMENT_PREFIX_PATH} CMAKE_PREFIX_PATH=/home/wei/ros2_map/install/mapf_ros:/home/wei/ros2_map/install/mapf_msgs:/home/wei/Documents/ros2_ws/install/rover_description:/home/wei/Documents/ros2_ws/install/my_first_pkg:/opt/ros/humble LD_LIBRARY_PATH=/home/wei/ros2_map/install/mapf_ros/lib:/home/wei/ros2_map/install/mapf_msgs/lib:/usr/local/cuda-12.1/lib64:/usr/local/cuda-11.7/lib64:/usr/local/cuda-12.1/lib64:/usr/lib/x86_64-linux-gnu/gazebo-11/plugins:/opt/ros/humble/opt/rviz_ogre_vendor/lib:/opt/ros/humble/lib/x86_64-linux-gnu:/opt/ros/humble/lib:/usr/local/cuda-11.7/lib64 PYTHONPATH=/home/wei/ros2_map/install/mapf_msgs/local/lib/python3.10/dist-packages:${PYTHONPATH} /usr/bin/cmake --install /home/wei/ros2_map/build/mapf_base
